<html>
<body>
<pre>
<h1>µVision Build Log</h1>
<h2>Tool Versions:</h2>
IDE-Version: ¦ÌVision V5.18.0.0
Copyright (C) 2016 ARM Ltd and ARM Germany GmbH. All rights reserved.
License Information: 1231 bai, 123, LIC=32B1Q-NUDRT-45ST5-G0PUG-FR87N-56XAV
 
Tool Versions:
Toolchain:       MDK-ARM Standard  Version: 5.18
Toolchain Path:  D:\software_root\Keil5\ARM\ARMCC\Bin
C Compiler:      Armcc.exe V5.06 update 1 (build 61)
Assembler:       Armasm.exe V5.06 update 1 (build 61)
Linker/Locator:  ArmLink.exe V5.06 update 1 (build 61)
Library Manager: ArmAr.exe V5.06 update 1 (build 61)
Hex Converter:   FromElf.exe V5.06 update 1 (build 61)
CPU DLL:         SARMCM3.DLL V5.18
Dialog DLL:      DCM.DLL V1.13.6.0
Target DLL:      CMSIS_AGDI.dll V1.25.7.0
Dialog DLL:      TCM.DLL V1.14.8.0
 
<h2>Project:</h2>
C:\Users\bai\Desktop\DFH20220509\1208_chassic_38s\1013_BJG_1\MDK-ARM\1012_DFH_WZB.uvprojx
Project File Date:  05/10/2022

<h2>Output:</h2>
*** Using Compiler 'V5.06 update 1 (build 61)', folder: 'D:\software_root\Keil5\ARM\ARMCC\Bin'
Build target '1012_DFH_WZB'
assembling startup_stm32f407xx.s...
compiling dma.c...
compiling stm32f4xx_it.c...
compiling gpio.c...
compiling usart.c...
compiling tim.c...
compiling main.c...
compiling freertos.c...
compiling stm32f4xx_hal_msp.c...
compiling stm32f4xx_hal_flash_ex.c...
compiling stm32f4xx_hal_timebase_tim.c...
compiling stm32f4xx_hal_flash_ramfunc.c...
compiling stm32f4xx_hal_flash.c...
compiling stm32f4xx_hal_rcc_ex.c...
compiling stm32f4xx_hal_rcc.c...
compiling stm32f4xx_hal.c...
compiling stm32f4xx_hal_pwr_ex.c...
compiling stm32f4xx_hal_dma.c...
compiling stm32f4xx_hal_pwr.c...
compiling stm32f4xx_hal_cortex.c...
compiling stm32f4xx_hal_gpio.c...
compiling stm32f4xx_hal_dma_ex.c...
compiling croutine.c...
compiling event_groups.c...
compiling list.c...
compiling queue.c...
compiling stream_buffer.c...
compiling timers.c...
compiling tasks.c...
compiling heap_4.c...
compiling cmsis_os.c...
compiling port.c...
compiling stm32f4xx_hal_tim_ex.c...
compiling system_stm32f4xx.c...
compiling stm32f4xx_hal_exti.c...
compiling stm32f4xx_hal_uart.c...
compiling stm32f4xx_hal_tim.c...
compiling Collect_Init.c...
compiling chassis_task.c...
compiling DataScope_DP.C...
compiling bsp_sjg.c...
compiling bsp_uart.c...
compiling path_task.c...
compiling vision_task.c...
compiling bsp_bjg.c...
compiling bsp_limit.c...
compiling bsp_switch.c...
compiling filter.c...
compiling bsp_motor.c...
compiling bsp_gyro.c...
compiling bsp_openmv.c...
compiling bsp_servo.c...
compiling mat.c...
compiling pid.c...
linking...
Program Size: Code=25400 RO-data=548 RW-data=224 ZI-data=23064  
FromELF: creating hex file...
"1012_DFH_WZB\1012_DFH_WZB.axf" - 0 Error(s), 0 Warning(s).

<h2>Software Packages used:</h2>

Package Vendor: ARM
                http://www.keil.com/pack/ARM.CMSIS.4.5.0.pack
                ARM::CMSIS:CORE:4.3.0
                CMSIS (Cortex Microcontroller Software Interface Standard)
   * Component: CORE Version: 4.3.0

<h2>Collection of Component include folders:</h2>
  C:\Users\bai\Desktop\DFH20220509\1208_chassic_38s\1013_BJG_1\MDK-ARM\RTE
  D:\software_root\Keil5\ARM\PACK\ARM\CMSIS\4.5.0\CMSIS\Include
  D:\software_root\Keil5\ARM\PACK\Keil\STM32F4xx_DFP\2.2.0\Drivers\CMSIS\Device\ST\STM32F4xx\Include

<h2>Collection of Component Files used:</h2>

   * Component: ARM::CMSIS:CORE:4.3.0
Build Time Elapsed:  00:01:50
</pre>
</body>
</html>
