Component: ARM Compiler 5.06 update 1 (build 61) Tool: armlink [4d35a8]

==============================================================================

Section Cross References

    startup_stm32f407xx.o(STACK) refers (Special) to heapauxi.o(.text) for __use_two_region_memory
    startup_stm32f407xx.o(HEAP) refers (Special) to heapauxi.o(.text) for __use_two_region_memory
    startup_stm32f407xx.o(RESET) refers (Special) to heapauxi.o(.text) for __use_two_region_memory
    startup_stm32f407xx.o(RESET) refers to startup_stm32f407xx.o(STACK) for __initial_sp
    startup_stm32f407xx.o(RESET) refers to startup_stm32f407xx.o(.text) for Reset_Handler
    startup_stm32f407xx.o(RESET) refers to stm32f4xx_it.o(i.NMI_Handler) for NMI_Handler
    startup_stm32f407xx.o(RESET) refers to stm32f4xx_it.o(i.HardFault_Handler) for HardFault_Handler
    startup_stm32f407xx.o(RESET) refers to stm32f4xx_it.o(i.MemManage_Handler) for MemManage_Handler
    startup_stm32f407xx.o(RESET) refers to stm32f4xx_it.o(i.BusFault_Handler) for BusFault_Handler
    startup_stm32f407xx.o(RESET) refers to stm32f4xx_it.o(i.UsageFault_Handler) for UsageFault_Handler
    startup_stm32f407xx.o(RESET) refers to port.o(.emb_text) for SVC_Handler
    startup_stm32f407xx.o(RESET) refers to stm32f4xx_it.o(i.DebugMon_Handler) for DebugMon_Handler
    startup_stm32f407xx.o(RESET) refers to port.o(i.SysTick_Handler) for SysTick_Handler
    startup_stm32f407xx.o(RESET) refers to stm32f4xx_it.o(i.DMA1_Stream0_IRQHandler) for DMA1_Stream0_IRQHandler
    startup_stm32f407xx.o(RESET) refers to stm32f4xx_it.o(i.DMA1_Stream1_IRQHandler) for DMA1_Stream1_IRQHandler
    startup_stm32f407xx.o(RESET) refers to stm32f4xx_it.o(i.DMA1_Stream2_IRQHandler) for DMA1_Stream2_IRQHandler
    startup_stm32f407xx.o(RESET) refers to stm32f4xx_it.o(i.DMA1_Stream3_IRQHandler) for DMA1_Stream3_IRQHandler
    startup_stm32f407xx.o(RESET) refers to stm32f4xx_it.o(i.DMA1_Stream5_IRQHandler) for DMA1_Stream5_IRQHandler
    startup_stm32f407xx.o(RESET) refers to stm32f4xx_it.o(i.DMA1_Stream6_IRQHandler) for DMA1_Stream6_IRQHandler
    startup_stm32f407xx.o(RESET) refers to stm32f4xx_it.o(i.TIM1_BRK_TIM9_IRQHandler) for TIM1_BRK_TIM9_IRQHandler
    startup_stm32f407xx.o(RESET) refers to stm32f4xx_it.o(i.USART1_IRQHandler) for USART1_IRQHandler
    startup_stm32f407xx.o(RESET) refers to stm32f4xx_it.o(i.USART2_IRQHandler) for USART2_IRQHandler
    startup_stm32f407xx.o(RESET) refers to stm32f4xx_it.o(i.USART3_IRQHandler) for USART3_IRQHandler
    startup_stm32f407xx.o(RESET) refers to stm32f4xx_it.o(i.TIM8_CC_IRQHandler) for TIM8_CC_IRQHandler
    startup_stm32f407xx.o(RESET) refers to stm32f4xx_it.o(i.DMA1_Stream7_IRQHandler) for DMA1_Stream7_IRQHandler
    startup_stm32f407xx.o(RESET) refers to stm32f4xx_it.o(i.TIM5_IRQHandler) for TIM5_IRQHandler
    startup_stm32f407xx.o(RESET) refers to stm32f4xx_it.o(i.UART4_IRQHandler) for UART4_IRQHandler
    startup_stm32f407xx.o(RESET) refers to stm32f4xx_it.o(i.UART5_IRQHandler) for UART5_IRQHandler
    startup_stm32f407xx.o(RESET) refers to stm32f4xx_it.o(i.TIM6_DAC_IRQHandler) for TIM6_DAC_IRQHandler
    startup_stm32f407xx.o(RESET) refers to stm32f4xx_it.o(i.DMA2_Stream1_IRQHandler) for DMA2_Stream1_IRQHandler
    startup_stm32f407xx.o(RESET) refers to stm32f4xx_it.o(i.DMA2_Stream2_IRQHandler) for DMA2_Stream2_IRQHandler
    startup_stm32f407xx.o(RESET) refers to stm32f4xx_it.o(i.DMA2_Stream6_IRQHandler) for DMA2_Stream6_IRQHandler
    startup_stm32f407xx.o(RESET) refers to stm32f4xx_it.o(i.DMA2_Stream7_IRQHandler) for DMA2_Stream7_IRQHandler
    startup_stm32f407xx.o(RESET) refers to stm32f4xx_it.o(i.USART6_IRQHandler) for USART6_IRQHandler
    startup_stm32f407xx.o(.text) refers (Special) to heapauxi.o(.text) for __use_two_region_memory
    startup_stm32f407xx.o(.text) refers to system_stm32f4xx.o(i.SystemInit) for SystemInit
    startup_stm32f407xx.o(.text) refers to __main.o(!!!main) for __main
    startup_stm32f407xx.o(.text) refers to startup_stm32f407xx.o(HEAP) for Heap_Mem
    startup_stm32f407xx.o(.text) refers to startup_stm32f407xx.o(STACK) for Stack_Mem
    main.o(i.HAL_TIM_PeriodElapsedCallback) refers to stm32f4xx_hal.o(i.HAL_IncTick) for HAL_IncTick
    main.o(i.SystemClock_Config) refers to rt_memclr_w.o(.text) for __aeabi_memclr4
    main.o(i.SystemClock_Config) refers to stm32f4xx_hal_rcc.o(i.HAL_RCC_OscConfig) for HAL_RCC_OscConfig
    main.o(i.SystemClock_Config) refers to stm32f4xx_hal_rcc.o(i.HAL_RCC_ClockConfig) for HAL_RCC_ClockConfig
    main.o(i.main) refers to stm32f4xx_hal.o(i.HAL_Init) for HAL_Init
    main.o(i.main) refers to main.o(i.SystemClock_Config) for SystemClock_Config
    main.o(i.main) refers to gpio.o(i.MX_GPIO_Init) for MX_GPIO_Init
    main.o(i.main) refers to dma.o(i.MX_DMA_Init) for MX_DMA_Init
    main.o(i.main) refers to usart.o(i.MX_USART6_UART_Init) for MX_USART6_UART_Init
    main.o(i.main) refers to usart.o(i.MX_USART3_UART_Init) for MX_USART3_UART_Init
[...]
    .bss                                     0x20004e40   Section       44  chassis_task.o(.bss)
    .bss                                     0x20004e6c   Section       30  bsp_sjg.o(.bss)
    .bss                                     0x20004e8a   Section       10  bsp_sjg.o(.bss)
    .bss                                     0x20004e94   Section      100  bsp_bjg.o(.bss)
    .bss                                     0x20004ef8   Section       11  bsp_gyro.o(.bss)
    .bss                                     0x20004f03   Section       20  bsp_openmv.o(.bss)
    .bss                                     0x20004f18   Section      108  pid.o(.bss)
    .bss                                     0x20004f84   Section      108  pid.o(.bss)
    .bss                                     0x20004ff0   Section      108  pid.o(.bss)
    .bss                                     0x2000505c   Section      108  pid.o(.bss)
    .bss                                     0x200050c8   Section      108  pid.o(.bss)
    .bss                                     0x20005134   Section      108  pid.o(.bss)
    .bss                                     0x200051a0   Section      108  pid.o(.bss)
    .bss                                     0x2000520c   Section      108  pid.o(.bss)
    .bss                                     0x20005278   Section      108  pid.o(.bss)
    .bss                                     0x200052e4   Section      108  pid.o(.bss)
    .bss                                     0x20005350   Section      108  pid.o(.bss)
    .bss                                     0x200053bc   Section      108  pid.o(.bss)
    .bss                                     0x20005428   Section      108  pid.o(.bss)
    .bss                                     0x20005494   Section       96  libspace.o(.bss)
    HEAP                                     0x200054f8   Section      512  startup_stm32f407xx.o(HEAP)
    Heap_Mem                                 0x200054f8   Data         512  startup_stm32f407xx.o(HEAP)
    STACK                                    0x200056f8   Section     1024  startup_stm32f407xx.o(STACK)
    Stack_Mem                                0x200056f8   Data        1024  startup_stm32f407xx.o(STACK)
    __initial_sp                             0x20005af8   Data           0  startup_stm32f407xx.o(STACK)

    Global Symbols

    Symbol Name                              Value     Ov Type        Size  Object(Section)

    BuildAttributes$$THM_ISAv4$E$P$D$K$B$S$7EM$VFPi3$EXTD16$VFPS$VFMA$PE$A:L22UL41UL21$X:L11$S22US41US21$IEEE1$IW$USESV6$~STKCKD$USESV7$~SHL$OTIME$ROPI$IEEEX$EBA8$UX$STANDARDLIB$REQ8$PRES8$EABIv2 0x00000000   Number         0  anon$$obj.o ABSOLUTE
    __ARM_use_no_argv                        0x00000000   Number         0  main.o ABSOLUTE
    __ARM_exceptions_init                     - Undefined Weak Reference
    __alloca_initialize                       - Undefined Weak Reference
    __arm_preinit_                            - Undefined Weak Reference
    __cpp_initialize__aeabi_                  - Undefined Weak Reference
    __cxa_finalize                            - Undefined Weak Reference
    __rt_locale                               - Undefined Weak Reference
    __sigvec_lookup                           - Undefined Weak Reference
    _atexit_init                              - Undefined Weak Reference
    _call_atexit_fns                          - Undefined Weak Reference
    _clock_init                               - Undefined Weak Reference
    _fp_trap_init                             - Undefined Weak Reference
    _fp_trap_shutdown                         - Undefined Weak Reference
    _get_lc_collate                           - Undefined Weak Reference
    _get_lc_ctype                             - Undefined Weak Reference
    _get_lc_monetary                          - Undefined Weak Reference
    _get_lc_numeric                           - Undefined Weak Reference
    _get_lc_time                              - Undefined Weak Reference
    _getenv_init                              - Undefined Weak Reference
    _handle_redirection                       - Undefined Weak Reference
    _init_alloc                               - Undefined Weak Reference
    _init_user_alloc                          - Undefined Weak Reference
    _initio                                   - Undefined Weak Reference
    _rand_init                                - Undefined Weak Reference
    _signal_finish                            - Undefined Weak Reference
    _signal_init                              - Undefined Weak Reference
    _terminate_alloc                          - Undefined Weak Reference
    _terminate_user_alloc                     - Undefined Weak Reference
    _terminateio                              - Undefined Weak Reference
    __Vectors_Size                           0x00000188   Number         0  startup_stm32f407xx.o ABSOLUTE
    __Vectors                                0x08000000   Data           4  startup_stm32f407xx.o(RESET)
    __Vectors_End                            0x08000188   Data           0  startup_stm32f407xx.o(RESET)
    __main                                   0x08000189   Thumb Code     8  __main.o(!!!main)
    __scatterload                            0x08000191   Thumb Code     0  __scatter.o(!!!scatter)
    __scatterload_rt2                        0x08000191   Thumb Code    44  __scatter.o(!!!scatter)
    __scatterload_rt2_thumb_only             0x08000191   Thumb Code     0  __scatter.o(!!!scatter)
    __scatterload_null                       0x0800019f   Thumb Code     0  __scatter.o(!!!scatter)
    __scatterload_copy                       0x080001c5   Thumb Code    26  __scatter_copy.o(!!handler_copy)
    __scatterload_zeroinit                   0x080001e1   Thumb Code    28  __scatter_zi.o(!!handler_zi)
    __rt_lib_init                            0x080001fd   Thumb Code     0  libinit.o(.ARM.Collect$$libinit$$00000000)
    __rt_lib_init_fp_1                       0x080001ff   Thumb Code     0  libinit2.o(.ARM.Collect$$libinit$$00000001)
    __rt_lib_init_alloca_1                   0x08000203   Thumb Code     0  libinit2.o(.ARM.Collect$$libinit$$0000002E)
    __rt_lib_init_argv_1                     0x08000203   Thumb Code     0  libinit2.o(.ARM.Collect$$libinit$$0000002C)
    __rt_lib_init_atexit_1                   0x08000203   Thumb Code     0  libinit2.o(.ARM.Collect$$libinit$$0000001B)
    __rt_lib_init_clock_1                    0x08000203   Thumb Code     0  libinit2.o(.ARM.Collect$$libinit$$00000021)
    __rt_lib_init_cpp_1                      0x08000203   Thumb Code     0  libinit2.o(.ARM.Collect$$libinit$$00000032)
    __rt_lib_init_exceptions_1               0x08000203   Thumb Code     0  libinit2.o(.ARM.Collect$$libinit$$00000030)
    __rt_lib_init_fp_trap_1                  0x08000203   Thumb Code     0  libinit2.o(.ARM.Collect$$libinit$$0000001F)
    __rt_lib_init_getenv_1                   0x08000203   Thumb Code     0  libinit2.o(.ARM.Collect$$libinit$$00000023)
    __rt_lib_init_heap_1                     0x08000203   Thumb Code     0  libinit2.o(.ARM.Collect$$libinit$$0000000A)
    __rt_lib_init_lc_collate_1               0x08000203   Thumb Code     0  libinit2.o(.ARM.Collect$$libinit$$00000011)
    __rt_lib_init_lc_ctype_1                 0x08000203   Thumb Code     0  libinit2.o(.ARM.Collect$$libinit$$00000013)
    __rt_lib_init_lc_monetary_1              0x08000203   Thumb Code     0  libinit2.o(.ARM.Collect$$libinit$$00000015)
    __rt_lib_init_lc_numeric_1               0x08000203   Thumb Code     0  libinit2.o(.ARM.Collect$$libinit$$00000017)
    __rt_lib_init_lc_time_1                  0x08000203   Thumb Code     0  libinit2.o(.ARM.Collect$$libinit$$00000019)
    __rt_lib_init_preinit_1                  0x08000203   Thumb Code     0  libinit2.o(.ARM.Collect$$libinit$$00000004)
    __rt_lib_init_rand_1                     0x08000203   Thumb Code     0  libinit2.o(.ARM.Collect$$libinit$$0000000E)
    __rt_lib_init_return                     0x08000203   Thumb Code     0  libinit2.o(.ARM.Collect$$libinit$$00000033)
    __rt_lib_init_signal_1                   0x08000203   Thumb Code     0  libinit2.o(.ARM.Collect$$libinit$$0000001D)
    __rt_lib_init_stdio_1                    0x08000203   Thumb Code     0  libinit2.o(.ARM.Collect$$libinit$$00000025)
    __rt_lib_init_user_alloc_1               0x08000203   Thumb Code     0  libinit2.o(.ARM.Collect$$libinit$$0000000C)
    __rt_lib_shutdown                        0x08000205   Thumb Code     0  libshutdown.o(.ARM.Collect$$libshutdown$$00000000)
    __rt_lib_shutdown_cpp_1                  0x08000207   Thumb Code     0  libshutdown2.o(.ARM.Collect$$libshutdown$$00000002)
    __rt_lib_shutdown_fp_trap_1              0x08000207   Thumb Code     0  libshutdown2.o(.ARM.Collect$$libshutdown$$00000007)
    __rt_lib_shutdown_heap_1                 0x08000207   Thumb Code     0  libshutdown2.o(.ARM.Collect$$libshutdown$$0000000F)
    __rt_lib_shutdown_return                 0x08000207   Thumb Code     0  libshutdown2.o(.ARM.Collect$$libshutdown$$00000010)
    __rt_lib_shutdown_signal_1               0x08000207   Thumb Code     0  libshutdown2.o(.ARM.Collect$$libshutdown$$0000000A)
    __rt_lib_shutdown_stdio_1                0x08000207   Thumb Code     0  libshutdown2.o(.ARM.Collect$$libshutdown$$00000004)
    __rt_lib_shutdown_user_alloc_1           0x08000207   Thumb Code     0  libshutdown2.o(.ARM.Collect$$libshutdown$$0000000C)
    __rt_entry                               0x08000209   Thumb Code     0  __rtentry.o(.ARM.Collect$$rtentry$$00000000)
    __rt_entry_presh_1                       0x08000209   Thumb Code     0  __rtentry2.o(.ARM.Collect$$rtentry$$00000002)
    __rt_entry_sh                            0x08000209   Thumb Code     0  __rtentry4.o(.ARM.Collect$$rtentry$$00000004)
    __rt_entry_li                            0x0800020f   Thumb Code     0  __rtentry2.o(.ARM.Collect$$rtentry$$0000000A)
    __rt_entry_postsh_1                      0x0800020f   Thumb Code     0  __rtentry2.o(.ARM.Collect$$rtentry$$00000009)
    __rt_entry_main                          0x08000213   Thumb Code     0  __rtentry2.o(.ARM.Collect$$rtentry$$0000000D)
    __rt_entry_postli_1                      0x08000213   Thumb Code     0  __rtentry2.o(.ARM.Collect$$rtentry$$0000000C)
    __rt_exit                                0x0800021b   Thumb Code     0  rtexit.o(.ARM.Collect$$rtexit$$00000000)
    __rt_exit_ls                             0x0800021d   Thumb Code     0  rtexit2.o(.ARM.Collect$$rtexit$$00000003)
    __rt_exit_prels_1                        0x0800021d   Thumb Code     0  rtexit2.o(.ARM.Collect$$rtexit$$00000002)
    __rt_exit_exit                           0x08000221   Thumb Code     0  rtexit2.o(.ARM.Collect$$rtexit$$00000004)
    SVC_Handler                              0x08000229   Thumb Code    28  port.o(.emb_text)
    __asm___6_port_c_39a90d8d__prvStartFirstTask 0x08000249   Thumb Code    36  port.o(.emb_text)
    __asm___6_port_c_39a90d8d__prvEnableVFP  0x08000271   Thumb Code    16  port.o(.emb_text)
    PendSV_Handler                           0x08000285   Thumb Code    88  port.o(.emb_text)
    vPortGetIPSR                             0x080002e1   Thumb Code     6  port.o(.emb_text)
    Reset_Handler                            0x080002e9   Thumb Code     8  startup_stm32f407xx.o(.text)
    ADC_IRQHandler                           0x08000303   Thumb Code     0  startup_stm32f407xx.o(.text)
    CAN1_RX0_IRQHandler                      0x08000303   Thumb Code     0  startup_stm32f407xx.o(.text)
    CAN1_RX1_IRQHandler                      0x08000303   Thumb Code     0  startup_stm32f407xx.o(.text)
    CAN1_SCE_IRQHandler                      0x08000303   Thumb Code     0  startup_stm32f407xx.o(.text)
    CAN1_TX_IRQHandler                       0x08000303   Thumb Code     0  startup_stm32f407xx.o(.text)
    CAN2_RX0_IRQHandler                      0x08000303   Thumb Code     0  startup_stm32f407xx.o(.text)
    CAN2_RX1_IRQHandler                      0x08000303   Thumb Code     0  startup_stm32f407xx.o(.text)
    CAN2_SCE_IRQHandler                      0x08000303   Thumb Code     0  startup_stm32f407xx.o(.text)
    CAN2_TX_IRQHandler                       0x08000303   Thumb Code     0  startup_stm32f407xx.o(.text)
    DCMI_IRQHandler                          0x08000303   Thumb Code     0  startup_stm32f407xx.o(.text)
    DMA1_Stream4_IRQHandler                  0x08000303   Thumb Code     0  startup_stm32f407xx.o(.text)
    DMA2_Stream0_IRQHandler                  0x08000303   Thumb Code     0  startup_stm32f407xx.o(.text)
    DMA2_Stream3_IRQHandler                  0x08000303   Thumb Code     0  startup_stm32f407xx.o(.text)
    DMA2_Stream4_IRQHandler                  0x08000303   Thumb Code     0  startup_stm32f407xx.o(.text)
    DMA2_Stream5_IRQHandler                  0x08000303   Thumb Code     0  startup_stm32f407xx.o(.text)
    ETH_IRQHandler                           0x08000303   Thumb Code     0  startup_stm32f407xx.o(.text)
    ETH_WKUP_IRQHandler                      0x08000303   Thumb Code     0  startup_stm32f407xx.o(.text)
    EXTI0_IRQHandler                         0x08000303   Thumb Code     0  startup_stm32f407xx.o(.text)
    EXTI15_10_IRQHandler                     0x08000303   Thumb Code     0  startup_stm32f407xx.o(.text)
    EXTI1_IRQHandler                         0x08000303   Thumb Code     0  startup_stm32f407xx.o(.text)
    EXTI2_IRQHandler                         0x08000303   Thumb Code     0  startup_stm32f407xx.o(.text)
    EXTI3_IRQHandler                         0x08000303   Thumb Code     0  startup_stm32f407xx.o(.text)
    EXTI4_IRQHandler                         0x08000303   Thumb Code     0  startup_stm32f407xx.o(.text)
    EXTI9_5_IRQHandler                       0x08000303   Thumb Code     0  startup_stm32f407xx.o(.text)
    FLASH_IRQHandler                         0x08000303   Thumb Code     0  startup_stm32f407xx.o(.text)
    FMC_IRQHandler                           0x08000303   Thumb Code     0  startup_stm32f407xx.o(.text)
    FPU_IRQHandler                           0x08000303   Thumb Code     0  startup_stm32f407xx.o(.text)
    HASH_RNG_IRQHandler                      0x08000303   Thumb Code     0  startup_stm32f407xx.o(.text)
    I2C1_ER_IRQHandler                       0x08000303   Thumb Code     0  startup_stm32f407xx.o(.text)
    I2C1_EV_IRQHandler                       0x08000303   Thumb Code     0  startup_stm32f407xx.o(.text)
    I2C2_ER_IRQHandler                       0x08000303   Thumb Code     0  startup_stm32f407xx.o(.text)
    I2C2_EV_IRQHandler                       0x08000303   Thumb Code     0  startup_stm32f407xx.o(.text)
    I2C3_ER_IRQHandler                       0x08000303   Thumb Code     0  startup_stm32f407xx.o(.text)
    I2C3_EV_IRQHandler                       0x08000303   Thumb Code     0  startup_stm32f407xx.o(.text)
    OTG_FS_IRQHandler                        0x08000303   Thumb Code     0  startup_stm32f407xx.o(.text)
    OTG_FS_WKUP_IRQHandler                   0x08000303   Thumb Code     0  startup_stm32f407xx.o(.text)
    OTG_HS_EP1_IN_IRQHandler                 0x08000303   Thumb Code     0  startup_stm32f407xx.o(.text)
    OTG_HS_EP1_OUT_IRQHandler                0x08000303   Thumb Code     0  startup_stm32f407xx.o(.text)
    OTG_HS_IRQHandler                        0x08000303   Thumb Code     0  startup_stm32f407xx.o(.text)
    OTG_HS_WKUP_IRQHandler                   0x08000303   Thumb Code     0  startup_stm32f407xx.o(.text)
    PVD_IRQHandler                           0x08000303   Thumb Code     0  startup_stm32f407xx.o(.text)
    RCC_IRQHandler                           0x08000303   Thumb Code     0  startup_stm32f407xx.o(.text)
    RTC_Alarm_IRQHandler                     0x08000303   Thumb Code     0  startup_stm32f407xx.o(.text)
    RTC_WKUP_IRQHandler                      0x08000303   Thumb Code     0  startup_stm32f407xx.o(.text)
    SDIO_IRQHandler                          0x08000303   Thumb Code     0  startup_stm32f407xx.o(.text)
    SPI1_IRQHandler                          0x08000303   Thumb Code     0  startup_stm32f407xx.o(.text)
    SPI2_IRQHandler                          0x08000303   Thumb Code     0  startup_stm32f407xx.o(.text)
    SPI3_IRQHandler                          0x08000303   Thumb Code     0  startup_stm32f407xx.o(.text)
    TAMP_STAMP_IRQHandler                    0x08000303   Thumb Code     0  startup_stm32f407xx.o(.text)
    TIM1_CC_IRQHandler                       0x08000303   Thumb Code     0  startup_stm32f407xx.o(.text)
    TIM1_TRG_COM_TIM11_IRQHandler            0x08000303   Thumb Code     0  startup_stm32f407xx.o(.text)
    TIM1_UP_TIM10_IRQHandler                 0x08000303   Thumb Code     0  startup_stm32f407xx.o(.text)
    TIM2_IRQHandler                          0x08000303   Thumb Code     0  startup_stm32f407xx.o(.text)
    TIM3_IRQHandler                          0x08000303   Thumb Code     0  startup_stm32f407xx.o(.text)
    TIM4_IRQHandler                          0x08000303   Thumb Code     0  startup_stm32f407xx.o(.text)
    TIM7_IRQHandler                          0x08000303   Thumb Code     0  startup_stm32f407xx.o(.text)
    TIM8_BRK_TIM12_IRQHandler                0x08000303   Thumb Code     0  startup_stm32f407xx.o(.text)
    TIM8_TRG_COM_TIM14_IRQHandler            0x08000303   Thumb Code     0  startup_stm32f407xx.o(.text)
    TIM8_UP_TIM13_IRQHandler                 0x08000303   Thumb Code     0  startup_stm32f407xx.o(.text)
    WWDG_IRQHandler                          0x08000303   Thumb Code     0  startup_stm32f407xx.o(.text)
    __user_initial_stackheap                 0x08000305   Thumb Code     0  startup_stm32f407xx.o(.text)
    __aeabi_uldivmod                         0x08000329   Thumb Code     0  lludivv7m.o(.text)
    _ll_udiv                                 0x08000329   Thumb Code   238  lludivv7m.o(.text)
    __aeabi_memcpy                           0x08000417   Thumb Code     0  rt_memcpy_v6.o(.text)
    __rt_memcpy                              0x08000417   Thumb Code   138  rt_memcpy_v6.o(.text)
    _memcpy_lastbytes                        0x0800047d   Thumb Code     0  rt_memcpy_v6.o(.text)
    __aeabi_memcpy4                          0x080004a1   Thumb Code     0  rt_memcpy_w.o(.text)
    __aeabi_memcpy8                          0x080004a1   Thumb Code     0  rt_memcpy_w.o(.text)
    __rt_memcpy_w                            0x080004a1   Thumb Code   100  rt_memcpy_w.o(.text)
    _memcpy_lastbytes_aligned                0x080004e9   Thumb Code     0  rt_memcpy_w.o(.text)
    __aeabi_memclr4                          0x08000505   Thumb Code     0  rt_memclr_w.o(.text)
    __aeabi_memclr8                          0x08000505   Thumb Code     0  rt_memclr_w.o(.text)
    __rt_memclr_w                            0x08000505   Thumb Code    78  rt_memclr_w.o(.text)
    _memset_w                                0x08000509   Thumb Code     0  rt_memclr_w.o(.text)
    __use_two_region_memory                  0x08000553   Thumb Code     2  heapauxi.o(.text)
    __rt_heap_escrow$2region                 0x08000555   Thumb Code     2  heapauxi.o(.text)
    __rt_heap_expand$2region                 0x08000557   Thumb Code     2  heapauxi.o(.text)
    __user_libspace                          0x08000559   Thumb Code     8  libspace.o(.text)
    __user_perproc_libspace                  0x08000559   Thumb Code     0  libspace.o(.text)
    __user_perthread_libspace                0x08000559   Thumb Code     0  libspace.o(.text)
    __user_setup_stackheap                   0x08000561   Thumb Code    74  sys_stackheap_outer.o(.text)
    exit                                     0x080005ab   Thumb Code    18  exit.o(.text)
    _sys_exit                                0x080005bd   Thumb Code     8  sys_exit.o(.text)
    __I$use$semihosting                      0x080005c9   Thumb Code     0  use_no_semi.o(.text)
    __use_no_semihosting_swi                 0x080005c9   Thumb Code     2  use_no_semi.o(.text)
    BusFault_Handler                         0x080005cb   Thumb Code     2  stm32f4xx_it.o(i.BusFault_Handler)
    __semihosting_library_function           0x080005cb   Thumb Code     0  indicate_semi.o(.text)
    Chassis_Init                             0x080005cd   Thumb Code   368  chassis_task.o(i.Chassis_Init)
    Chassis_TASK                             0x0800079d   Thumb Code    18  freertos.o(i.Chassis_TASK)
    Chassis_Task                             0x080007b1   Thumb Code    24  chassis_task.o(i.Chassis_Task)
    DMA1_Stream0_IRQHandler                  0x080007cd   Thumb Code     6  stm32f4xx_it.o(i.DMA1_Stream0_IRQHandler)
    DMA1_Stream1_IRQHandler                  0x080007d9   Thumb Code     6  stm32f4xx_it.o(i.DMA1_Stream1_IRQHandler)
    DMA1_Stream2_IRQHandler                  0x080007e5   Thumb Code     6  stm32f4xx_it.o(i.DMA1_Stream2_IRQHandler)
    DMA1_Stream3_IRQHandler                  0x080007f1   Thumb Code     6  stm32f4xx_it.o(i.DMA1_Stream3_IRQHandler)
    DMA1_Stream5_IRQHandler                  0x080007fd   Thumb Code     6  stm32f4xx_it.o(i.DMA1_Stream5_IRQHandler)
    DMA1_Stream6_IRQHandler                  0x08000809   Thumb Code     6  stm32f4xx_it.o(i.DMA1_Stream6_IRQHandler)
    DMA1_Stream7_IRQHandler                  0x08000815   Thumb Code     6  stm32f4xx_it.o(i.DMA1_Stream7_IRQHandler)
    DMA2_Stream1_IRQHandler                  0x08000821   Thumb Code     6  stm32f4xx_it.o(i.DMA2_Stream1_IRQHandler)
    DMA2_Stream2_IRQHandler                  0x0800082d   Thumb Code     6  stm32f4xx_it.o(i.DMA2_Stream2_IRQHandler)
    DMA2_Stream6_IRQHandler                  0x08000839   Thumb Code     6  stm32f4xx_it.o(i.DMA2_Stream6_IRQHandler)
    DMA2_Stream7_IRQHandler                  0x08000845   Thumb Code     6  stm32f4xx_it.o(i.DMA2_Stream7_IRQHandler)
    Data_Collect_Init                        0x080008f5   Thumb Code    30  collect_init.o(i.Data_Collect_Init)
    DebugMon_Handler                         0x08000913   Thumb Code     2  stm32f4xx_it.o(i.DebugMon_Handler)
    Ecd_Pid_Cal                              0x08000915   Thumb Code   788  chassis_task.o(i.Ecd_Pid_Cal)
    Error_Handler                            0x08000c6d   Thumb Code     2  main.o(i.Error_Handler)
    Get_Angle                                0x08000c71   Thumb Code   178  bsp_gyro.o(i.Get_Angle)
    Get_Data_From_TOF0                       0x08000d45   Thumb Code    24  bsp_sjg.o(i.Get_Data_From_TOF0)
    Get_ID_From_TOF0                         0x08000d5d   Thumb Code    24  bsp_sjg.o(i.Get_ID_From_TOF0)
    HAL_DMA_Abort                            0x08000d75   Thumb Code   142  stm32f4xx_hal_dma.o(i.HAL_DMA_Abort)
    HAL_DMA_Abort_IT                         0x08000e03   Thumb Code    36  stm32f4xx_hal_dma.o(i.HAL_DMA_Abort_IT)
    HAL_DMA_IRQHandler                       0x08000e29   Thumb Code   412  stm32f4xx_hal_dma.o(i.HAL_DMA_IRQHandler)
    HAL_DMA_Init                             0x08000fc9   Thumb Code   206  stm32f4xx_hal_dma.o(i.HAL_DMA_Init)
    HAL_DMA_Start_IT                         0x0800109d   Thumb Code   110  stm32f4xx_hal_dma.o(i.HAL_DMA_Start_IT)
    HAL_Delay                                0x0800110d   Thumb Code    32  stm32f4xx_hal.o(i.HAL_Delay)
    HAL_GPIO_Init                            0x08001131   Thumb Code   394  stm32f4xx_hal_gpio.o(i.HAL_GPIO_Init)
    HAL_GPIO_WritePin                        0x080012e9   Thumb Code    10  stm32f4xx_hal_gpio.o(i.HAL_GPIO_WritePin)
    HAL_GetTick                              0x080012f5   Thumb Code     6  stm32f4xx_hal.o(i.HAL_GetTick)
    HAL_IncTick                              0x08001301   Thumb Code    12  stm32f4xx_hal.o(i.HAL_IncTick)
    HAL_Init                                 0x08001311   Thumb Code    48  stm32f4xx_hal.o(i.HAL_Init)
    HAL_InitTick                             0x08001345   Thumb Code   100  stm32f4xx_hal_timebase_tim.o(i.HAL_InitTick)
    HAL_MspInit                              0x080013b9   Thumb Code    42  stm32f4xx_hal_msp.o(i.HAL_MspInit)
    HAL_NVIC_EnableIRQ                       0x080013e9   Thumb Code    26  stm32f4xx_hal_cortex.o(i.HAL_NVIC_EnableIRQ)
    HAL_NVIC_SetPriority                     0x08001405   Thumb Code    60  stm32f4xx_hal_cortex.o(i.HAL_NVIC_SetPriority)
    HAL_NVIC_SetPriorityGrouping             0x08001445   Thumb Code    26  stm32f4xx_hal_cortex.o(i.HAL_NVIC_SetPriorityGrouping)
    HAL_RCC_ClockConfig                      0x08001469   Thumb Code   288  stm32f4xx_hal_rcc.o(i.HAL_RCC_ClockConfig)
    HAL_RCC_GetClockConfig                   0x0800159d   Thumb Code    54  stm32f4xx_hal_rcc.o(i.HAL_RCC_GetClockConfig)
    HAL_RCC_GetPCLK1Freq                     0x080015dd   Thumb Code    20  stm32f4xx_hal_rcc.o(i.HAL_RCC_GetPCLK1Freq)
    HAL_RCC_GetPCLK2Freq                     0x080015fd   Thumb Code    20  stm32f4xx_hal_rcc.o(i.HAL_RCC_GetPCLK2Freq)
    HAL_RCC_GetSysClockFreq                  0x0800161d   Thumb Code    88  stm32f4xx_hal_rcc.o(i.HAL_RCC_GetSysClockFreq)
    HAL_RCC_OscConfig                        0x08001681   Thumb Code   840  stm32f4xx_hal_rcc.o(i.HAL_RCC_OscConfig)
    HAL_TIMEx_BreakCallback                  0x080019dd   Thumb Code     2  stm32f4xx_hal_tim_ex.o(i.HAL_TIMEx_BreakCallback)
    HAL_TIMEx_CommutCallback                 0x080019df   Thumb Code     2  stm32f4xx_hal_tim_ex.o(i.HAL_TIMEx_CommutCallback)
    HAL_TIMEx_MasterConfigSynchronization    0x080019e1   Thumb Code   116  stm32f4xx_hal_tim_ex.o(i.HAL_TIMEx_MasterConfigSynchronization)
    HAL_TIM_Base_Init                        0x08001a71   Thumb Code    54  stm32f4xx_hal_tim.o(i.HAL_TIM_Base_Init)
    HAL_TIM_Base_MspInit                     0x08001aa9   Thumb Code   142  tim.o(i.HAL_TIM_Base_MspInit)
    HAL_TIM_Base_Start_IT                    0x08001b51   Thumb Code    34  stm32f4xx_hal_tim.o(i.HAL_TIM_Base_Start_IT)
    HAL_TIM_ConfigClockSource                0x08001b73   Thumb Code   214  stm32f4xx_hal_tim.o(i.HAL_TIM_ConfigClockSource)
    HAL_TIM_Encoder_Init                     0x08001c49   Thumb Code   152  stm32f4xx_hal_tim.o(i.HAL_TIM_Encoder_Init)
    HAL_TIM_Encoder_MspInit                  0x08001ce1   Thumb Code   386  tim.o(i.HAL_TIM_Encoder_MspInit)
    HAL_TIM_Encoder_Start                    0x08001e8d   Thumb Code    52  stm32f4xx_hal_tim.o(i.HAL_TIM_Encoder_Start)
    HAL_TIM_IC_CaptureCallback               0x08001ec1   Thumb Code     2  stm32f4xx_hal_tim.o(i.HAL_TIM_IC_CaptureCallback)
    HAL_TIM_IRQHandler                       0x08001ec3   Thumb Code   358  stm32f4xx_hal_tim.o(i.HAL_TIM_IRQHandler)
    HAL_TIM_MspPostInit                      0x08002029   Thumb Code   270  tim.o(i.HAL_TIM_MspPostInit)
    HAL_TIM_OC_DelayElapsedCallback          0x08002161   Thumb Code     2  stm32f4xx_hal_tim.o(i.HAL_TIM_OC_DelayElapsedCallback)
    HAL_TIM_PWM_ConfigChannel                0x08002163   Thumb Code   208  stm32f4xx_hal_tim.o(i.HAL_TIM_PWM_ConfigChannel)
    HAL_TIM_PWM_Init                         0x08002233   Thumb Code    54  stm32f4xx_hal_tim.o(i.HAL_TIM_PWM_Init)
    HAL_TIM_PWM_MspInit                      0x08002269   Thumb Code    30  tim.o(i.HAL_TIM_PWM_MspInit)
    HAL_TIM_PWM_PulseFinishedCallback        0x08002291   Thumb Code     2  stm32f4xx_hal_tim.o(i.HAL_TIM_PWM_PulseFinishedCallback)
    HAL_TIM_PWM_Start                        0x08002295   Thumb Code    58  stm32f4xx_hal_tim.o(i.HAL_TIM_PWM_Start)
    HAL_TIM_PeriodElapsedCallback            0x080022d9   Thumb Code    14  main.o(i.HAL_TIM_PeriodElapsedCallback)
    HAL_TIM_TriggerCallback                  0x080022ed   Thumb Code     2  stm32f4xx_hal_tim.o(i.HAL_TIM_TriggerCallback)
    HAL_UART_DMAStop                         0x080022ef   Thumb Code    88  stm32f4xx_hal_uart.o(i.HAL_UART_DMAStop)
    HAL_UART_ErrorCallback                   0x08002347   Thumb Code     2  stm32f4xx_hal_uart.o(i.HAL_UART_ErrorCallback)
    HAL_UART_IRQHandler                      0x08002349   Thumb Code   270  stm32f4xx_hal_uart.o(i.HAL_UART_IRQHandler)
    HAL_UART_Init                            0x0800245d   Thumb Code    98  stm32f4xx_hal_uart.o(i.HAL_UART_Init)
    HAL_UART_MspInit                         0x080024c1   Thumb Code  1118  usart.o(i.HAL_UART_MspInit)
    HAL_UART_Receive_DMA                     0x08002921   Thumb Code   138  stm32f4xx_hal_uart.o(i.HAL_UART_Receive_DMA)
    HAL_UART_RxCpltCallback                  0x080029b9   Thumb Code     2  stm32f4xx_hal_uart.o(i.HAL_UART_RxCpltCallback)
    HAL_UART_RxHalfCpltCallback              0x080029bb   Thumb Code     2  stm32f4xx_hal_uart.o(i.HAL_UART_RxHalfCpltCallback)
    HAL_UART_Transmit                        0x080029bd   Thumb Code   186  stm32f4xx_hal_uart.o(i.HAL_UART_Transmit)
    HAL_UART_TxCpltCallback                  0x08002a77   Thumb Code     2  stm32f4xx_hal_uart.o(i.HAL_UART_TxCpltCallback)
    HardFault_Handler                        0x08002a79   Thumb Code     2  stm32f4xx_it.o(i.HardFault_Handler)
    HexToChar                                0x08002a7b   Thumb Code    42  mat.o(i.HexToChar)
    MX_DMA_Init                              0x08002aa5   Thumb Code   216  dma.o(i.MX_DMA_Init)
    MX_FREERTOS_Init                         0x08002b81   Thumb Code   112  freertos.o(i.MX_FREERTOS_Init)
    MX_GPIO_Init                             0x08002bf9   Thumb Code   316  gpio.o(i.MX_GPIO_Init)
    MX_TIM10_Init                            0x08002d49   Thumb Code    96  tim.o(i.MX_TIM10_Init)
    MX_TIM11_Init                            0x08002db1   Thumb Code    96  tim.o(i.MX_TIM11_Init)
    MX_TIM12_Init                            0x08002e19   Thumb Code    82  tim.o(i.MX_TIM12_Init)
    MX_TIM13_Init                            0x08002e75   Thumb Code    94  tim.o(i.MX_TIM13_Init)
    MX_TIM14_Init                            0x08002edd   Thumb Code    94  tim.o(i.MX_TIM14_Init)
    MX_TIM1_Init                             0x08002f45   Thumb Code   100  tim.o(i.MX_TIM1_Init)
    MX_TIM2_Init                             0x08002fb1   Thumb Code   100  tim.o(i.MX_TIM2_Init)
    MX_TIM3_Init                             0x08003019   Thumb Code    98  tim.o(i.MX_TIM3_Init)
    MX_TIM4_Init                             0x08003085   Thumb Code    98  tim.o(i.MX_TIM4_Init)
    MX_TIM5_Init                             0x080030f1   Thumb Code   178  tim.o(i.MX_TIM5_Init)
    MX_TIM8_Init                             0x080031ad   Thumb Code   102  tim.o(i.MX_TIM8_Init)
    MX_UART4_Init                            0x0800321d   Thumb Code    48  usart.o(i.MX_UART4_Init)
    MX_UART5_Init                            0x08003255   Thumb Code    48  usart.o(i.MX_UART5_Init)
    MX_USART1_UART_Init                      0x0800328d   Thumb Code    48  usart.o(i.MX_USART1_UART_Init)
    MX_USART2_UART_Init                      0x080032c5   Thumb Code    48  usart.o(i.MX_USART2_UART_Init)
    MX_USART3_UART_Init                      0x080032fd   Thumb Code    48  usart.o(i.MX_USART3_UART_Init)
    MX_USART6_UART_Init                      0x08003335   Thumb Code    48  usart.o(i.MX_USART6_UART_Init)
    MemManage_Handler                        0x0800336d   Thumb Code     2  stm32f4xx_it.o(i.MemManage_Handler)
    NMI_Handler                              0x0800336f   Thumb Code     2  stm32f4xx_it.o(i.NMI_Handler)
    PID_CAL                                  0x08003371   Thumb Code   262  chassis_task.o(i.PID_CAL)
    PID_struct_init                          0x080034a9   Thumb Code    16  pid.o(i.PID_struct_init)
    Path_Eight                               0x080034c1   Thumb Code    96  path_task.o(i.Path_Eight)
    Path_Eleven                              0x0800352d   Thumb Code    84  path_task.o(i.Path_Eleven)
    Path_Five                                0x0800358d   Thumb Code   104  path_task.o(i.Path_Five)
    Path_Four                                0x08003601   Thumb Code   106  path_task.o(i.Path_Four)
    Path_Night                               0x08003679   Thumb Code   104  path_task.o(i.Path_Night)
    Path_One                                 0x080036ed   Thumb Code    84  path_task.o(i.Path_One)
    Path_Seven                               0x0800374d   Thumb Code   106  path_task.o(i.Path_Seven)
    Path_Six                                 0x080037c5   Thumb Code    80  path_task.o(i.Path_Six)
    Path_TASK                                0x08003821   Thumb Code    18  freertos.o(i.Path_TASK)
    Path_Task                                0x08003835   Thumb Code   136  path_task.o(i.Path_Task)
    Path_Ten                                 0x080038c1   Thumb Code    80  path_task.o(i.Path_Ten)
    Path_Three                               0x0800391d   Thumb Code    92  path_task.o(i.Path_Three)
    Path_Twelve                              0x08003981   Thumb Code    78  path_task.o(i.Path_Twelve)
    Path_Two                                 0x080039dd   Thumb Code    80  path_task.o(i.Path_Two)
    Ramp_Stop                                0x08003a39   Thumb Code    42  chassis_task.o(i.Ramp_Stop)
    Send_Data_To_UART                        0x08003a69   Thumb Code    14  bsp_sjg.o(i.Send_Data_To_UART)
    Speed_Pid_Cal                            0x08003a7d   Thumb Code    26  chassis_task.o(i.Speed_Pid_Cal)
    StartDefaultTask                         0x08003a9d   Thumb Code     8  freertos.o(i.StartDefaultTask)
    SysTick_Handler                          0x08003aa5   Thumb Code    38  port.o(i.SysTick_Handler)
    SystemClock_Config                       0x08003ad1   Thumb Code   124  main.o(i.SystemClock_Config)
    SystemInit                               0x08003b55   Thumb Code    22  system_stm32f4xx.o(i.SystemInit)
    T0f_Conversion_HEX                       0x08003b71   Thumb Code   208  mat.o(i.T0f_Conversion_HEX)
    TIM1_BRK_TIM9_IRQHandler                 0x08003c41   Thumb Code     6  stm32f4xx_it.o(i.TIM1_BRK_TIM9_IRQHandler)
    TIM5_IRQHandler                          0x08003c4d   Thumb Code     6  stm32f4xx_it.o(i.TIM5_IRQHandler)
    TIM6_DAC_IRQHandler                      0x08003c59   Thumb Code     6  stm32f4xx_it.o(i.TIM6_DAC_IRQHandler)
    TIM8_CC_IRQHandler                       0x08003c65   Thumb Code     6  stm32f4xx_it.o(i.TIM8_CC_IRQHandler)
    TIM_Base_SetConfig                       0x08003c71   Thumb Code   156  stm32f4xx_hal_tim.o(i.TIM_Base_SetConfig)
    TIM_CCxChannelCmd                        0x08003d39   Thumb Code    26  stm32f4xx_hal_tim.o(i.TIM_CCxChannelCmd)
    TIM_ETR_SetConfig                        0x08003d53   Thumb Code    20  stm32f4xx_hal_tim.o(i.TIM_ETR_SetConfig)
    TIM_OC2_SetConfig                        0x08003dd9   Thumb Code    98  stm32f4xx_hal_tim.o(i.TIM_OC2_SetConfig)
    Tof_Init                                 0x08003f45   Thumb Code    72  bsp_sjg.o(i.Tof_Init)
    Turn                                     0x08003f95   Thumb Code   170  path_task.o(i.Turn)
    UART4_IRQHandler                         0x08004065   Thumb Code    18  stm32f4xx_it.o(i.UART4_IRQHandler)
    UART5_IRQHandler                         0x0800407d   Thumb Code    18  stm32f4xx_it.o(i.UART5_IRQHandler)
    USART1_IRQHandler                        0x080043e9   Thumb Code    18  stm32f4xx_it.o(i.USART1_IRQHandler)
    USART2_IRQHandler                        0x08004401   Thumb Code    16  stm32f4xx_it.o(i.USART2_IRQHandler)
    USART3_IRQHandler                        0x08004415   Thumb Code    18  stm32f4xx_it.o(i.USART3_IRQHandler)
    USART6_IRQHandler                        0x0800442d   Thumb Code    18  stm32f4xx_it.o(i.USART6_IRQHandler)
    USER_UART_IDLECallback                   0x08004445   Thumb Code   132  collect_init.o(i.USER_UART_IDLECallback)
    USER_UART_IRQHandler                     0x080044fd   Thumb Code    38  bsp_uart.o(i.USER_UART_IRQHandler)
    UsageFault_Handler                       0x08004523   Thumb Code     2  stm32f4xx_it.o(i.UsageFault_Handler)
    VisionInit                               0x08004525   Thumb Code    22  bsp_openmv.o(i.VisionInit)
    Vision_TASK                              0x08004545   Thumb Code    10  freertos.o(i.Vision_TASK)
    Vision_Task_Init                         0x08004551   Thumb Code    90  vision_task.o(i.Vision_Task_Init)
    WT101_Init                               0x080045cd   Thumb Code    26  bsp_gyro.o(i.WT101_Init)
    abs_limit                                0x08004611   Thumb Code    48  pid.o(i.abs_limit)
    aim_yellow                               0x08004641   Thumb Code    72  vision_task.o(i.aim_yellow)
    bsp_Stop                                 0x08004699   Thumb Code   112  bsp_motor.o(i.bsp_Stop)
    main                                     0x08004731   Thumb Code   110  main.o(i.main)
    mecanum_calc                             0x080047b5   Thumb Code   126  chassis_task.o(i.mecanum_calc)
    mecanum_run                              0x08004835   Thumb Code    30  chassis_task.o(i.mecanum_run)
    osDelay                                  0x08004859   Thumb Code    14  cmsis_os.o(i.osDelay)
    osKernelStart                            0x08004867   Thumb Code    10  cmsis_os.o(i.osKernelStart)
    osThreadCreate                           0x08004871   Thumb Code    84  cmsis_os.o(i.osThreadCreate)
    osTimerCreate                            0x080048c5   Thumb Code    60  cmsis_os.o(i.osTimerCreate)
    osTimerStart                             0x08004905   Thumb Code    88  cmsis_os.o(i.osTimerStart)
    pid_calc                                 0x08004961   Thumb Code   482  pid.o(i.pid_calc)
    pvPortMalloc                             0x08005321   Thumb Code   210  heap_4.o(i.pvPortMalloc)
    pxPortInitialiseStack                    0x080053f9   Thumb Code    40  port.o(i.pxPortInitialiseStack)
    servo_init                               0x08005425   Thumb Code    38  bsp_servo.o(i.servo_init)
    set_pwm                                  0x08005451   Thumb Code   220  bsp_motor.o(i.set_pwm)
    switch_mode                              0x08005549   Thumb Code    16  chassis_task.o(i.switch_mode)
    uxListRemove                             0x08005561   Thumb Code    38  list.o(i.uxListRemove)
    vApplicationGetIdleTaskMemory            0x08005589   Thumb Code    16  freertos.o(i.vApplicationGetIdleTaskMemory)
    vApplicationGetTimerTaskMemory           0x0800559d   Thumb Code    18  freertos.o(i.vApplicationGetTimerTaskMemory)
    vGetSwitchStatus                         0x080055b5   Thumb Code    32  bsp_switch.o(i.vGetSwitchStatus)
    vListInitialise                          0x080055e1   Thumb Code    22  list.o(i.vListInitialise)
    vListInitialiseItem                      0x080055f7   Thumb Code     6  list.o(i.vListInitialiseItem)
    vListInsert                              0x080055fd   Thumb Code    48  list.o(i.vListInsert)
    vListInsertEnd                           0x0800562d   Thumb Code    24  list.o(i.vListInsertEnd)
    vPortEnterCritical                       0x08005645   Thumb Code    54  port.o(i.vPortEnterCritical)
    vPortExitCritical                        0x08005685   Thumb Code    34  port.o(i.vPortExitCritical)
    vPortFree                                0x080056ad   Thumb Code    88  heap_4.o(i.vPortFree)
    vPortSetupTimerInterrupt                 0x08005709   Thumb Code    32  port.o(i.vPortSetupTimerInterrupt)
    vPortValidateInterruptPriority           0x0800572d   Thumb Code    74  port.o(i.vPortValidateInterruptPriority)
    vQueueAddToRegistry                      0x08005781   Thumb Code    34  queue.o(i.vQueueAddToRegistry)
    vQueueWaitForMessageRestricted           0x080057a9   Thumb Code    68  queue.o(i.vQueueWaitForMessageRestricted)
    vTFminiPlusInit                          0x080057ed   Thumb Code    50  bsp_bjg.o(i.vTFminiPlusInit)
    vTaskDelay                               0x0800582d   Thumb Code    66  tasks.o(i.vTaskDelay)
    vTaskInternalSetTimeOutState             0x08005879   Thumb Code    12  tasks.o(i.vTaskInternalSetTimeOutState)
    vTaskMissedYield                         0x08005889   Thumb Code     8  tasks.o(i.vTaskMissedYield)
    vTaskPlaceOnEventList                    0x08005895   Thumb Code    44  tasks.o(i.vTaskPlaceOnEventList)
    vTaskPlaceOnEventListRestricted          0x080058c5   Thumb Code    52  tasks.o(i.vTaskPlaceOnEventListRestricted)
    vTaskStartScheduler                      0x080058fd   Thumb Code   118  tasks.o(i.vTaskStartScheduler)
    vTaskSuspendAll                          0x08005985   Thumb Code    10  tasks.o(i.vTaskSuspendAll)
    vTaskSwitchContext                       0x08005995   Thumb Code    82  tasks.o(i.vTaskSwitchContext)
    vTfBackGetData                           0x080059f1   Thumb Code    40  bsp_bjg.o(i.vTfBackGetData)
    vTfFrontGetData                          0x08005a1d   Thumb Code    34  bsp_bjg.o(i.vTfFrontGetData)
    vVisionGetData                           0x08005a45   Thumb Code    42  bsp_openmv.o(i.vVisionGetData)
    xPortStartScheduler                      0x08005a75   Thumb Code   222  port.o(i.xPortStartScheduler)
    xQueueGenericCreateStatic                0x08005b69   Thumb Code   102  queue.o(i.xQueueGenericCreateStatic)
    xQueueGenericReset                       0x08005bd1   Thumb Code   132  queue.o(i.xQueueGenericReset)
    xQueueGenericSend                        0x08005c59   Thumb Code   346  queue.o(i.xQueueGenericSend)
    xQueueGenericSendFromISR                 0x08005db9   Thumb Code   188  queue.o(i.xQueueGenericSendFromISR)
    xQueueReceive                            0x08005e75   Thumb Code   308  queue.o(i.xQueueReceive)
    xTaskCheckForTimeOut                     0x08005fad   Thumb Code   112  tasks.o(i.xTaskCheckForTimeOut)
    xTaskCreate                              0x08006021   Thumb Code    90  tasks.o(i.xTaskCreate)
    xTaskCreateStatic                        0x0800607b   Thumb Code    86  tasks.o(i.xTaskCreateStatic)
    xTaskGetSchedulerState                   0x080060d1   Thumb Code    22  tasks.o(i.xTaskGetSchedulerState)
    xTaskGetTickCount                        0x080060ed   Thumb Code     6  tasks.o(i.xTaskGetTickCount)
    xTaskIncrementTick                       0x080060f9   Thumb Code   192  tasks.o(i.xTaskIncrementTick)
    xTaskPriorityDisinherit                  0x080061c1   Thumb Code   144  tasks.o(i.xTaskPriorityDisinherit)
    xTaskRemoveFromEventList                 0x08006259   Thumb Code   108  tasks.o(i.xTaskRemoveFromEventList)
    xTaskResumeAll                           0x080062cd   Thumb Code   182  tasks.o(i.xTaskResumeAll)
    xTimerCreate                             0x08006391   Thumb Code    52  timers.o(i.xTimerCreate)
    xTimerCreateStatic                       0x080063c5   Thumb Code    46  timers.o(i.xTimerCreateStatic)
    xTimerCreateTimerTask                    0x080063f5   Thumb Code    78  timers.o(i.xTimerCreateTimerTask)
    xTimerGenericCommand                     0x08006455   Thumb Code    92  timers.o(i.xTimerGenericCommand)
    _fp_init                                 0x080064b5   Thumb Code    10  fpinit.o(x$fpl$fpinit)
    __fplib_config_fpu_vfp                   0x080064bd   Thumb Code     0  fpinit.o(x$fpl$fpinit)
    __fplib_config_pureend_doubles           0x080064bd   Thumb Code     0  fpinit.o(x$fpl$fpinit)
    AHBPrescTable                            0x08006510   Data          16  system_stm32f4xx.o(.constdata)
    APBPrescTable                            0x08006520   Data           8  system_stm32f4xx.o(.constdata)
    Region$$Table$$Base                      0x0800653c   Number         0  anon$$obj.o(Region$$Table)
    Region$$Table$$Limit                     0x0800655c   Number         0  anon$$obj.o(Region$$Table)
    defaultTaskHandle                        0x20000000   Data           4  freertos.o(.data)
    VisionHandle                             0x20000004   Data           4  freertos.o(.data)
    ChassisHandle                            0x20000008   Data           4  freertos.o(.data)
    PathHandle                               0x2000000c   Data           4  freertos.o(.data)
    uwTickFreq                               0x20000010   Data           1  stm32f4xx_hal.o(.data)
    uwTickPrio                               0x20000014   Data           4  stm32f4xx_hal.o(.data)
    uwTick                                   0x20000018   Data           4  stm32f4xx_hal.o(.data)
    SystemCoreClock                          0x2000001c   Data           4  system_stm32f4xx.o(.data)
    pxCurrentTCB                             0x20000020   Data           4  tasks.o(.data)
    BR                                       0x20000094   Data           4  collect_init.o(.data)
    BL                                       0x20000098   Data           4  collect_init.o(.data)
    FR                                       0x2000009c   Data           4  collect_init.o(.data)
    FL                                       0x200000a0   Data           4  collect_init.o(.data)
    tof1                                     0x200000a4   Data           4  collect_init.o(.data)
    Ctrl_Mode                                0x200000a8   Data           1  chassis_task.o(.data)
    wall_flag                                0x200000a9   Data           1  chassis_task.o(.data)
    wall_distance                            0x200000aa   Data           2  chassis_task.o(.data)
    wall_distance_aim                        0x200000ac   Data           2  chassis_task.o(.data)
    stop_time                                0x200000b0   Data           4  chassis_task.o(.data)
    path_flag                                0x200000b4   Data           1  path_task.o(.data)
    test_flag                                0x200000b5   Data           1  path_task.o(.data)
    Switch                                   0x200000c3   Data           4  bsp_switch.o(.data)
    angle_flag                               0x200000c8   Data           1  bsp_gyro.o(.data)
    angle_get                                0x200000cc   Data           4  bsp_gyro.o(.data)
    Angle_Error_WT                           0x200000d0   Data           4  bsp_gyro.o(.data)
    angle_set                                0x200000d4   Data           4  bsp_gyro.o(.data)
    y_temp                                   0x200000d8   Data           2  bsp_openmv.o(.data)
    x_temp                                   0x200000da   Data           2  bsp_openmv.o(.data)
    vision_header                            0x200000dc   Data           4  bsp_openmv.o(.data)
    htim1                                    0x20000788   Data          64  tim.o(.bss)
    htim2                                    0x200007c8   Data          64  tim.o(.bss)
    htim3                                    0x20000808   Data          64  tim.o(.bss)
    htim4                                    0x20000848   Data          64  tim.o(.bss)
    htim5                                    0x20000888   Data          64  tim.o(.bss)
    htim8                                    0x200008c8   Data          64  tim.o(.bss)
    htim10                                   0x20000908   Data          64  tim.o(.bss)
    htim11                                   0x20000948   Data          64  tim.o(.bss)
    htim12                                   0x20000988   Data          64  tim.o(.bss)
    htim13                                   0x200009c8   Data          64  tim.o(.bss)
    htim14                                   0x20000a08   Data          64  tim.o(.bss)
    huart4                                   0x20000a48   Data          64  usart.o(.bss)
    huart5                                   0x20000a88   Data          64  usart.o(.bss)
    huart1                                   0x20000ac8   Data          64  usart.o(.bss)
    huart2                                   0x20000b08   Data          64  usart.o(.bss)
    huart3                                   0x20000b48   Data          64  usart.o(.bss)
    huart6                                   0x20000b88   Data          64  usart.o(.bss)
    hdma_uart4_rx                            0x20000bc8   Data          96  usart.o(.bss)
    hdma_uart5_rx                            0x20000c28   Data          96  usart.o(.bss)
    hdma_uart5_tx                            0x20000c88   Data          96  usart.o(.bss)
    hdma_usart1_rx                           0x20000ce8   Data          96  usart.o(.bss)
    hdma_usart1_tx                           0x20000d48   Data          96  usart.o(.bss)
    hdma_usart2_rx                           0x20000da8   Data          96  usart.o(.bss)
    hdma_usart2_tx                           0x20000e08   Data          96  usart.o(.bss)
    hdma_usart3_rx                           0x20000e68   Data          96  usart.o(.bss)
    hdma_usart3_tx                           0x20000ec8   Data          96  usart.o(.bss)
    hdma_usart6_rx                           0x20000f28   Data          96  usart.o(.bss)
    hdma_usart6_tx                           0x20000f88   Data          96  usart.o(.bss)
    htim6                                    0x20000fe8   Data          64  stm32f4xx_hal_timebase_tim.o(.bss)
    xQueueRegistry                           0x20001028   Data          64  queue.o(.bss)
    chassis                                  0x20004e40   Data          44  chassis_task.o(.bss)
    tof1_dma_buff                            0x20004e6c   Data          30  bsp_sjg.o(.bss)
    JG                                       0x20004e8a   Data          10  bsp_sjg.o(.bss)
    TFminiPlusBuffArray_Front                0x20004e94   Data          50  bsp_bjg.o(.bss)
    TFminiPlusBuffArray_Back                 0x20004ec6   Data          50  bsp_bjg.o(.bss)
    WT101_buf                                0x20004ef8   Data          11  bsp_gyro.o(.bss)
    VisionBuffArray                          0x20004f03   Data          20  bsp_openmv.o(.bss)
    motorBR_speed_pid                        0x20004f18   Data         108  pid.o(.bss)
    motorBL_speed_pid                        0x20004f84   Data         108  pid.o(.bss)
    motorFR_speed_pid                        0x20004ff0   Data         108  pid.o(.bss)
    motorFL_speed_pid                        0x2000505c   Data         108  pid.o(.bss)
    wall_L_pid                               0x200050c8   Data         108  pid.o(.bss)
    wall_V_pid                               0x20005134   Data         108  pid.o(.bss)
    straight_pid                             0x200051a0   Data         108  pid.o(.bss)
    stop_pid                                 0x2000520c   Data         108  pid.o(.bss)
    turn_pid                                 0x20005278   Data         108  pid.o(.bss)
    gimbal_speed_pid                         0x200052e4   Data         108  pid.o(.bss)
    gimbal_position_pid                      0x20005350   Data         108  pid.o(.bss)
    vision_aim_x                             0x200053bc   Data         108  pid.o(.bss)
    vision_aim_y                             0x20005428   Data         108  pid.o(.bss)
    __libspace_start                         0x20005494   Data          96  libspace.o(.bss)
    __temporary_stack_top$libspace           0x200054f4   Data           0  libspace.o(.bss)



==============================================================================

Memory Map of the image

  Image Entry point : 0x08000189

  Load Region LR_IROM1 (Base: 0x08000000, Size: 0x0000663c, Max: 0x00100000, ABSOLUTE)

    Execution Region ER_IROM1 (Base: 0x08000000, Size: 0x0000655c, Max: 0x00100000, ABSOLUTE)

    Base Addr    Size         Type   Attr      Idx    E Section Name        Object

    0x08000000   0x00000188   Data   RO            3    RESET               startup_stm32f407xx.o
    0x08000188   0x00000008   Code   RO         5660  * !!!main             c_w.l(__main.o)
    0x08000190   0x00000034   Code   RO         5905    !!!scatter          c_w.l(__scatter.o)
    0x080001c4   0x0000001a   Code   RO         5907    !!handler_copy      c_w.l(__scatter_copy.o)
    0x080001de   0x00000002   PAD
    0x080001e0   0x0000001c   Code   RO         5909    !!handler_zi        c_w.l(__scatter_zi.o)
    0x080001fc   0x00000002   Code   RO         5778    .ARM.Collect$$libinit$$00000000  c_w.l(libinit.o)
    0x080001fe   0x00000004   Code   RO         5787    .ARM.Collect$$libinit$$00000001  c_w.l(libinit2.o)
    0x08000202   0x00000000   Code   RO         5790    .ARM.Collect$$libinit$$00000004  c_w.l(libinit2.o)
    0x08000202   0x00000000   Code   RO         5793    .ARM.Collect$$libinit$$0000000A  c_w.l(libinit2.o)
    0x08000202   0x00000000   Code   RO         5795    .ARM.Collect$$libinit$$0000000C  c_w.l(libinit2.o)
    0x08000202   0x00000000   Code   RO         5797    .ARM.Collect$$libinit$$0000000E  c_w.l(libinit2.o)
    0x08000202   0x00000000   Code   RO         5800    .ARM.Collect$$libinit$$00000011  c_w.l(libinit2.o)
    0x08000202   0x00000000   Code   RO         5802    .ARM.Collect$$libinit$$00000013  c_w.l(libinit2.o)
    0x08000202   0x00000000   Code   RO         5804    .ARM.Collect$$libinit$$00000015  c_w.l(libinit2.o)
    0x08000202   0x00000000   Code   RO         5806    .ARM.Collect$$libinit$$00000017  c_w.l(libinit2.o)
    0x08000202   0x00000000   Code   RO         5808    .ARM.Collect$$libinit$$00000019  c_w.l(libinit2.o)
    0x08000202   0x00000000   Code   RO         5810    .ARM.Collect$$libinit$$0000001B  c_w.l(libinit2.o)
    0x08000202   0x00000000   Code   RO         5812    .ARM.Collect$$libinit$$0000001D  c_w.l(libinit2.o)
    0x08000202   0x00000000   Code   RO         5814    .ARM.Collect$$libinit$$0000001F  c_w.l(libinit2.o)
    0x08000202   0x00000000   Code   RO         5816    .ARM.Collect$$libinit$$00000021  c_w.l(libinit2.o)
    0x08000202   0x00000000   Code   RO         5818    .ARM.Collect$$libinit$$00000023  c_w.l(libinit2.o)
    0x08000202   0x00000000   Code   RO         5820    .ARM.Collect$$libinit$$00000025  c_w.l(libinit2.o)
    0x08000202   0x00000000   Code   RO         5824    .ARM.Collect$$libinit$$0000002C  c_w.l(libinit2.o)
    0x08000202   0x00000000   Code   RO         5826    .ARM.Collect$$libinit$$0000002E  c_w.l(libinit2.o)
    0x08000202   0x00000000   Code   RO         5828    .ARM.Collect$$libinit$$00000030  c_w.l(libinit2.o)
    0x08000202   0x00000000   Code   RO         5830    .ARM.Collect$$libinit$$00000032  c_w.l(libinit2.o)
    0x08000202   0x00000002   Code   RO         5831    .ARM.Collect$$libinit$$00000033  c_w.l(libinit2.o)
    0x08000204   0x00000002   Code   RO         5862    .ARM.Collect$$libshutdown$$00000000  c_w.l(libshutdown.o)
    0x08000206   0x00000000   Code   RO         5888    .ARM.Collect$$libshutdown$$00000002  c_w.l(libshutdown2.o)
    0x08000206   0x00000000   Code   RO         5890    .ARM.Collect$$libshutdown$$00000004  c_w.l(libshutdown2.o)
    0x08000206   0x00000000   Code   RO         5893    .ARM.Collect$$libshutdown$$00000007  c_w.l(libshutdown2.o)
    0x08000206   0x00000000   Code   RO         5896    .ARM.Collect$$libshutdown$$0000000A  c_w.l(libshutdown2.o)
    0x08000206   0x00000000   Code   RO         5898    .ARM.Collect$$libshutdown$$0000000C  c_w.l(libshutdown2.o)
    0x08000206   0x00000000   Code   RO         5901    .ARM.Collect$$libshutdown$$0000000F  c_w.l(libshutdown2.o)
    0x08000206   0x00000002   Code   RO         5902    .ARM.Collect$$libshutdown$$00000010  c_w.l(libshutdown2.o)
    0x08000208   0x00000000   Code   RO         5698    .ARM.Collect$$rtentry$$00000000  c_w.l(__rtentry.o)
    0x08000208   0x00000000   Code   RO         5739    .ARM.Collect$$rtentry$$00000002  c_w.l(__rtentry2.o)
    0x08000208   0x00000006   Code   RO         5751    .ARM.Collect$$rtentry$$00000004  c_w.l(__rtentry4.o)
    0x0800020e   0x00000000   Code   RO         5741    .ARM.Collect$$rtentry$$00000009  c_w.l(__rtentry2.o)
    0x0800020e   0x00000004   Code   RO         5742    .ARM.Collect$$rtentry$$0000000A  c_w.l(__rtentry2.o)
    0x08000212   0x00000000   Code   RO         5744    .ARM.Collect$$rtentry$$0000000C  c_w.l(__rtentry2.o)
    0x08000212   0x00000008   Code   RO         5745    .ARM.Collect$$rtentry$$0000000D  c_w.l(__rtentry2.o)
    0x0800021a   0x00000002   Code   RO         5779    .ARM.Collect$$rtexit$$00000000  c_w.l(rtexit.o)
    0x0800021c   0x00000000   Code   RO         5835    .ARM.Collect$$rtexit$$00000002  c_w.l(rtexit2.o)
    0x0800021c   0x00000004   Code   RO         5836    .ARM.Collect$$rtexit$$00000003  c_w.l(rtexit2.o)
    0x08000220   0x00000006   Code   RO         5837    .ARM.Collect$$rtexit$$00000004  c_w.l(rtexit2.o)
    0x08000226   0x00000002   PAD
    0x08000228   0x000000be   Code   RO         4601    .emb_text           port.o
    0x080002e6   0x00000002   PAD
    0x080002e8   0x00000040   Code   RO            4    .text               startup_stm32f407xx.o
    0x08000328   0x000000ee   Code   RO         5648    .text               c_w.l(lludivv7m.o)
    0x08000416   0x0000008a   Code   RO         5650    .text               c_w.l(rt_memcpy_v6.o)
    0x080004a0   0x00000064   Code   RO         5652    .text               c_w.l(rt_memcpy_w.o)
    0x08000504   0x0000004e   Code   RO         5656    .text               c_w.l(rt_memclr_w.o)
    0x08000552   0x00000006   Code   RO         5658    .text               c_w.l(heapauxi.o)
    0x08000558   0x00000008   Code   RO         5762    .text               c_w.l(libspace.o)
    0x08000560   0x0000004a   Code   RO         5765    .text               c_w.l(sys_stackheap_outer.o)
    0x080005aa   0x00000012   Code   RO         5767    .text               c_w.l(exit.o)
    0x080005bc   0x0000000c   Code   RO         5832    .text               c_w.l(sys_exit.o)
    0x080005c8   0x00000002   Code   RO         5851    .text               c_w.l(use_no_semi.o)
    0x080005ca   0x00000000   Code   RO         5853    .text               c_w.l(indicate_semi.o)
    0x080005ca   0x00000002   Code   RO          594    i.BusFault_Handler  stm32f4xx_it.o
    0x080005cc   0x000001d0   Code   RO         4744    i.Chassis_Init      chassis_task.o
    0x0800079c   0x00000012   Code   RO          276    i.Chassis_TASK      freertos.o
    0x080007ae   0x00000002   PAD
    0x080007b0   0x0000001c   Code   RO         4745    i.Chassis_Task      chassis_task.o
    0x080007cc   0x0000000c   Code   RO          595    i.DMA1_Stream0_IRQHandler  stm32f4xx_it.o
    0x080007d8   0x0000000c   Code   RO          596    i.DMA1_Stream1_IRQHandler  stm32f4xx_it.o
    0x080007e4   0x0000000c   Code   RO          597    i.DMA1_Stream2_IRQHandler  stm32f4xx_it.o
    0x080007f0   0x0000000c   Code   RO          598    i.DMA1_Stream3_IRQHandler  stm32f4xx_it.o
    0x080007fc   0x0000000c   Code   RO          599    i.DMA1_Stream5_IRQHandler  stm32f4xx_it.o
    0x08000808   0x0000000c   Code   RO          600    i.DMA1_Stream6_IRQHandler  stm32f4xx_it.o
    0x08000814   0x0000000c   Code   RO          601    i.DMA1_Stream7_IRQHandler  stm32f4xx_it.o
    0x08000820   0x0000000c   Code   RO          602    i.DMA2_Stream1_IRQHandler  stm32f4xx_it.o
    0x0800082c   0x0000000c   Code   RO          603    i.DMA2_Stream2_IRQHandler  stm32f4xx_it.o
    0x08000838   0x0000000c   Code   RO          604    i.DMA2_Stream6_IRQHandler  stm32f4xx_it.o
    0x08000844   0x0000000c   Code   RO          605    i.DMA2_Stream7_IRQHandler  stm32f4xx_it.o
    0x08000850   0x00000028   Code   RO         1301    i.DMA_CalcBaseAndBitshift  stm32f4xx_hal_dma.o
    0x08000878   0x00000054   Code   RO         1302    i.DMA_CheckFifoParam  stm32f4xx_hal_dma.o
    0x080008cc   0x00000028   Code   RO         1303    i.DMA_SetConfig     stm32f4xx_hal_dma.o
    0x080008f4   0x0000001e   Code   RO         4681    i.Data_Collect_Init  collect_init.o
    0x08000912   0x00000002   Code   RO          606    i.DebugMon_Handler  stm32f4xx_it.o
    0x08000914   0x00000358   Code   RO         4747    i.Ecd_Pid_Cal       chassis_task.o
    0x08000c6c   0x00000002   Code   RO           13    i.Error_Handler     main.o
    0x08000c6e   0x00000002   PAD
    0x08000c70   0x000000d4   Code   RO         5328    i.Get_Angle         bsp_gyro.o
    0x08000d44   0x00000018   Code   RO         5095    i.Get_Data_From_TOF0  bsp_sjg.o
    0x08000d5c   0x00000018   Code   RO         5096    i.Get_ID_From_TOF0  bsp_sjg.o
    0x08000d74   0x0000008e   Code   RO         1304    i.HAL_DMA_Abort     stm32f4xx_hal_dma.o
    0x08000e02   0x00000024   Code   RO         1305    i.HAL_DMA_Abort_IT  stm32f4xx_hal_dma.o
    0x08000e26   0x00000002   PAD
    0x08000e28   0x000001a0   Code   RO         1309    i.HAL_DMA_IRQHandler  stm32f4xx_hal_dma.o
    0x08000fc8   0x000000d4   Code   RO         1310    i.HAL_DMA_Init      stm32f4xx_hal_dma.o
    0x0800109c   0x0000006e   Code   RO         1314    i.HAL_DMA_Start_IT  stm32f4xx_hal_dma.o
    0x0800110a   0x00000002   PAD
    0x0800110c   0x00000024   Code   RO         1723    i.HAL_Delay         stm32f4xx_hal.o
    0x08001130   0x000001b8   Code   RO         1197    i.HAL_GPIO_Init     stm32f4xx_hal_gpio.o
    0x080012e8   0x0000000a   Code   RO         1201    i.HAL_GPIO_WritePin  stm32f4xx_hal_gpio.o
    0x080012f2   0x00000002   PAD
    0x080012f4   0x0000000c   Code   RO         1729    i.HAL_GetTick       stm32f4xx_hal.o
    0x08001300   0x00000010   Code   RO         1735    i.HAL_IncTick       stm32f4xx_hal.o
    0x08001310   0x00000034   Code   RO         1736    i.HAL_Init          stm32f4xx_hal.o
    0x08001344   0x00000074   Code   RO          803    i.HAL_InitTick      stm32f4xx_hal_timebase_tim.o
    0x080013b8   0x00000030   Code   RO          779    i.HAL_MspInit       stm32f4xx_hal_msp.o
    0x080013e8   0x0000001a   Code   RO         1586    i.HAL_NVIC_EnableIRQ  stm32f4xx_hal_cortex.o
    0x08001402   0x00000002   PAD
    0x08001404   0x00000040   Code   RO         1592    i.HAL_NVIC_SetPriority  stm32f4xx_hal_cortex.o
    0x08001444   0x00000024   Code   RO         1593    i.HAL_NVIC_SetPriorityGrouping  stm32f4xx_hal_cortex.o
    0x08001468   0x00000134   Code   RO          843    i.HAL_RCC_ClockConfig  stm32f4xx_hal_rcc.o
    0x0800159c   0x00000040   Code   RO          847    i.HAL_RCC_GetClockConfig  stm32f4xx_hal_rcc.o
    0x080015dc   0x00000020   Code   RO          850    i.HAL_RCC_GetPCLK1Freq  stm32f4xx_hal_rcc.o
    0x080015fc   0x00000020   Code   RO          851    i.HAL_RCC_GetPCLK2Freq  stm32f4xx_hal_rcc.o
    0x0800161c   0x00000064   Code   RO          852    i.HAL_RCC_GetSysClockFreq  stm32f4xx_hal_rcc.o
    0x08001680   0x0000035c   Code   RO          855    i.HAL_RCC_OscConfig  stm32f4xx_hal_rcc.o
    0x080019dc   0x00000002   Code   RO         2651    i.HAL_TIMEx_BreakCallback  stm32f4xx_hal_tim_ex.o
    0x080019de   0x00000002   Code   RO         2652    i.HAL_TIMEx_CommutCallback  stm32f4xx_hal_tim_ex.o
    0x080019e0   0x00000090   Code   RO         2669    i.HAL_TIMEx_MasterConfigSynchronization  stm32f4xx_hal_tim_ex.o
    0x08001a70   0x00000036   Code   RO         1976    i.HAL_TIM_Base_Init  stm32f4xx_hal_tim.o
    0x08001aa6   0x00000002   PAD
    0x08001aa8   0x000000a8   Code   RO          391    i.HAL_TIM_Base_MspInit  tim.o
    0x08001b50   0x00000022   Code   RO         1981    i.HAL_TIM_Base_Start_IT  stm32f4xx_hal_tim.o
    0x08001b72   0x000000d6   Code   RO         1985    i.HAL_TIM_ConfigClockSource  stm32f4xx_hal_tim.o
    0x08001c48   0x00000098   Code   RO         1994    i.HAL_TIM_Encoder_Init  stm32f4xx_hal_tim.o
    0x08001ce0   0x000001ac   Code   RO          393    i.HAL_TIM_Encoder_MspInit  tim.o
    0x08001e8c   0x00000034   Code   RO         1997    i.HAL_TIM_Encoder_Start  stm32f4xx_hal_tim.o
    0x08001ec0   0x00000002   Code   RO         2005    i.HAL_TIM_IC_CaptureCallback  stm32f4xx_hal_tim.o
    0x08001ec2   0x00000166   Code   RO         2019    i.HAL_TIM_IRQHandler  stm32f4xx_hal_tim.o
    0x08002028   0x00000138   Code   RO          394    i.HAL_TIM_MspPostInit  tim.o
    0x08002160   0x00000002   Code   RO         2022    i.HAL_TIM_OC_DelayElapsedCallback  stm32f4xx_hal_tim.o
    0x08002162   0x000000d0   Code   RO         2043    i.HAL_TIM_PWM_ConfigChannel  stm32f4xx_hal_tim.o
    0x08002232   0x00000036   Code   RO         2046    i.HAL_TIM_PWM_Init  stm32f4xx_hal_tim.o
    0x08002268   0x00000028   Code   RO          396    i.HAL_TIM_PWM_MspInit  tim.o
    0x08002290   0x00000002   Code   RO         2049    i.HAL_TIM_PWM_PulseFinishedCallback  stm32f4xx_hal_tim.o
    0x08002292   0x00000002   PAD
    0x08002294   0x00000044   Code   RO         2051    i.HAL_TIM_PWM_Start  stm32f4xx_hal_tim.o
    0x080022d8   0x00000014   Code   RO           14    i.HAL_TIM_PeriodElapsedCallback  main.o
    0x080022ec   0x00000002   Code   RO         2062    i.HAL_TIM_TriggerCallback  stm32f4xx_hal_tim.o
    0x080022ee   0x00000058   Code   RO         2921    i.HAL_UART_DMAStop  stm32f4xx_hal_uart.o
    0x08002346   0x00000002   Code   RO         2923    i.HAL_UART_ErrorCallback  stm32f4xx_hal_uart.o
    0x08002348   0x00000114   Code   RO         2926    i.HAL_UART_IRQHandler  stm32f4xx_hal_uart.o
    0x0800245c   0x00000062   Code   RO         2927    i.HAL_UART_Init     stm32f4xx_hal_uart.o
    0x080024be   0x00000002   PAD
    0x080024c0   0x0000045e   Code   RO          523    i.HAL_UART_MspInit  usart.o
    0x0800291e   0x00000002   PAD
    0x08002920   0x00000098   Code   RO         2931    i.HAL_UART_Receive_DMA  stm32f4xx_hal_uart.o
    0x080029b8   0x00000002   Code   RO         2933    i.HAL_UART_RxCpltCallback  stm32f4xx_hal_uart.o
    0x080029ba   0x00000002   Code   RO         2934    i.HAL_UART_RxHalfCpltCallback  stm32f4xx_hal_uart.o
    0x080029bc   0x000000ba   Code   RO         2935    i.HAL_UART_Transmit  stm32f4xx_hal_uart.o
    0x08002a76   0x00000002   Code   RO         2938    i.HAL_UART_TxCpltCallback  stm32f4xx_hal_uart.o
    0x08002a78   0x00000002   Code   RO          607    i.HardFault_Handler  stm32f4xx_it.o
    0x08002a7a   0x0000002a   Code   RO         5442    i.HexToChar         mat.o
    0x08002aa4   0x000000dc   Code   RO          366    i.MX_DMA_Init       dma.o
    0x08002b80   0x00000078   Code   RO          277    i.MX_FREERTOS_Init  freertos.o
    0x08002bf8   0x00000150   Code   RO          252    i.MX_GPIO_Init      gpio.o
    0x08002d48   0x00000068   Code   RO          397    i.MX_TIM10_Init     tim.o
    0x08002db0   0x00000068   Code   RO          398    i.MX_TIM11_Init     tim.o
    0x08002e18   0x0000005c   Code   RO          399    i.MX_TIM12_Init     tim.o
    0x08002e74   0x00000068   Code   RO          400    i.MX_TIM13_Init     tim.o
    0x08002edc   0x00000068   Code   RO          401    i.MX_TIM14_Init     tim.o
    0x08002f44   0x0000006c   Code   RO          402    i.MX_TIM1_Init      tim.o
    0x08002fb0   0x00000068   Code   RO          403    i.MX_TIM2_Init      tim.o
    0x08003018   0x0000006c   Code   RO          404    i.MX_TIM3_Init      tim.o
    0x08003084   0x0000006c   Code   RO          405    i.MX_TIM4_Init      tim.o
    0x080030f0   0x000000bc   Code   RO          406    i.MX_TIM5_Init      tim.o
    0x080031ac   0x00000070   Code   RO          407    i.MX_TIM8_Init      tim.o
    0x0800321c   0x00000038   Code   RO          524    i.MX_UART4_Init     usart.o
    0x08003254   0x00000038   Code   RO          525    i.MX_UART5_Init     usart.o
    0x0800328c   0x00000038   Code   RO          526    i.MX_USART1_UART_Init  usart.o
    0x080032c4   0x00000038   Code   RO          527    i.MX_USART2_UART_Init  usart.o
    0x080032fc   0x00000038   Code   RO          528    i.MX_USART3_UART_Init  usart.o
    0x08003334   0x00000038   Code   RO          529    i.MX_USART6_UART_Init  usart.o
    0x0800336c   0x00000002   Code   RO          608    i.MemManage_Handler  stm32f4xx_it.o
    0x0800336e   0x00000002   Code   RO          609    i.NMI_Handler       stm32f4xx_it.o
    0x08003370   0x00000138   Code   RO         4748    i.PID_CAL           chassis_task.o
    0x080034a8   0x00000018   Code   RO         5475    i.PID_struct_init   pid.o
    0x080034c0   0x0000006c   Code   RO         4911    i.Path_Eight        path_task.o
    0x0800352c   0x00000060   Code   RO         4912    i.Path_Eleven       path_task.o
    0x0800358c   0x00000074   Code   RO         4913    i.Path_Five         path_task.o
    0x08003600   0x00000078   Code   RO         4914    i.Path_Four         path_task.o
    0x08003678   0x00000074   Code   RO         4915    i.Path_Night        path_task.o
    0x080036ec   0x00000060   Code   RO         4916    i.Path_One          path_task.o
    0x0800374c   0x00000078   Code   RO         4917    i.Path_Seven        path_task.o
    0x080037c4   0x0000005c   Code   RO         4918    i.Path_Six          path_task.o
    0x08003820   0x00000012   Code   RO          278    i.Path_TASK         freertos.o
    0x08003832   0x00000002   PAD
    0x08003834   0x0000008c   Code   RO         4919    i.Path_Task         path_task.o
    0x080038c0   0x0000005c   Code   RO         4920    i.Path_Ten          path_task.o
    0x0800391c   0x00000064   Code   RO         4921    i.Path_Three        path_task.o
    0x08003980   0x0000005c   Code   RO         4922    i.Path_Twelve       path_task.o
    0x080039dc   0x0000005c   Code   RO         4923    i.Path_Two          path_task.o
    0x08003a38   0x00000030   Code   RO         4751    i.Ramp_Stop         chassis_task.o
    0x08003a68   0x00000014   Code   RO         5097    i.Send_Data_To_UART  bsp_sjg.o
    0x08003a7c   0x00000020   Code   RO         4752    i.Speed_Pid_Cal     chassis_task.o
    0x08003a9c   0x00000008   Code   RO          279    i.StartDefaultTask  freertos.o
    0x08003aa4   0x0000002c   Code   RO         4602    i.SysTick_Handler   port.o
    0x08003ad0   0x00000084   Code   RO           15    i.SystemClock_Config  main.o
    0x08003b54   0x0000001c   Code   RO         3229    i.SystemInit        system_stm32f4xx.o
    0x08003b70   0x000000d0   Code   RO         5443    i.T0f_Conversion_HEX  mat.o
    0x08003c40   0x0000000c   Code   RO          610    i.TIM1_BRK_TIM9_IRQHandler  stm32f4xx_it.o
    0x08003c4c   0x0000000c   Code   RO          611    i.TIM5_IRQHandler   stm32f4xx_it.o
    0x08003c58   0x0000000c   Code   RO          612    i.TIM6_DAC_IRQHandler  stm32f4xx_it.o
    0x08003c64   0x0000000c   Code   RO          613    i.TIM8_CC_IRQHandler  stm32f4xx_it.o
    0x08003c70   0x000000c8   Code   RO         2064    i.TIM_Base_SetConfig  stm32f4xx_hal_tim.o
    0x08003d38   0x0000001a   Code   RO         2065    i.TIM_CCxChannelCmd  stm32f4xx_hal_tim.o
    0x08003d52   0x00000014   Code   RO         2075    i.TIM_ETR_SetConfig  stm32f4xx_hal_tim.o
    0x08003d66   0x00000010   Code   RO         2076    i.TIM_ITRx_SetConfig  stm32f4xx_hal_tim.o
    0x08003d76   0x00000002   PAD
    0x08003d78   0x00000060   Code   RO         2077    i.TIM_OC1_SetConfig  stm32f4xx_hal_tim.o
    0x08003dd8   0x0000006c   Code   RO         2078    i.TIM_OC2_SetConfig  stm32f4xx_hal_tim.o
    0x08003e44   0x00000068   Code   RO         2079    i.TIM_OC3_SetConfig  stm32f4xx_hal_tim.o
    0x08003eac   0x00000050   Code   RO         2080    i.TIM_OC4_SetConfig  stm32f4xx_hal_tim.o
    0x08003efc   0x00000022   Code   RO         2082    i.TIM_TI1_ConfigInputStage  stm32f4xx_hal_tim.o
    0x08003f1e   0x00000024   Code   RO         2084    i.TIM_TI2_ConfigInputStage  stm32f4xx_hal_tim.o
    0x08003f42   0x00000002   PAD
    0x08003f44   0x00000050   Code   RO         5098    i.Tof_Init          bsp_sjg.o
    0x08003f94   0x000000d0   Code   RO         4924    i.Turn              path_task.o
    0x08004064   0x00000018   Code   RO          614    i.UART4_IRQHandler  stm32f4xx_it.o
    0x0800407c   0x00000018   Code   RO          615    i.UART5_IRQHandler  stm32f4xx_it.o
    0x08004094   0x00000010   Code   RO         2940    i.UART_DMAAbortOnError  stm32f4xx_hal_uart.o
    0x080040a4   0x0000004a   Code   RO         2941    i.UART_DMAError     stm32f4xx_hal_uart.o
    0x080040ee   0x0000003c   Code   RO         2942    i.UART_DMAReceiveCplt  stm32f4xx_hal_uart.o
    0x0800412a   0x0000000a   Code   RO         2944    i.UART_DMARxHalfCplt  stm32f4xx_hal_uart.o
    0x08004134   0x0000001c   Code   RO         2950    i.UART_EndRxTransfer  stm32f4xx_hal_uart.o
    0x08004150   0x00000012   Code   RO         2951    i.UART_EndTxTransfer  stm32f4xx_hal_uart.o
    0x08004162   0x00000096   Code   RO         2952    i.UART_Receive_IT   stm32f4xx_hal_uart.o
    0x080041f8   0x00000128   Code   RO         2953    i.UART_SetConfig    stm32f4xx_hal_uart.o
    0x08004320   0x00000062   Code   RO         2954    i.UART_Transmit_IT  stm32f4xx_hal_uart.o
    0x08004382   0x00000064   Code   RO         2955    i.UART_WaitOnFlagUntilTimeout  stm32f4xx_hal_uart.o
    0x080043e6   0x00000002   PAD
    0x080043e8   0x00000018   Code   RO          616    i.USART1_IRQHandler  stm32f4xx_it.o
    0x08004400   0x00000014   Code   RO          617    i.USART2_IRQHandler  stm32f4xx_it.o
    0x08004414   0x00000018   Code   RO          618    i.USART3_IRQHandler  stm32f4xx_it.o
    0x0800442c   0x00000018   Code   RO          619    i.USART6_IRQHandler  stm32f4xx_it.o
    0x08004444   0x000000b8   Code   RO         4682    i.USER_UART_IDLECallback  collect_init.o
    0x080044fc   0x00000026   Code   RO         5149    i.USER_UART_IRQHandler  bsp_uart.o
    0x08004522   0x00000002   Code   RO          620    i.UsageFault_Handler  stm32f4xx_it.o
    0x08004524   0x00000020   Code   RO         5366    i.VisionInit        bsp_openmv.o
    0x08004544   0x0000000a   Code   RO          280    i.Vision_TASK       freertos.o
    0x0800454e   0x00000002   PAD
    0x08004550   0x0000007c   Code   RO         5025    i.Vision_Task_Init  vision_task.o
    0x080045cc   0x00000024   Code   RO         5329    i.WT101_Init        bsp_gyro.o
    0x080045f0   0x00000020   Code   RO         1599    i.__NVIC_SetPriority  stm32f4xx_hal_cortex.o
    0x08004610   0x00000030   Code   RO         5476    i.abs_limit         pid.o
    0x08004640   0x00000058   Code   RO         5026    i.aim_yellow        vision_task.o
    0x08004698   0x0000008c   Code   RO         5289    i.bsp_Stop          bsp_motor.o
    0x08004724   0x0000000c   Code   RO         4183    i.inHandlerMode     cmsis_os.o
    0x08004730   0x00000078   Code   RO           16    i.main              main.o
    0x080047a8   0x0000000c   Code   RO         4185    i.makeFreeRtosPriority  cmsis_os.o
    0x080047b4   0x0000007e   Code   RO         4753    i.mecanum_calc      chassis_task.o
    0x08004832   0x00000002   PAD
    0x08004834   0x00000024   Code   RO         4754    i.mecanum_run       chassis_task.o
    0x08004858   0x0000000e   Code   RO         4187    i.osDelay           cmsis_os.o
    0x08004866   0x0000000a   Code   RO         4190    i.osKernelStart     cmsis_os.o
    0x08004870   0x00000054   Code   RO         4224    i.osThreadCreate    cmsis_os.o
    0x080048c4   0x00000040   Code   RO         4235    i.osTimerCreate     cmsis_os.o
    0x08004904   0x0000005c   Code   RO         4237    i.osTimerStart      cmsis_os.o
    0x08004960   0x000001e8   Code   RO         5478    i.pid_calc          pid.o
    0x08004b48   0x0000000e   Code   RO         5479    i.pid_param_init    pid.o
    0x08004b56   0x00000006   Code   RO         5480    i.pid_reset         pid.o
    0x08004b5c   0x00000070   Code   RO         3737    i.prvAddCurrentTaskToDelayedList  tasks.o
    0x08004bcc   0x000000d0   Code   RO         3738    i.prvAddNewTaskToReadyList  tasks.o
    0x08004c9c   0x00000058   Code   RO         4045    i.prvCheckForValidListAndQueue  timers.o
    0x08004cf4   0x00000026   Code   RO         3407    i.prvCopyDataFromQueue  queue.o
    0x08004d1a   0x0000006c   Code   RO         3408    i.prvCopyDataToQueue  queue.o
    0x08004d86   0x00000034   Code   RO         3739    i.prvDeleteTCB      tasks.o
    0x08004dba   0x00000002   PAD
    0x08004dbc   0x0000004c   Code   RO         4552    i.prvHeapInit       heap_4.o
    0x08004e08   0x00000060   Code   RO         3740    i.prvIdleTask       tasks.o
    0x08004e68   0x00000016   Code   RO         3410    i.prvInitialiseNewQueue  queue.o
    0x08004e7e   0x00000098   Code   RO         3741    i.prvInitialiseNewTask  tasks.o
    0x08004f16   0x0000004e   Code   RO         4046    i.prvInitialiseNewTimer  timers.o
    0x08004f64   0x0000004c   Code   RO         4553    i.prvInsertBlockIntoFreeList  heap_4.o
    0x08004fb0   0x00000038   Code   RO         4047    i.prvInsertTimerInActiveList  timers.o
    0x08004fe8   0x0000001c   Code   RO         3411    i.prvIsQueueEmpty   queue.o
    0x08005004   0x000000f0   Code   RO         4048    i.prvProcessReceivedCommands  timers.o
    0x080050f4   0x000000c0   Code   RO         4049    i.prvProcessTimerOrBlockTask  timers.o
    0x080051b4   0x00000020   Code   RO         3742    i.prvResetNextTaskUnblockTime  tasks.o
    0x080051d4   0x00000028   Code   RO         4050    i.prvSampleTimeNow  timers.o
    0x080051fc   0x0000006c   Code   RO         4051    i.prvSwitchTimerLists  timers.o
    0x08005268   0x00000028   Code   RO         4603    i.prvTaskExitError  port.o
    0x08005290   0x00000024   Code   RO         4052    i.prvTimerTask      timers.o
    0x080052b4   0x0000006a   Code   RO         3412    i.prvUnlockQueue    queue.o
    0x0800531e   0x00000002   PAD
    0x08005320   0x000000d8   Code   RO         4554    i.pvPortMalloc      heap_4.o
    0x080053f8   0x0000002c   Code   RO         4604    i.pxPortInitialiseStack  port.o
    0x08005424   0x0000002c   Code   RO         5406    i.servo_init        bsp_servo.o
    0x08005450   0x000000f8   Code   RO         5291    i.set_pwm           bsp_motor.o
    0x08005548   0x00000018   Code   RO         4755    i.switch_mode       chassis_task.o
    0x08005560   0x00000026   Code   RO         3367    i.uxListRemove      list.o
    0x08005586   0x00000002   PAD
    0x08005588   0x00000014   Code   RO          281    i.vApplicationGetIdleTaskMemory  freertos.o
    0x0800559c   0x00000018   Code   RO          282    i.vApplicationGetTimerTaskMemory  freertos.o
    0x080055b4   0x0000002c   Code   RO         5256    i.vGetSwitchStatus  bsp_switch.o
    0x080055e0   0x00000016   Code   RO         3368    i.vListInitialise   list.o
    0x080055f6   0x00000006   Code   RO         3369    i.vListInitialiseItem  list.o
    0x080055fc   0x00000030   Code   RO         3370    i.vListInsert       list.o
    0x0800562c   0x00000018   Code   RO         3371    i.vListInsertEnd    list.o
    0x08005644   0x00000040   Code   RO         4606    i.vPortEnterCritical  port.o
    0x08005684   0x00000028   Code   RO         4607    i.vPortExitCritical  port.o
    0x080056ac   0x0000005c   Code   RO         4555    i.vPortFree         heap_4.o
    0x08005708   0x00000024   Code   RO         4608    i.vPortSetupTimerInterrupt  port.o
    0x0800572c   0x00000054   Code   RO         4609    i.vPortValidateInterruptPriority  port.o
    0x08005780   0x00000028   Code   RO         3416    i.vQueueAddToRegistry  queue.o
    0x080057a8   0x00000044   Code   RO         3419    i.vQueueWaitForMessageRestricted  queue.o
    0x080057ec   0x00000040   Code   RO         5177    i.vTFminiPlusInit   bsp_bjg.o
    0x0800582c   0x0000004c   Code   RO         3750    i.vTaskDelay        tasks.o
    0x08005878   0x00000010   Code   RO         3754    i.vTaskInternalSetTimeOutState  tasks.o
    0x08005888   0x0000000c   Code   RO         3755    i.vTaskMissedYield  tasks.o
    0x08005894   0x00000030   Code   RO         3757    i.vTaskPlaceOnEventList  tasks.o
    0x080058c4   0x00000038   Code   RO         3758    i.vTaskPlaceOnEventListRestricted  tasks.o
    0x080058fc   0x00000088   Code   RO         3765    i.vTaskStartScheduler  tasks.o
    0x08005984   0x00000010   Code   RO         3767    i.vTaskSuspendAll   tasks.o
    0x08005994   0x0000005c   Code   RO         3768    i.vTaskSwitchContext  tasks.o
    0x080059f0   0x0000002c   Code   RO         5178    i.vTfBackGetData    bsp_bjg.o
    0x08005a1c   0x00000028   Code   RO         5179    i.vTfFrontGetData   bsp_bjg.o
    0x08005a44   0x00000030   Code   RO         5367    i.vVisionGetData    bsp_openmv.o
    0x08005a74   0x000000f4   Code   RO         4610    i.xPortStartScheduler  port.o
    0x08005b68   0x00000066   Code   RO         3423    i.xQueueGenericCreateStatic  queue.o
    0x08005bce   0x00000002   PAD
    0x08005bd0   0x00000088   Code   RO         3424    i.xQueueGenericReset  queue.o
    0x08005c58   0x00000160   Code   RO         3425    i.xQueueGenericSend  queue.o
    0x08005db8   0x000000bc   Code   RO         3426    i.xQueueGenericSendFromISR  queue.o
    0x08005e74   0x00000138   Code   RO         3432    i.xQueueReceive     queue.o
    0x08005fac   0x00000074   Code   RO         3769    i.xTaskCheckForTimeOut  tasks.o
    0x08006020   0x0000005a   Code   RO         3770    i.xTaskCreate       tasks.o
    0x0800607a   0x00000056   Code   RO         3771    i.xTaskCreateStatic  tasks.o
    0x080060d0   0x0000001c   Code   RO         3775    i.xTaskGetSchedulerState  tasks.o
    0x080060ec   0x0000000c   Code   RO         3776    i.xTaskGetTickCount  tasks.o
    0x080060f8   0x000000c8   Code   RO         3778    i.xTaskIncrementTick  tasks.o
    0x080061c0   0x00000098   Code   RO         3781    i.xTaskPriorityDisinherit  tasks.o
    0x08006258   0x00000074   Code   RO         3783    i.xTaskRemoveFromEventList  tasks.o
    0x080062cc   0x000000c4   Code   RO         3784    i.xTaskResumeAll    tasks.o
    0x08006390   0x00000034   Code   RO         4056    i.xTimerCreate      timers.o
    0x080063c4   0x0000002e   Code   RO         4057    i.xTimerCreateStatic  timers.o
    0x080063f2   0x00000002   PAD
    0x080063f4   0x00000060   Code   RO         4058    i.xTimerCreateTimerTask  timers.o
    0x08006454   0x00000060   Code   RO         4059    i.xTimerGenericCommand  timers.o
    0x080064b4   0x0000000a   Code   RO         5847    x$fpl$fpinit        fz_wm.l(fpinit.o)
    0x080064be   0x00000002   PAD
    0x080064c0   0x00000048   Data   RO          284    .constdata          freertos.o
    0x08006508   0x00000008   Data   RO         1316    .constdata          stm32f4xx_hal_dma.o
    0x08006510   0x00000010   Data   RO         3230    .constdata          system_stm32f4xx.o
    0x08006520   0x00000008   Data   RO         3231    .constdata          system_stm32f4xx.o
    0x08006528   0x00000013   Data   RO          285    .conststring        freertos.o
    0x0800653b   0x00000001   PAD
    0x0800653c   0x00000020   Data   RO         5903    Region$$Table       anon$$obj.o


    Execution Region RW_IRAM2 (Base: 0x10000000, Size: 0x00000000, Max: 0x00010000, ABSOLUTE)

    **** No section assigned to this execution region ****


    Execution Region RW_IRAM1 (Base: 0x20000000, Size: 0x00005af8, Max: 0x00020000, ABSOLUTE)

    Base Addr    Size         Type   Attr      Idx    E Section Name        Object

    0x20000000   0x00000010   Data   RW          288    .data               freertos.o
    0x20000010   0x0000000c   Data   RW         1743    .data               stm32f4xx_hal.o
    0x2000001c   0x00000004   Data   RW         3232    .data               system_stm32f4xx.o
    0x20000020   0x0000003c   Data   RW         3787    .data               tasks.o
    0x2000005c   0x00000014   Data   RW         4065    .data               timers.o
    0x20000070   0x00000018   Data   RW         4560    .data               heap_4.o
    0x20000088   0x0000000c   Data   RW         4611    .data               port.o
    0x20000094   0x00000004   Data   RW         4683    .data               collect_init.o
    0x20000098   0x00000004   Data   RW         4684    .data               collect_init.o
    0x2000009c   0x00000004   Data   RW         4685    .data               collect_init.o
    0x200000a0   0x00000004   Data   RW         4686    .data               collect_init.o
    0x200000a4   0x00000004   Data   RW         4688    .data               collect_init.o
    0x200000a8   0x0000000c   Data   RW         4757    .data               chassis_task.o
    0x200000b4   0x0000000f   Data   RW         4925    .data               path_task.o
    0x200000c3   0x00000004   Data   RW         5257    .data               bsp_switch.o
    0x200000c7   0x00000001   PAD
    0x200000c8   0x00000010   Data   RW         5332    .data               bsp_gyro.o
    0x200000d8   0x00000008   Data   RW         5372    .data               bsp_openmv.o
    0x200000e0   0x000006a8   Zero   RW          283    .bss                freertos.o
    0x20000788   0x000002c0   Zero   RW          408    .bss                tim.o
    0x20000a48   0x000005a0   Zero   RW          530    .bss                usart.o
    0x20000fe8   0x00000040   Zero   RW          806    .bss                stm32f4xx_hal_timebase_tim.o
    0x20001028   0x00000040   Zero   RW         3435    .bss                queue.o
    0x20001068   0x000000f0   Zero   RW         3786    .bss                tasks.o
    0x20001158   0x000000e8   Zero   RW         4064    .bss                timers.o
    0x20001240   0x00003c00   Zero   RW         4559    .bss                heap_4.o
    0x20004e40   0x0000002c   Zero   RW         4756    .bss                chassis_task.o
    0x20004e6c   0x0000001e   Zero   RW         5100    .bss                bsp_sjg.o
    0x20004e8a   0x0000000a   Zero   RW         5102    .bss                bsp_sjg.o
    0x20004e94   0x00000064   Zero   RW         5180    .bss                bsp_bjg.o
    0x20004ef8   0x0000000b   Zero   RW         5330    .bss                bsp_gyro.o
    0x20004f03   0x00000014   Zero   RW         5368    .bss                bsp_openmv.o
    0x20004f17   0x00000001   PAD
    0x20004f18   0x0000006c   Zero   RW         5482    .bss                pid.o
    0x20004f84   0x0000006c   Zero   RW         5483    .bss                pid.o
    0x20004ff0   0x0000006c   Zero   RW         5484    .bss                pid.o
    0x2000505c   0x0000006c   Zero   RW         5485    .bss                pid.o
    0x200050c8   0x0000006c   Zero   RW         5486    .bss                pid.o
    0x20005134   0x0000006c   Zero   RW         5487    .bss                pid.o
    0x200051a0   0x0000006c   Zero   RW         5488    .bss                pid.o
    0x2000520c   0x0000006c   Zero   RW         5489    .bss                pid.o
    0x20005278   0x0000006c   Zero   RW         5490    .bss                pid.o
    0x200052e4   0x0000006c   Zero   RW         5491    .bss                pid.o
    0x20005350   0x0000006c   Zero   RW         5492    .bss                pid.o
    0x200053bc   0x0000006c   Zero   RW         5493    .bss                pid.o
    0x20005428   0x0000006c   Zero   RW         5494    .bss                pid.o
    0x20005494   0x00000060   Zero   RW         5763    .bss                c_w.l(libspace.o)
    0x200054f4   0x00000004   PAD
    0x200054f8   0x00000200   Zero   RW            2    HEAP                startup_stm32f407xx.o
    0x200056f8   0x00000400   Zero   RW            1    STACK               startup_stm32f407xx.o


==============================================================================

Image component sizes


      Code (inc. data)   RO Data    RW Data    ZI Data      Debug   Object Name

       148         24          0          0        100       2413   bsp_bjg.o
       248         44          0         16         11       1859   bsp_gyro.o
       388         56          0          0          0       1353   bsp_motor.o
        80         16          0          8         20       1845   bsp_openmv.o
        44          6          0          0          0        509   bsp_servo.o
       148         14          0          0         40       3272   bsp_sjg.o
        44         12          0          4          0       1096   bsp_switch.o
        38          0          0          0          0        915   bsp_uart.o
      1926        254          0         12         44       8100   chassis_task.o
       288          8          0          0          0      30684   cmsis_os.o
       214         52          0         20          0       2086   collect_init.o
       220          4          0          0          0        938   dma.o
         0          0          0          0          0      18956   event_groups.o
       218         18         91         16       1704       5405   freertos.o
       336         20          0          0          0       1215   gpio.o
       460         24          0         24      15360       4919   heap_4.o
       138          0          0          0          0       3690   list.o
       274         24          0          0          0     719792   main.o
       250          0          0          0          0       1705   mat.o
      1588        202          0         15          0      10176   path_task.o
       580         14          0          0       1404       5742   pid.o
       786         82          0         12          0      12209   port.o
      1500         20          0          0         64      17624   queue.o
        64         26        392          0       1536        868   startup_stm32f407xx.o
       116         18          0         12          0       8878   stm32f4xx_hal.o
       158         14          0          0          0      33278   stm32f4xx_hal_cortex.o
      1080         16          8          0          0       7554   stm32f4xx_hal_dma.o
       450         46          0          0          0       2468   stm32f4xx_hal_gpio.o
        48          6          0          0          0        902   stm32f4xx_hal_msp.o
      1396         86          0          0          0       6049   stm32f4xx_hal_rcc.o
      1922         90          0          0          0      18127   stm32f4xx_hal_tim.o
       148         28          0          0          0       2545   stm32f4xx_hal_tim_ex.o
       116         16          0          0         64       1491   stm32f4xx_hal_timebase_tim.o
      1658         30          0          0          0      14559   stm32f4xx_hal_uart.o
       332        124          0          0          0      13625   stm32f4xx_it.o
         0          0          0          0          0        416   stream_buffer.o
        28          6         24          4          0       1227   system_stm32f4xx.o
      2100        158          0         60        240      27316   tasks.o
      2184        218          0          0        704      11468   tim.o
      1128         80          0         20        232      33307   timers.o
      1454        120          0          0       1440       6413   usart.o
       212         50          0          0          0       1120   vision_task.o

    ----------------------------------------------------------------------
     24554       2026        548        224      22964    1048114   Object Totals
         0          0         32          0          0          0   (incl. Generated)
        44          0          1          1          1          0   (incl. Padding)

    ----------------------------------------------------------------------

      Code (inc. data)   RO Data    RW Data    ZI Data      Debug   Library Member Name

         8          0          0          0          0         68   __main.o
         0          0          0          0          0          0   __rtentry.o
        12          0          0          0          0          0   __rtentry2.o
         6          0          0          0          0          0   __rtentry4.o
        52          8          0          0          0          0   __scatter.o
        26          0          0          0          0          0   __scatter_copy.o
        28          0          0          0          0          0   __scatter_zi.o
        18          0          0          0          0         80   exit.o
         6          0          0          0          0        152   heapauxi.o
         0          0          0          0          0          0   indicate_semi.o
         2          0          0          0          0          0   libinit.o
         6          0          0          0          0          0   libinit2.o
         2          0          0          0          0          0   libshutdown.o
         2          0          0          0          0          0   libshutdown2.o
         8          4          0          0         96         68   libspace.o
       238          0          0          0          0        100   lludivv7m.o
        78          0          0          0          0         80   rt_memclr_w.o
       138          0          0          0          0         68   rt_memcpy_v6.o
       100          0          0          0          0         80   rt_memcpy_w.o
         2          0          0          0          0          0   rtexit.o
        10          0          0          0          0          0   rtexit2.o
        12          4          0          0          0         68   sys_exit.o
        74          0          0          0          0         80   sys_stackheap_outer.o
         2          0          0          0          0         68   use_no_semi.o
        10          0          0          0          0        116   fpinit.o

    ----------------------------------------------------------------------
       846         16          0          0        100       1028   Library Totals
         6          0          0          0          4          0   (incl. Padding)

    ----------------------------------------------------------------------

      Code (inc. data)   RO Data    RW Data    ZI Data      Debug   Library Name

       830         16          0          0         96        912   c_w.l
        10          0          0          0          0        116   fz_wm.l

    ----------------------------------------------------------------------
       846         16          0          0        100       1028   Library Totals

    ----------------------------------------------------------------------

==============================================================================


      Code (inc. data)   RO Data    RW Data    ZI Data      Debug   

     25400       2042        548        224      23064    1024478   Grand Totals
     25400       2042        548        224      23064    1024478   ELF Image Totals
     25400       2042        548        224          0          0   ROM Totals

==============================================================================

    Total RO  Size (Code + RO Data)                25948 (  25.34kB)
    Total RW  Size (RW Data + ZI Data)             23288 (  22.74kB)
    Total ROM Size (Code + RO Data + RW Data)      26172 (  25.56kB)

==============================================================================

