<html>
<body>
<pre>
<h1>µVision Build Log</h1>
<h2>Tool Versions:</h2>
IDE-Version: ¦ÌVision V5.18.0.0
Copyright (C) 2016 ARM Ltd and ARM Germany GmbH. All rights reserved.
License Information: 1231 bai, 123, LIC=32B1Q-NUDRT-45ST5-G0PUG-FR87N-56XAV
 
Tool Versions:
Toolchain:       MDK-ARM Standard  Version: 5.18
Toolchain Path:  D:\software_root\Keil5\ARM\ARMCC\Bin
C Compiler:      Armcc.exe V5.06 update 1 (build 61)
Assembler:       Armasm.exe V5.06 update 1 (build 61)
Linker/Locator:  ArmLink.exe V5.06 update 1 (build 61)
Library Manager: ArmAr.exe V5.06 update 1 (build 61)
Hex Converter:   FromElf.exe V5.06 update 1 (build 61)
CPU DLL:         SARMCM3.DLL V5.18
Dialog DLL:      DCM.DLL V1.13.6.0
Target DLL:      CMSIS_AGDI.dll V1.25.7.0
Dialog DLL:      TCM.DLL V1.14.8.0
 
<h2>Project:</h2>
C:\Users\bai\Desktop\git\DFH\DFHPAT\MDK-ARM\DFH_main.uvprojx
Project File Date:  10/01/2022

<h2>Output:</h2>
*** Using Compiler 'V5.06 update 1 (build 61)', folder: 'D:\software_root\Keil5\ARM\ARMCC\Bin'
Build target 'DFH_main'
compiling patSort_task.c...
..\UserApp\patSort_task.c(199): warning:  #1-D: last line of file ends without a newline
  }
..\UserApp\patSort_task.c: 1 warning, 0 errors
linking...
Program Size: Code=20892 RO-data=592 RW-data=288 ZI-data=26352  
FromELF: creating hex file...
"DFH_main\DFH_main.axf" - 0 Error(s), 1 Warning(s).

<h2>Software Packages used:</h2>

Package Vendor: ARM
                http://www.keil.com/pack/ARM.CMSIS.4.5.0.pack
                ARM::CMSIS:CORE:4.3.0
                CMSIS (Cortex Microcontroller Software Interface Standard)
   * Component: CORE Version: 4.3.0

<h2>Collection of Component include folders:</h2>
  C:\Users\bai\Desktop\git\DFH\DFHPAT\MDK-ARM\RTE
  D:\software_root\Keil5\ARM\PACK\ARM\CMSIS\4.5.0\CMSIS\Include
  D:\software_root\Keil5\ARM\PACK\Keil\STM32F4xx_DFP\2.2.0\Drivers\CMSIS\Device\ST\STM32F4xx\Include

<h2>Collection of Component Files used:</h2>

   * Component: ARM::CMSIS:CORE:4.3.0
Build Time Elapsed:  00:00:05
</pre>
</body>
</html>
