Component: ARM Compiler 5.06 update 1 (build 61) Tool: armlink [4d35a8]

==============================================================================

Section Cross References

    startup_stm32f407xx.o(STACK) refers (Special) to heapauxi.o(.text) for __use_two_region_memory
    startup_stm32f407xx.o(HEAP) refers (Special) to heapauxi.o(.text) for __use_two_region_memory
    startup_stm32f407xx.o(RESET) refers (Special) to heapauxi.o(.text) for __use_two_region_memory
    startup_stm32f407xx.o(RESET) refers to startup_stm32f407xx.o(STACK) for __initial_sp
    startup_stm32f407xx.o(RESET) refers to startup_stm32f407xx.o(.text) for Reset_Handler
    startup_stm32f407xx.o(RESET) refers to stm32f4xx_it.o(i.NMI_Handler) for NMI_Handler
    startup_stm32f407xx.o(RESET) refers to stm32f4xx_it.o(i.HardFault_Handler) for HardFault_Handler
    startup_stm32f407xx.o(RESET) refers to stm32f4xx_it.o(i.MemManage_Handler) for MemManage_Handler
    startup_stm32f407xx.o(RESET) refers to stm32f4xx_it.o(i.BusFault_Handler) for BusFault_Handler
    startup_stm32f407xx.o(RESET) refers to stm32f4xx_it.o(i.UsageFault_Handler) for UsageFault_Handler
    startup_stm32f407xx.o(RESET) refers to port.o(.emb_text) for SVC_Handler
    startup_stm32f407xx.o(RESET) refers to stm32f4xx_it.o(i.DebugMon_Handler) for DebugMon_Handler
    startup_stm32f407xx.o(RESET) refers to port.o(i.SysTick_Handler) for SysTick_Handler
    startup_stm32f407xx.o(RESET) refers to stm32f4xx_it.o(i.DMA1_Stream0_IRQHandler) for DMA1_Stream0_IRQHandler
    startup_stm32f407xx.o(RESET) refers to stm32f4xx_it.o(i.DMA1_Stream1_IRQHandler) for DMA1_Stream1_IRQHandler
    startup_stm32f407xx.o(RESET) refers to stm32f4xx_it.o(i.DMA1_Stream2_IRQHandler) for DMA1_Stream2_IRQHandler
    startup_stm32f407xx.o(RESET) refers to stm32f4xx_it.o(i.DMA1_Stream3_IRQHandler) for DMA1_Stream3_IRQHandler
    startup_stm32f407xx.o(RESET) refers to stm32f4xx_it.o(i.DMA1_Stream4_IRQHandler) for DMA1_Stream4_IRQHandler
    startup_stm32f407xx.o(RESET) refers to stm32f4xx_it.o(i.DMA1_Stream5_IRQHandler) for DMA1_Stream5_IRQHandler
    startup_stm32f407xx.o(RESET) refers to stm32f4xx_it.o(i.DMA1_Stream6_IRQHandler) for DMA1_Stream6_IRQHandler
    startup_stm32f407xx.o(RESET) refers to stm32f4xx_it.o(i.CAN1_TX_IRQHandler) for CAN1_TX_IRQHandler
    startup_stm32f407xx.o(RESET) refers to stm32f4xx_it.o(i.CAN1_RX0_IRQHandler) for CAN1_RX0_IRQHandler
    startup_stm32f407xx.o(RESET) refers to stm32f4xx_it.o(i.TIM1_UP_TIM10_IRQHandler) for TIM1_UP_TIM10_IRQHandler
    startup_stm32f407xx.o(RESET) refers to stm32f4xx_it.o(i.USART1_IRQHandler) for USART1_IRQHandler
    startup_stm32f407xx.o(RESET) refers to stm32f4xx_it.o(i.USART2_IRQHandler) for USART2_IRQHandler
    startup_stm32f407xx.o(RESET) refers to stm32f4xx_it.o(i.USART3_IRQHandler) for USART3_IRQHandler
    startup_stm32f407xx.o(RESET) refers to stm32f4xx_it.o(i.DMA1_Stream7_IRQHandler) for DMA1_Stream7_IRQHandler
    startup_stm32f407xx.o(RESET) refers to stm32f4xx_it.o(i.UART4_IRQHandler) for UART4_IRQHandler
    startup_stm32f407xx.o(RESET) refers to stm32f4xx_it.o(i.UART5_IRQHandler) for UART5_IRQHandler
    startup_stm32f407xx.o(RESET) refers to stm32f4xx_it.o(i.DMA2_Stream1_IRQHandler) for DMA2_Stream1_IRQHandler
    startup_stm32f407xx.o(RESET) refers to stm32f4xx_it.o(i.DMA2_Stream2_IRQHandler) for DMA2_Stream2_IRQHandler
    startup_stm32f407xx.o(RESET) refers to stm32f4xx_it.o(i.CAN2_TX_IRQHandler) for CAN2_TX_IRQHandler
    startup_stm32f407xx.o(RESET) refers to stm32f4xx_it.o(i.CAN2_RX0_IRQHandler) for CAN2_RX0_IRQHandler
    startup_stm32f407xx.o(RESET) refers to stm32f4xx_it.o(i.CAN2_RX1_IRQHandler) for CAN2_RX1_IRQHandler
    startup_stm32f407xx.o(RESET) refers to stm32f4xx_it.o(i.DMA2_Stream6_IRQHandler) for DMA2_Stream6_IRQHandler
    startup_stm32f407xx.o(RESET) refers to stm32f4xx_it.o(i.DMA2_Stream7_IRQHandler) for DMA2_Stream7_IRQHandler
    startup_stm32f407xx.o(RESET) refers to stm32f4xx_it.o(i.USART6_IRQHandler) for USART6_IRQHandler
    startup_stm32f407xx.o(.text) refers (Special) to heapauxi.o(.text) for __use_two_region_memory
    startup_stm32f407xx.o(.text) refers to system_stm32f4xx.o(i.SystemInit) for SystemInit
    startup_stm32f407xx.o(.text) refers to __main.o(!!!main) for __main
    startup_stm32f407xx.o(.text) refers to startup_stm32f407xx.o(HEAP) for Heap_Mem
    startup_stm32f407xx.o(.text) refers to startup_stm32f407xx.o(STACK) for Stack_Mem
    main.o(i.HAL_TIM_PeriodElapsedCallback) refers to stm32f4xx_hal.o(i.HAL_IncTick) for HAL_IncTick
    main.o(i.SystemClock_Config) refers to rt_memclr_w.o(.text) for __aeabi_memclr4
    main.o(i.SystemClock_Config) refers to stm32f4xx_hal_rcc.o(i.HAL_RCC_OscConfig) for HAL_RCC_OscConfig
    main.o(i.SystemClock_Config) refers to stm32f4xx_hal_rcc.o(i.HAL_RCC_ClockConfig) for HAL_RCC_ClockConfig
    main.o(i.main) refers to stm32f4xx_hal.o(i.HAL_Init) for HAL_Init
    main.o(i.main) refers to main.o(i.SystemClock_Config) for SystemClock_Config
[...]
    __arm_preinit_                            - Undefined Weak Reference
    __cpp_initialize__aeabi_                  - Undefined Weak Reference
    __cxa_finalize                            - Undefined Weak Reference
    __rt_locale                               - Undefined Weak Reference
    __sigvec_lookup                           - Undefined Weak Reference
    _atexit_init                              - Undefined Weak Reference
    _call_atexit_fns                          - Undefined Weak Reference
    _clock_init                               - Undefined Weak Reference
    _fp_trap_init                             - Undefined Weak Reference
    _fp_trap_shutdown                         - Undefined Weak Reference
    _get_lc_collate                           - Undefined Weak Reference
    _get_lc_ctype                             - Undefined Weak Reference
    _get_lc_monetary                          - Undefined Weak Reference
    _get_lc_numeric                           - Undefined Weak Reference
    _get_lc_time                              - Undefined Weak Reference
    _getenv_init                              - Undefined Weak Reference
    _handle_redirection                       - Undefined Weak Reference
    _init_alloc                               - Undefined Weak Reference
    _init_user_alloc                          - Undefined Weak Reference
    _initio                                   - Undefined Weak Reference
    _rand_init                                - Undefined Weak Reference
    _signal_finish                            - Undefined Weak Reference
    _signal_init                              - Undefined Weak Reference
    _terminate_alloc                          - Undefined Weak Reference
    _terminate_user_alloc                     - Undefined Weak Reference
    _terminateio                              - Undefined Weak Reference
    __Vectors_Size                           0x00000188   Number         0  startup_stm32f407xx.o ABSOLUTE
    __Vectors                                0x08000000   Data           4  startup_stm32f407xx.o(RESET)
    __Vectors_End                            0x08000188   Data           0  startup_stm32f407xx.o(RESET)
    __main                                   0x08000189   Thumb Code     8  __main.o(!!!main)
    __scatterload                            0x08000191   Thumb Code     0  __scatter.o(!!!scatter)
    __scatterload_rt2                        0x08000191   Thumb Code    44  __scatter.o(!!!scatter)
    __scatterload_rt2_thumb_only             0x08000191   Thumb Code     0  __scatter.o(!!!scatter)
    __scatterload_null                       0x0800019f   Thumb Code     0  __scatter.o(!!!scatter)
    __scatterload_copy                       0x080001c5   Thumb Code    26  __scatter_copy.o(!!handler_copy)
    __scatterload_zeroinit                   0x080001e1   Thumb Code    28  __scatter_zi.o(!!handler_zi)
    __rt_lib_init                            0x080001fd   Thumb Code     0  libinit.o(.ARM.Collect$$libinit$$00000000)
    __rt_lib_init_fp_1                       0x080001ff   Thumb Code     0  libinit2.o(.ARM.Collect$$libinit$$00000001)
    __rt_lib_init_alloca_1                   0x08000203   Thumb Code     0  libinit2.o(.ARM.Collect$$libinit$$0000002E)
    __rt_lib_init_argv_1                     0x08000203   Thumb Code     0  libinit2.o(.ARM.Collect$$libinit$$0000002C)
    __rt_lib_init_atexit_1                   0x08000203   Thumb Code     0  libinit2.o(.ARM.Collect$$libinit$$0000001B)
    __rt_lib_init_clock_1                    0x08000203   Thumb Code     0  libinit2.o(.ARM.Collect$$libinit$$00000021)
    __rt_lib_init_cpp_1                      0x08000203   Thumb Code     0  libinit2.o(.ARM.Collect$$libinit$$00000032)
    __rt_lib_init_exceptions_1               0x08000203   Thumb Code     0  libinit2.o(.ARM.Collect$$libinit$$00000030)
    __rt_lib_init_fp_trap_1                  0x08000203   Thumb Code     0  libinit2.o(.ARM.Collect$$libinit$$0000001F)
    __rt_lib_init_getenv_1                   0x08000203   Thumb Code     0  libinit2.o(.ARM.Collect$$libinit$$00000023)
    __rt_lib_init_heap_1                     0x08000203   Thumb Code     0  libinit2.o(.ARM.Collect$$libinit$$0000000A)
    __rt_lib_init_lc_collate_1               0x08000203   Thumb Code     0  libinit2.o(.ARM.Collect$$libinit$$00000011)
    __rt_lib_init_lc_ctype_1                 0x08000203   Thumb Code     0  libinit2.o(.ARM.Collect$$libinit$$00000013)
    __rt_lib_init_lc_monetary_1              0x08000203   Thumb Code     0  libinit2.o(.ARM.Collect$$libinit$$00000015)
    __rt_lib_init_lc_numeric_1               0x08000203   Thumb Code     0  libinit2.o(.ARM.Collect$$libinit$$00000017)
    __rt_lib_init_lc_time_1                  0x08000203   Thumb Code     0  libinit2.o(.ARM.Collect$$libinit$$00000019)
    __rt_lib_init_preinit_1                  0x08000203   Thumb Code     0  libinit2.o(.ARM.Collect$$libinit$$00000004)
    __rt_lib_init_rand_1                     0x08000203   Thumb Code     0  libinit2.o(.ARM.Collect$$libinit$$0000000E)
    __rt_lib_init_return                     0x08000203   Thumb Code     0  libinit2.o(.ARM.Collect$$libinit$$00000033)
    __rt_lib_init_signal_1                   0x08000203   Thumb Code     0  libinit2.o(.ARM.Collect$$libinit$$0000001D)
    __rt_lib_init_stdio_1                    0x08000203   Thumb Code     0  libinit2.o(.ARM.Collect$$libinit$$00000025)
    __rt_lib_init_user_alloc_1               0x08000203   Thumb Code     0  libinit2.o(.ARM.Collect$$libinit$$0000000C)
    __rt_lib_shutdown                        0x08000205   Thumb Code     0  libshutdown.o(.ARM.Collect$$libshutdown$$00000000)
    __rt_lib_shutdown_cpp_1                  0x08000207   Thumb Code     0  libshutdown2.o(.ARM.Collect$$libshutdown$$00000002)
    __rt_lib_shutdown_fp_trap_1              0x08000207   Thumb Code     0  libshutdown2.o(.ARM.Collect$$libshutdown$$00000007)
    __rt_lib_shutdown_heap_1                 0x08000207   Thumb Code     0  libshutdown2.o(.ARM.Collect$$libshutdown$$0000000F)
    __rt_lib_shutdown_return                 0x08000207   Thumb Code     0  libshutdown2.o(.ARM.Collect$$libshutdown$$00000010)
    __rt_lib_shutdown_signal_1               0x08000207   Thumb Code     0  libshutdown2.o(.ARM.Collect$$libshutdown$$0000000A)
    __rt_lib_shutdown_stdio_1                0x08000207   Thumb Code     0  libshutdown2.o(.ARM.Collect$$libshutdown$$00000004)
    __rt_lib_shutdown_user_alloc_1           0x08000207   Thumb Code     0  libshutdown2.o(.ARM.Collect$$libshutdown$$0000000C)
    __rt_entry                               0x08000209   Thumb Code     0  __rtentry.o(.ARM.Collect$$rtentry$$00000000)
    __rt_entry_presh_1                       0x08000209   Thumb Code     0  __rtentry2.o(.ARM.Collect$$rtentry$$00000002)
    __rt_entry_sh                            0x08000209   Thumb Code     0  __rtentry4.o(.ARM.Collect$$rtentry$$00000004)
    __rt_entry_li                            0x0800020f   Thumb Code     0  __rtentry2.o(.ARM.Collect$$rtentry$$0000000A)
    __rt_entry_postsh_1                      0x0800020f   Thumb Code     0  __rtentry2.o(.ARM.Collect$$rtentry$$00000009)
    __rt_entry_main                          0x08000213   Thumb Code     0  __rtentry2.o(.ARM.Collect$$rtentry$$0000000D)
    __rt_entry_postli_1                      0x08000213   Thumb Code     0  __rtentry2.o(.ARM.Collect$$rtentry$$0000000C)
    __rt_exit                                0x0800021b   Thumb Code     0  rtexit.o(.ARM.Collect$$rtexit$$00000000)
    __rt_exit_ls                             0x0800021d   Thumb Code     0  rtexit2.o(.ARM.Collect$$rtexit$$00000003)
    __rt_exit_prels_1                        0x0800021d   Thumb Code     0  rtexit2.o(.ARM.Collect$$rtexit$$00000002)
    __rt_exit_exit                           0x08000221   Thumb Code     0  rtexit2.o(.ARM.Collect$$rtexit$$00000004)
    SVC_Handler                              0x08000229   Thumb Code    28  port.o(.emb_text)
    __asm___6_port_c_39a90d8d__prvStartFirstTask 0x08000249   Thumb Code    36  port.o(.emb_text)
    __asm___6_port_c_39a90d8d__prvEnableVFP  0x08000271   Thumb Code    16  port.o(.emb_text)
    PendSV_Handler                           0x08000285   Thumb Code    88  port.o(.emb_text)
    vPortGetIPSR                             0x080002e1   Thumb Code     6  port.o(.emb_text)
    Reset_Handler                            0x080002e9   Thumb Code     8  startup_stm32f407xx.o(.text)
    ADC_IRQHandler                           0x08000303   Thumb Code     0  startup_stm32f407xx.o(.text)
    CAN1_RX1_IRQHandler                      0x08000303   Thumb Code     0  startup_stm32f407xx.o(.text)
    CAN1_SCE_IRQHandler                      0x08000303   Thumb Code     0  startup_stm32f407xx.o(.text)
    CAN2_SCE_IRQHandler                      0x08000303   Thumb Code     0  startup_stm32f407xx.o(.text)
    DCMI_IRQHandler                          0x08000303   Thumb Code     0  startup_stm32f407xx.o(.text)
    DMA2_Stream0_IRQHandler                  0x08000303   Thumb Code     0  startup_stm32f407xx.o(.text)
    DMA2_Stream3_IRQHandler                  0x08000303   Thumb Code     0  startup_stm32f407xx.o(.text)
    DMA2_Stream4_IRQHandler                  0x08000303   Thumb Code     0  startup_stm32f407xx.o(.text)
    DMA2_Stream5_IRQHandler                  0x08000303   Thumb Code     0  startup_stm32f407xx.o(.text)
    ETH_IRQHandler                           0x08000303   Thumb Code     0  startup_stm32f407xx.o(.text)
    ETH_WKUP_IRQHandler                      0x08000303   Thumb Code     0  startup_stm32f407xx.o(.text)
    EXTI0_IRQHandler                         0x08000303   Thumb Code     0  startup_stm32f407xx.o(.text)
    EXTI15_10_IRQHandler                     0x08000303   Thumb Code     0  startup_stm32f407xx.o(.text)
    EXTI1_IRQHandler                         0x08000303   Thumb Code     0  startup_stm32f407xx.o(.text)
    EXTI2_IRQHandler                         0x08000303   Thumb Code     0  startup_stm32f407xx.o(.text)
    EXTI3_IRQHandler                         0x08000303   Thumb Code     0  startup_stm32f407xx.o(.text)
    EXTI4_IRQHandler                         0x08000303   Thumb Code     0  startup_stm32f407xx.o(.text)
    EXTI9_5_IRQHandler                       0x08000303   Thumb Code     0  startup_stm32f407xx.o(.text)
    FLASH_IRQHandler                         0x08000303   Thumb Code     0  startup_stm32f407xx.o(.text)
    FMC_IRQHandler                           0x08000303   Thumb Code     0  startup_stm32f407xx.o(.text)
    FPU_IRQHandler                           0x08000303   Thumb Code     0  startup_stm32f407xx.o(.text)
    HASH_RNG_IRQHandler                      0x08000303   Thumb Code     0  startup_stm32f407xx.o(.text)
    I2C1_ER_IRQHandler                       0x08000303   Thumb Code     0  startup_stm32f407xx.o(.text)
    I2C1_EV_IRQHandler                       0x08000303   Thumb Code     0  startup_stm32f407xx.o(.text)
    I2C2_ER_IRQHandler                       0x08000303   Thumb Code     0  startup_stm32f407xx.o(.text)
    I2C2_EV_IRQHandler                       0x08000303   Thumb Code     0  startup_stm32f407xx.o(.text)
    I2C3_ER_IRQHandler                       0x08000303   Thumb Code     0  startup_stm32f407xx.o(.text)
    I2C3_EV_IRQHandler                       0x08000303   Thumb Code     0  startup_stm32f407xx.o(.text)
    OTG_FS_IRQHandler                        0x08000303   Thumb Code     0  startup_stm32f407xx.o(.text)
    OTG_FS_WKUP_IRQHandler                   0x08000303   Thumb Code     0  startup_stm32f407xx.o(.text)
    OTG_HS_EP1_IN_IRQHandler                 0x08000303   Thumb Code     0  startup_stm32f407xx.o(.text)
    OTG_HS_EP1_OUT_IRQHandler                0x08000303   Thumb Code     0  startup_stm32f407xx.o(.text)
    OTG_HS_IRQHandler                        0x08000303   Thumb Code     0  startup_stm32f407xx.o(.text)
    OTG_HS_WKUP_IRQHandler                   0x08000303   Thumb Code     0  startup_stm32f407xx.o(.text)
    PVD_IRQHandler                           0x08000303   Thumb Code     0  startup_stm32f407xx.o(.text)
    RCC_IRQHandler                           0x08000303   Thumb Code     0  startup_stm32f407xx.o(.text)
    RTC_Alarm_IRQHandler                     0x08000303   Thumb Code     0  startup_stm32f407xx.o(.text)
    RTC_WKUP_IRQHandler                      0x08000303   Thumb Code     0  startup_stm32f407xx.o(.text)
    SDIO_IRQHandler                          0x08000303   Thumb Code     0  startup_stm32f407xx.o(.text)
    SPI1_IRQHandler                          0x08000303   Thumb Code     0  startup_stm32f407xx.o(.text)
    SPI2_IRQHandler                          0x08000303   Thumb Code     0  startup_stm32f407xx.o(.text)
    SPI3_IRQHandler                          0x08000303   Thumb Code     0  startup_stm32f407xx.o(.text)
    TAMP_STAMP_IRQHandler                    0x08000303   Thumb Code     0  startup_stm32f407xx.o(.text)
    TIM1_BRK_TIM9_IRQHandler                 0x08000303   Thumb Code     0  startup_stm32f407xx.o(.text)
    TIM1_CC_IRQHandler                       0x08000303   Thumb Code     0  startup_stm32f407xx.o(.text)
    TIM1_TRG_COM_TIM11_IRQHandler            0x08000303   Thumb Code     0  startup_stm32f407xx.o(.text)
    TIM2_IRQHandler                          0x08000303   Thumb Code     0  startup_stm32f407xx.o(.text)
    TIM3_IRQHandler                          0x08000303   Thumb Code     0  startup_stm32f407xx.o(.text)
    TIM4_IRQHandler                          0x08000303   Thumb Code     0  startup_stm32f407xx.o(.text)
    TIM5_IRQHandler                          0x08000303   Thumb Code     0  startup_stm32f407xx.o(.text)
    TIM6_DAC_IRQHandler                      0x08000303   Thumb Code     0  startup_stm32f407xx.o(.text)
    TIM7_IRQHandler                          0x08000303   Thumb Code     0  startup_stm32f407xx.o(.text)
    TIM8_BRK_TIM12_IRQHandler                0x08000303   Thumb Code     0  startup_stm32f407xx.o(.text)
    TIM8_CC_IRQHandler                       0x08000303   Thumb Code     0  startup_stm32f407xx.o(.text)
    TIM8_TRG_COM_TIM14_IRQHandler            0x08000303   Thumb Code     0  startup_stm32f407xx.o(.text)
    TIM8_UP_TIM13_IRQHandler                 0x08000303   Thumb Code     0  startup_stm32f407xx.o(.text)
    WWDG_IRQHandler                          0x08000303   Thumb Code     0  startup_stm32f407xx.o(.text)
    __user_initial_stackheap                 0x08000305   Thumb Code     0  startup_stm32f407xx.o(.text)
    __aeabi_uldivmod                         0x08000329   Thumb Code     0  lludivv7m.o(.text)
    _ll_udiv                                 0x08000329   Thumb Code   238  lludivv7m.o(.text)
    __aeabi_memcpy                           0x08000417   Thumb Code     0  rt_memcpy_v6.o(.text)
    __rt_memcpy                              0x08000417   Thumb Code   138  rt_memcpy_v6.o(.text)
    _memcpy_lastbytes                        0x0800047d   Thumb Code     0  rt_memcpy_v6.o(.text)
    __aeabi_memcpy4                          0x080004a1   Thumb Code     0  rt_memcpy_w.o(.text)
    __aeabi_memcpy8                          0x080004a1   Thumb Code     0  rt_memcpy_w.o(.text)
    __rt_memcpy_w                            0x080004a1   Thumb Code   100  rt_memcpy_w.o(.text)
    _memcpy_lastbytes_aligned                0x080004e9   Thumb Code     0  rt_memcpy_w.o(.text)
    __aeabi_memclr                           0x08000505   Thumb Code     0  rt_memclr.o(.text)
    __rt_memclr                              0x08000505   Thumb Code    68  rt_memclr.o(.text)
    _memset                                  0x08000509   Thumb Code     0  rt_memclr.o(.text)
    __aeabi_memclr4                          0x08000549   Thumb Code     0  rt_memclr_w.o(.text)
    __aeabi_memclr8                          0x08000549   Thumb Code     0  rt_memclr_w.o(.text)
    __rt_memclr_w                            0x08000549   Thumb Code    78  rt_memclr_w.o(.text)
    _memset_w                                0x0800054d   Thumb Code     0  rt_memclr_w.o(.text)
    __use_two_region_memory                  0x08000597   Thumb Code     2  heapauxi.o(.text)
    __rt_heap_escrow$2region                 0x08000599   Thumb Code     2  heapauxi.o(.text)
    __rt_heap_expand$2region                 0x0800059b   Thumb Code     2  heapauxi.o(.text)
    __read_errno                             0x0800059d   Thumb Code    10  _rserrno.o(.text)
    __set_errno                              0x080005a7   Thumb Code    12  _rserrno.o(.text)
    __aeabi_errno_addr                       0x080005b5   Thumb Code     8  rt_errno_addr_intlibspace.o(.text)
    __errno$intlibspace                      0x080005b5   Thumb Code     0  rt_errno_addr_intlibspace.o(.text)
    __rt_errno_addr$intlibspace              0x080005b5   Thumb Code     0  rt_errno_addr_intlibspace.o(.text)
    __user_libspace                          0x080005bd   Thumb Code     8  libspace.o(.text)
    __user_perproc_libspace                  0x080005bd   Thumb Code     0  libspace.o(.text)
    __user_perthread_libspace                0x080005bd   Thumb Code     0  libspace.o(.text)
    __user_setup_stackheap                   0x080005c5   Thumb Code    74  sys_stackheap_outer.o(.text)
    exit                                     0x0800060f   Thumb Code    18  exit.o(.text)
    _sys_exit                                0x08000621   Thumb Code     8  sys_exit.o(.text)
    __I$use$semihosting                      0x0800062d   Thumb Code     0  use_no_semi.o(.text)
    __use_no_semihosting_swi                 0x0800062d   Thumb Code     2  use_no_semi.o(.text)
    BusFault_Handler                         0x0800062f   Thumb Code     2  stm32f4xx_it.o(i.BusFault_Handler)
    __semihosting_library_function           0x0800062f   Thumb Code     0  indicate_semi.o(.text)
    CAN1_RX0_IRQHandler                      0x08000631   Thumb Code     6  stm32f4xx_it.o(i.CAN1_RX0_IRQHandler)
    CAN1_TX_IRQHandler                       0x0800063d   Thumb Code     6  stm32f4xx_it.o(i.CAN1_TX_IRQHandler)
    CAN2_RX0_IRQHandler                      0x08000649   Thumb Code     6  stm32f4xx_it.o(i.CAN2_RX0_IRQHandler)
    CAN2_RX1_IRQHandler                      0x08000655   Thumb Code     6  stm32f4xx_it.o(i.CAN2_RX1_IRQHandler)
    CAN2_TX_IRQHandler                       0x08000661   Thumb Code     6  stm32f4xx_it.o(i.CAN2_TX_IRQHandler)
    DMA1_Stream0_IRQHandler                  0x0800066d   Thumb Code     6  stm32f4xx_it.o(i.DMA1_Stream0_IRQHandler)
    DMA1_Stream1_IRQHandler                  0x08000679   Thumb Code     6  stm32f4xx_it.o(i.DMA1_Stream1_IRQHandler)
    DMA1_Stream2_IRQHandler                  0x08000685   Thumb Code     6  stm32f4xx_it.o(i.DMA1_Stream2_IRQHandler)
    DMA1_Stream3_IRQHandler                  0x08000691   Thumb Code     6  stm32f4xx_it.o(i.DMA1_Stream3_IRQHandler)
    DMA1_Stream4_IRQHandler                  0x0800069d   Thumb Code     6  stm32f4xx_it.o(i.DMA1_Stream4_IRQHandler)
    DMA1_Stream5_IRQHandler                  0x080006a9   Thumb Code     6  stm32f4xx_it.o(i.DMA1_Stream5_IRQHandler)
    DMA1_Stream6_IRQHandler                  0x080006b5   Thumb Code     6  stm32f4xx_it.o(i.DMA1_Stream6_IRQHandler)
    DMA1_Stream7_IRQHandler                  0x080006c1   Thumb Code     6  stm32f4xx_it.o(i.DMA1_Stream7_IRQHandler)
    DMA2_Stream1_IRQHandler                  0x080006cd   Thumb Code     6  stm32f4xx_it.o(i.DMA2_Stream1_IRQHandler)
    DMA2_Stream2_IRQHandler                  0x080006d9   Thumb Code     6  stm32f4xx_it.o(i.DMA2_Stream2_IRQHandler)
    DMA2_Stream6_IRQHandler                  0x080006e5   Thumb Code     6  stm32f4xx_it.o(i.DMA2_Stream6_IRQHandler)
    DMA2_Stream7_IRQHandler                  0x080006f1   Thumb Code     6  stm32f4xx_it.o(i.DMA2_Stream7_IRQHandler)
    DebugMon_Handler                         0x080007a1   Thumb Code     2  stm32f4xx_it.o(i.DebugMon_Handler)
    Error_Handler                            0x080007a3   Thumb Code     2  main.o(i.Error_Handler)
    HAL_CAN_ActivateNotification             0x080007a5   Thumb Code    36  stm32f4xx_hal_can.o(i.HAL_CAN_ActivateNotification)
    HAL_CAN_ConfigFilter                     0x080007c9   Thumb Code   262  stm32f4xx_hal_can.o(i.HAL_CAN_ConfigFilter)
    HAL_CAN_ErrorCallback                    0x080008d5   Thumb Code     2  stm32f4xx_hal_can.o(i.HAL_CAN_ErrorCallback)
    HAL_CAN_GetRxMessage                     0x080008d7   Thumb Code   232  stm32f4xx_hal_can.o(i.HAL_CAN_GetRxMessage)
    HAL_CAN_IRQHandler                       0x080009bf   Thumb Code   508  stm32f4xx_hal_can.o(i.HAL_CAN_IRQHandler)
    HAL_CAN_Init                             0x08000bbb   Thumb Code   282  stm32f4xx_hal_can.o(i.HAL_CAN_Init)
    HAL_CAN_MspInit                          0x08000cd5   Thumb Code   276  can.o(i.HAL_CAN_MspInit)
    HAL_CAN_RxFifo0FullCallback              0x08000e01   Thumb Code     2  stm32f4xx_hal_can.o(i.HAL_CAN_RxFifo0FullCallback)
    HAL_CAN_RxFifo0MsgPendingCallback        0x08000e05   Thumb Code   170  bsp_can.o(i.HAL_CAN_RxFifo0MsgPendingCallback)
    HAL_CAN_RxFifo1FullCallback              0x08000ec5   Thumb Code     2  stm32f4xx_hal_can.o(i.HAL_CAN_RxFifo1FullCallback)
    HAL_CAN_RxFifo1MsgPendingCallback        0x08000ec7   Thumb Code     2  stm32f4xx_hal_can.o(i.HAL_CAN_RxFifo1MsgPendingCallback)
    HAL_CAN_SleepCallback                    0x08000ec9   Thumb Code     2  stm32f4xx_hal_can.o(i.HAL_CAN_SleepCallback)
    HAL_CAN_Start                            0x08000ecd   Thumb Code    88  stm32f4xx_hal_can.o(i.HAL_CAN_Start)
    HAL_CAN_TxMailbox0AbortCallback          0x08000f25   Thumb Code     2  stm32f4xx_hal_can.o(i.HAL_CAN_TxMailbox0AbortCallback)
    HAL_CAN_TxMailbox0CompleteCallback       0x08000f27   Thumb Code     2  stm32f4xx_hal_can.o(i.HAL_CAN_TxMailbox0CompleteCallback)
    HAL_CAN_TxMailbox1AbortCallback          0x08000f29   Thumb Code     2  stm32f4xx_hal_can.o(i.HAL_CAN_TxMailbox1AbortCallback)
    HAL_CAN_TxMailbox1CompleteCallback       0x08000f2b   Thumb Code     2  stm32f4xx_hal_can.o(i.HAL_CAN_TxMailbox1CompleteCallback)
    HAL_CAN_TxMailbox2AbortCallback          0x08000f2d   Thumb Code     2  stm32f4xx_hal_can.o(i.HAL_CAN_TxMailbox2AbortCallback)
    HAL_CAN_TxMailbox2CompleteCallback       0x08000f2f   Thumb Code     2  stm32f4xx_hal_can.o(i.HAL_CAN_TxMailbox2CompleteCallback)
    HAL_CAN_WakeUpFromRxMsgCallback          0x08000f31   Thumb Code     2  stm32f4xx_hal_can.o(i.HAL_CAN_WakeUpFromRxMsgCallback)
    HAL_DMA_Abort                            0x08000f33   Thumb Code   142  stm32f4xx_hal_dma.o(i.HAL_DMA_Abort)
    HAL_DMA_Abort_IT                         0x08000fc1   Thumb Code    36  stm32f4xx_hal_dma.o(i.HAL_DMA_Abort_IT)
    HAL_DMA_IRQHandler                       0x08000fe5   Thumb Code   412  stm32f4xx_hal_dma.o(i.HAL_DMA_IRQHandler)
    HAL_DMA_Init                             0x08001185   Thumb Code   206  stm32f4xx_hal_dma.o(i.HAL_DMA_Init)
    HAL_DMA_Start_IT                         0x08001259   Thumb Code   120  stm32f4xx_hal_dma.o(i.HAL_DMA_Start_IT)
    HAL_Delay                                0x080012d1   Thumb Code    32  stm32f4xx_hal.o(i.HAL_Delay)
    HAL_GPIO_Init                            0x080012f5   Thumb Code   388  stm32f4xx_hal_gpio.o(i.HAL_GPIO_Init)
    HAL_GPIO_ReadPin                         0x080014a5   Thumb Code    10  stm32f4xx_hal_gpio.o(i.HAL_GPIO_ReadPin)
    HAL_GetTick                              0x080014b1   Thumb Code     6  stm32f4xx_hal.o(i.HAL_GetTick)
    HAL_IncTick                              0x080014bd   Thumb Code    12  stm32f4xx_hal.o(i.HAL_IncTick)
    HAL_Init                                 0x080014cd   Thumb Code    48  stm32f4xx_hal.o(i.HAL_Init)
    HAL_InitTick                             0x08001501   Thumb Code   100  stm32f4xx_hal_timebase_tim.o(i.HAL_InitTick)
    HAL_MspInit                              0x08001575   Thumb Code    52  stm32f4xx_hal_msp.o(i.HAL_MspInit)
    HAL_NVIC_EnableIRQ                       0x080015ad   Thumb Code    26  stm32f4xx_hal_cortex.o(i.HAL_NVIC_EnableIRQ)
    HAL_NVIC_SetPriority                     0x080015c9   Thumb Code    60  stm32f4xx_hal_cortex.o(i.HAL_NVIC_SetPriority)
    HAL_NVIC_SetPriorityGrouping             0x08001609   Thumb Code    26  stm32f4xx_hal_cortex.o(i.HAL_NVIC_SetPriorityGrouping)
    HAL_RCC_ClockConfig                      0x0800162d   Thumb Code   286  stm32f4xx_hal_rcc.o(i.HAL_RCC_ClockConfig)
    HAL_RCC_GetClockConfig                   0x0800175d   Thumb Code    54  stm32f4xx_hal_rcc.o(i.HAL_RCC_GetClockConfig)
    HAL_RCC_GetPCLK1Freq                     0x0800179d   Thumb Code    20  stm32f4xx_hal_rcc.o(i.HAL_RCC_GetPCLK1Freq)
    HAL_RCC_GetPCLK2Freq                     0x080017bd   Thumb Code    20  stm32f4xx_hal_rcc.o(i.HAL_RCC_GetPCLK2Freq)
    HAL_RCC_GetSysClockFreq                  0x080017dd   Thumb Code    66  stm32f4xx_hal_rcc.o(i.HAL_RCC_GetSysClockFreq)
    HAL_RCC_OscConfig                        0x08001829   Thumb Code   770  stm32f4xx_hal_rcc.o(i.HAL_RCC_OscConfig)
    HAL_TIMEx_BreakCallback                  0x08001b45   Thumb Code     2  stm32f4xx_hal_tim_ex.o(i.HAL_TIMEx_BreakCallback)
    HAL_TIMEx_CommutCallback                 0x08001b47   Thumb Code     2  stm32f4xx_hal_tim_ex.o(i.HAL_TIMEx_CommutCallback)
    HAL_TIM_Base_Init                        0x08001b49   Thumb Code    54  stm32f4xx_hal_tim.o(i.HAL_TIM_Base_Init)
    HAL_TIM_Base_MspInit                     0x08001b81   Thumb Code    30  tim.o(i.HAL_TIM_Base_MspInit)
    HAL_TIM_Base_Start_IT                    0x08001ba9   Thumb Code    34  stm32f4xx_hal_tim.o(i.HAL_TIM_Base_Start_IT)
    HAL_TIM_IC_CaptureCallback               0x08001bcb   Thumb Code     2  stm32f4xx_hal_tim.o(i.HAL_TIM_IC_CaptureCallback)
    HAL_TIM_IRQHandler                       0x08001bcd   Thumb Code   358  stm32f4xx_hal_tim.o(i.HAL_TIM_IRQHandler)
    HAL_TIM_OC_DelayElapsedCallback          0x08001d33   Thumb Code     2  stm32f4xx_hal_tim.o(i.HAL_TIM_OC_DelayElapsedCallback)
    HAL_TIM_PWM_PulseFinishedCallback        0x08001d35   Thumb Code     2  stm32f4xx_hal_tim.o(i.HAL_TIM_PWM_PulseFinishedCallback)
    HAL_TIM_PeriodElapsedCallback            0x08001d39   Thumb Code    14  main.o(i.HAL_TIM_PeriodElapsedCallback)
    HAL_TIM_TriggerCallback                  0x08001d4d   Thumb Code     2  stm32f4xx_hal_tim.o(i.HAL_TIM_TriggerCallback)
    HAL_UART_DMAStop                         0x08001d4f   Thumb Code    88  stm32f4xx_hal_uart.o(i.HAL_UART_DMAStop)
    HAL_UART_ErrorCallback                   0x08001da7   Thumb Code     2  stm32f4xx_hal_uart.o(i.HAL_UART_ErrorCallback)
    HAL_UART_IRQHandler                      0x08001da9   Thumb Code   266  stm32f4xx_hal_uart.o(i.HAL_UART_IRQHandler)
    HAL_UART_Init                            0x08001eb9   Thumb Code    98  stm32f4xx_hal_uart.o(i.HAL_UART_Init)
    HAL_UART_MspInit                         0x08001f1d   Thumb Code  1230  usart.o(i.HAL_UART_MspInit)
    HAL_UART_Receive_DMA                     0x08002401   Thumb Code   138  stm32f4xx_hal_uart.o(i.HAL_UART_Receive_DMA)
    HAL_UART_RxCpltCallback                  0x08002499   Thumb Code     2  stm32f4xx_hal_uart.o(i.HAL_UART_RxCpltCallback)
    HAL_UART_RxHalfCpltCallback              0x0800249b   Thumb Code     2  stm32f4xx_hal_uart.o(i.HAL_UART_RxHalfCpltCallback)
    HAL_UART_TxCpltCallback                  0x0800249d   Thumb Code     2  stm32f4xx_hal_uart.o(i.HAL_UART_TxCpltCallback)
    HardFault_Handler                        0x0800249f   Thumb Code     2  stm32f4xx_it.o(i.HardFault_Handler)
    MX_CAN1_Init                             0x080024a1   Thumb Code    60  can.o(i.MX_CAN1_Init)
    MX_CAN2_Init                             0x080024e5   Thumb Code    60  can.o(i.MX_CAN2_Init)
    MX_DMA_Init                              0x08002529   Thumb Code   232  dma.o(i.MX_DMA_Init)
    MX_FREERTOS_Init                         0x08002615   Thumb Code   104  freertos.o(i.MX_FREERTOS_Init)
    MX_GPIO_Init                             0x08002685   Thumb Code   116  gpio.o(i.MX_GPIO_Init)
    MX_TIM14_Init                            0x08002701   Thumb Code    48  tim.o(i.MX_TIM14_Init)
    MX_UART4_Init                            0x08002739   Thumb Code    48  usart.o(i.MX_UART4_Init)
    MX_UART5_Init                            0x08002771   Thumb Code    48  usart.o(i.MX_UART5_Init)
    MX_USART1_UART_Init                      0x080027a9   Thumb Code    54  usart.o(i.MX_USART1_UART_Init)
    MX_USART2_UART_Init                      0x080027ed   Thumb Code    48  usart.o(i.MX_USART2_UART_Init)
    MX_USART3_UART_Init                      0x08002825   Thumb Code    48  usart.o(i.MX_USART3_UART_Init)
    MX_USART6_UART_Init                      0x0800285d   Thumb Code    48  usart.o(i.MX_USART6_UART_Init)
    MemManage_Handler                        0x08002895   Thumb Code     2  stm32f4xx_it.o(i.MemManage_Handler)
    NMI_Handler                              0x08002897   Thumb Code     2  stm32f4xx_it.o(i.NMI_Handler)
    PID_struct_init                          0x08002899   Thumb Code    16  pid.o(i.PID_struct_init)
    StartDefaultTask                         0x080028b1   Thumb Code    14  freertos.o(i.StartDefaultTask)
    SysTick_Handler                          0x080028c5   Thumb Code    38  port.o(i.SysTick_Handler)
    SystemClock_Config                       0x080028f1   Thumb Code   124  main.o(i.SystemClock_Config)
    SystemInit                               0x08002975   Thumb Code    66  system_stm32f4xx.o(i.SystemInit)
    TIM1_UP_TIM10_IRQHandler                 0x080029c9   Thumb Code     6  stm32f4xx_it.o(i.TIM1_UP_TIM10_IRQHandler)
    TIM_Base_SetConfig                       0x080029d5   Thumb Code   156  stm32f4xx_hal_tim.o(i.TIM_Base_SetConfig)
    T_imu_calcu                              0x08002a9d   Thumb Code    62  bsp_t_imu.o(i.T_imu_calcu)
    UART4_IRQHandler                         0x08002ae5   Thumb Code    18  stm32f4xx_it.o(i.UART4_IRQHandler)
    UART5_IRQHandler                         0x08002afd   Thumb Code    18  stm32f4xx_it.o(i.UART5_IRQHandler)
    USART1_IRQHandler                        0x08002f89   Thumb Code    18  stm32f4xx_it.o(i.USART1_IRQHandler)
    USART2_IRQHandler                        0x08002fa1   Thumb Code    18  stm32f4xx_it.o(i.USART2_IRQHandler)
    USART3_IRQHandler                        0x08002fb9   Thumb Code    18  stm32f4xx_it.o(i.USART3_IRQHandler)
    USART6_IRQHandler                        0x08002fd1   Thumb Code    18  stm32f4xx_it.o(i.USART6_IRQHandler)
    USER_UART_IDLECallback                   0x08002fe9   Thumb Code   200  bsp_uart.o(i.USER_UART_IDLECallback)
    USER_UART_IRQHandler                     0x080030d1   Thumb Code    38  bsp_uart.o(i.USER_UART_IRQHandler)
    USER_UART_Init                           0x080030f9   Thumb Code   124  bsp_uart.o(i.USER_UART_Init)
    UsageFault_Handler                       0x0800318d   Thumb Code     2  stm32f4xx_it.o(i.UsageFault_Handler)
    __ARM_fpclassify                         0x0800318f   Thumb Code    48  fpclassify.o(i.__ARM_fpclassify)
    __hardfp_pow                             0x080031e1   Thumb Code  3072  pow.o(i.__hardfp_pow)
    __kernel_poly                            0x08003e31   Thumb Code   248  poly.o(i.__kernel_poly)
    __mathlib_dbl_divzero                    0x08003f29   Thumb Code    28  dunder.o(i.__mathlib_dbl_divzero)
    __mathlib_dbl_infnan2                    0x08003f59   Thumb Code    20  dunder.o(i.__mathlib_dbl_infnan2)
    __mathlib_dbl_invalid                    0x08003f71   Thumb Code    24  dunder.o(i.__mathlib_dbl_invalid)
    __mathlib_dbl_overflow                   0x08003f91   Thumb Code    24  dunder.o(i.__mathlib_dbl_overflow)
    __mathlib_dbl_underflow                  0x08003fb1   Thumb Code    24  dunder.o(i.__mathlib_dbl_underflow)
    can_device_init                          0x08003fd1   Thumb Code   110  bsp_can.o(i.can_device_init)
    chassisStateInit                         0x08004049   Thumb Code    24  chassis_task.o(i.chassisStateInit)
    chassis_param_init                       0x08004065   Thumb Code    70  chassis_task.o(i.chassis_param_init)
    chassis_task                             0x080040b9   Thumb Code    78  chassis_task.o(i.chassis_task)
    debug_task                               0x08004115   Thumb Code    18  debug_task.o(i.debug_task)
    encoder_data_handler                     0x08004127   Thumb Code    58  bsp_can.o(i.encoder_data_handler)
    event_goStraight                         0x08004161   Thumb Code    50  chassis_task.o(i.event_goStraight)
    event_idle                               0x0800419d   Thumb Code    44  chassis_task.o(i.event_idle)
    event_rotate                             0x080041d1   Thumb Code    58  chassis_task.o(i.event_rotate)
    event_stop                               0x08004211   Thumb Code    64  chassis_task.o(i.event_stop)
    fabs                                     0x08004259   Thumb Code    24  fabs.o(i.fabs)
    getLimitStatus                           0x08004271   Thumb Code    50  bsp_limit.o(i.getLimitStatus)
    getWT53Rdis                              0x080042ad   Thumb Code   158  bsp_wt53r.o(i.getWT53Rdis)
    get_sw_mode                              0x0800435d   Thumb Code    28  modeswitch_task.o(i.get_sw_mode)
    main                                     0x0800438d   Thumb Code    78  main.o(i.main)
    modeSwitch_task                          0x080043e9   Thumb Code    38  modeswitch_task.o(i.modeSwitch_task)
    osDelay                                  0x08004415   Thumb Code    14  cmsis_os.o(i.osDelay)
    osDelayUntil                             0x08004423   Thumb Code    14  cmsis_os.o(i.osDelayUntil)
    osKernelStart                            0x08004431   Thumb Code    10  cmsis_os.o(i.osKernelStart)
    osKernelSysTick                          0x0800443b   Thumb Code    24  cmsis_os.o(i.osKernelSysTick)
    osThreadCreate                           0x08004453   Thumb Code    84  cmsis_os.o(i.osThreadCreate)
    pvPortMalloc                             0x08004be9   Thumb Code   210  heap_4.o(i.pvPortMalloc)
    pxPortInitialiseStack                    0x08004cc1   Thumb Code    40  port.o(i.pxPortInitialiseStack)
    rc_callback_handler                      0x08004ced   Thumb Code   190  remote_msg.o(i.rc_callback_handler)
    remote_unlock                            0x08004dad   Thumb Code    42  modeswitch_task.o(i.remote_unlock)
    sqrt                                     0x08004de1   Thumb Code   110  sqrt.o(i.sqrt)
    uxListRemove                             0x08004e4f   Thumb Code    38  list.o(i.uxListRemove)
    vApplicationGetIdleTaskMemory            0x08004e75   Thumb Code    16  freertos.o(i.vApplicationGetIdleTaskMemory)
    vApplicationGetTimerTaskMemory           0x08004e89   Thumb Code    18  freertos.o(i.vApplicationGetTimerTaskMemory)
    vListInitialise                          0x08004ea1   Thumb Code    22  list.o(i.vListInitialise)
    vListInitialiseItem                      0x08004eb7   Thumb Code     6  list.o(i.vListInitialiseItem)
    vListInsert                              0x08004ebd   Thumb Code    48  list.o(i.vListInsert)
    vListInsertEnd                           0x08004eed   Thumb Code    24  list.o(i.vListInsertEnd)
    vPortEnterCritical                       0x08004f05   Thumb Code    54  port.o(i.vPortEnterCritical)
    vPortExitCritical                        0x08004f45   Thumb Code    34  port.o(i.vPortExitCritical)
    vPortFree                                0x08004f6d   Thumb Code    88  heap_4.o(i.vPortFree)
    vPortSetupTimerInterrupt                 0x08004fc9   Thumb Code    32  port.o(i.vPortSetupTimerInterrupt)
    vPortValidateInterruptPriority           0x08004fed   Thumb Code    74  port.o(i.vPortValidateInterruptPriority)
    vQueueAddToRegistry                      0x08005041   Thumb Code    34  queue.o(i.vQueueAddToRegistry)
    vQueueWaitForMessageRestricted           0x08005069   Thumb Code    68  queue.o(i.vQueueWaitForMessageRestricted)
    vTaskDelay                               0x080050ad   Thumb Code    66  tasks.o(i.vTaskDelay)
    vTaskDelayUntil                          0x080050f9   Thumb Code   132  tasks.o(i.vTaskDelayUntil)
    vTaskInternalSetTimeOutState             0x08005185   Thumb Code    12  tasks.o(i.vTaskInternalSetTimeOutState)
    vTaskMissedYield                         0x08005195   Thumb Code     8  tasks.o(i.vTaskMissedYield)
    vTaskPlaceOnEventList                    0x080051a1   Thumb Code    44  tasks.o(i.vTaskPlaceOnEventList)
    vTaskPlaceOnEventListRestricted          0x080051d1   Thumb Code    52  tasks.o(i.vTaskPlaceOnEventListRestricted)
    vTaskStartScheduler                      0x08005209   Thumb Code   118  tasks.o(i.vTaskStartScheduler)
    vTaskSuspendAll                          0x08005291   Thumb Code    10  tasks.o(i.vTaskSuspendAll)
    vTaskSwitchContext                       0x080052a1   Thumb Code    82  tasks.o(i.vTaskSwitchContext)
    vTfBackGetData                           0x080052fd   Thumb Code    42  bsp_tfminiplus.o(i.vTfBackGetData)
    vTfFrontGetData                          0x0800532d   Thumb Code    34  bsp_tfminiplus.o(i.vTfFrontGetData)
    xPortStartScheduler                      0x08005355   Thumb Code   222  port.o(i.xPortStartScheduler)
    xQueueGenericCreateStatic                0x08005449   Thumb Code   102  queue.o(i.xQueueGenericCreateStatic)
    xQueueGenericReset                       0x080054b1   Thumb Code   132  queue.o(i.xQueueGenericReset)
    xQueueGenericSend                        0x08005539   Thumb Code   346  queue.o(i.xQueueGenericSend)
    xQueueGenericSendFromISR                 0x08005699   Thumb Code   188  queue.o(i.xQueueGenericSendFromISR)
    xQueueReceive                            0x08005755   Thumb Code   308  queue.o(i.xQueueReceive)
    xTaskCheckForTimeOut                     0x0800588d   Thumb Code   112  tasks.o(i.xTaskCheckForTimeOut)
    xTaskCreate                              0x08005901   Thumb Code    90  tasks.o(i.xTaskCreate)
    xTaskCreateStatic                        0x0800595b   Thumb Code    86  tasks.o(i.xTaskCreateStatic)
    xTaskGetSchedulerState                   0x080059b1   Thumb Code    22  tasks.o(i.xTaskGetSchedulerState)
    xTaskGetTickCount                        0x080059cd   Thumb Code     6  tasks.o(i.xTaskGetTickCount)
    xTaskGetTickCountFromISR                 0x080059d9   Thumb Code    12  tasks.o(i.xTaskGetTickCountFromISR)
    xTaskIncrementTick                       0x080059e9   Thumb Code   192  tasks.o(i.xTaskIncrementTick)
    xTaskPriorityDisinherit                  0x08005ab1   Thumb Code   144  tasks.o(i.xTaskPriorityDisinherit)
    xTaskRemoveFromEventList                 0x08005b49   Thumb Code   108  tasks.o(i.xTaskRemoveFromEventList)
    xTaskResumeAll                           0x08005bbd   Thumb Code   182  tasks.o(i.xTaskResumeAll)
    xTimerCreateTimerTask                    0x08005c81   Thumb Code    78  timers.o(i.xTimerCreateTimerTask)
    xTimerGenericCommand                     0x08005ce1   Thumb Code    92  timers.o(i.xTimerGenericCommand)
    __aeabi_dneg                             0x08005d41   Thumb Code     0  basic.o(x$fpl$basic)
    _dneg                                    0x08005d41   Thumb Code     6  basic.o(x$fpl$basic)
    __aeabi_fneg                             0x08005d47   Thumb Code     0  basic.o(x$fpl$basic)
    _fneg                                    0x08005d47   Thumb Code     6  basic.o(x$fpl$basic)
    _dabs                                    0x08005d4d   Thumb Code     6  basic.o(x$fpl$basic)
    _fabs                                    0x08005d53   Thumb Code     6  basic.o(x$fpl$basic)
    __aeabi_dadd                             0x08005d59   Thumb Code     0  daddsub_clz.o(x$fpl$dadd)
    _dadd                                    0x08005d59   Thumb Code   332  daddsub_clz.o(x$fpl$dadd)
    __fpl_dcheck_NaN1                        0x08005ea9   Thumb Code    10  dcheck1.o(x$fpl$dcheck1)
    __fpl_dcmp_Inf                           0x08005eb9   Thumb Code    24  dcmpi.o(x$fpl$dcmpinf)
    __aeabi_ddiv                             0x08005ed1   Thumb Code     0  ddiv.o(x$fpl$ddiv)
    _ddiv                                    0x08005ed1   Thumb Code   552  ddiv.o(x$fpl$ddiv)
    __aeabi_d2uiz                            0x08006181   Thumb Code     0  dfixu.o(x$fpl$dfixu)
    _dfixu                                   0x08006181   Thumb Code    90  dfixu.o(x$fpl$dfixu)
    __aeabi_i2d                              0x080061db   Thumb Code     0  dflt_clz.o(x$fpl$dflt)
    _dflt                                    0x080061db   Thumb Code    46  dflt_clz.o(x$fpl$dflt)
    __aeabi_ui2d                             0x08006209   Thumb Code     0  dflt_clz.o(x$fpl$dfltu)
    _dfltu                                   0x08006209   Thumb Code    38  dflt_clz.o(x$fpl$dfltu)
    __aeabi_cdcmple                          0x08006231   Thumb Code     0  dleqf.o(x$fpl$dleqf)
    _dcmple                                  0x08006231   Thumb Code   120  dleqf.o(x$fpl$dleqf)
    __fpl_dcmple_InfNaN                      0x08006293   Thumb Code     0  dleqf.o(x$fpl$dleqf)
    __aeabi_dmul                             0x080062a9   Thumb Code     0  dmul.o(x$fpl$dmul)
    _dmul                                    0x080062a9   Thumb Code   332  dmul.o(x$fpl$dmul)
    __fpl_dnaninf                            0x080063fd   Thumb Code   156  dnaninf.o(x$fpl$dnaninf)
    __fpl_dretinf                            0x08006499   Thumb Code    12  dretinf.o(x$fpl$dretinf)
    __aeabi_cdrcmple                         0x080064a5   Thumb Code     0  drleqf.o(x$fpl$drleqf)
    _drcmple                                 0x080064a5   Thumb Code   108  drleqf.o(x$fpl$drleqf)
    __aeabi_drsub                            0x08006511   Thumb Code     0  daddsub_clz.o(x$fpl$drsb)
    _drsb                                    0x08006511   Thumb Code    22  daddsub_clz.o(x$fpl$drsb)
    _dsqrt                                   0x08006529   Thumb Code   404  dsqrt_umaal.o(x$fpl$dsqrt)
    __aeabi_dsub                             0x080066c1   Thumb Code     0  daddsub_clz.o(x$fpl$dsub)
    _dsub                                    0x080066c1   Thumb Code   464  daddsub_clz.o(x$fpl$dsub)
    _fp_init                                 0x08006895   Thumb Code    10  fpinit.o(x$fpl$fpinit)
    __fplib_config_fpu_vfp                   0x0800689d   Thumb Code     0  fpinit.o(x$fpl$fpinit)
    __fplib_config_pureend_doubles           0x0800689d   Thumb Code     0  fpinit.o(x$fpl$fpinit)
    __fpl_return_NaN                         0x0800689f   Thumb Code   100  retnan.o(x$fpl$retnan)
    __ARM_scalbn                             0x08006903   Thumb Code    92  scalbn.o(x$fpl$scalbn)
    __fpl_cmpreturn                          0x0800695f   Thumb Code    48  trapv.o(x$fpl$trapveneer)
    __I$use$fp                               0x0800698e   Number         0  usenofp.o(x$fpl$usenofp)
    AHBPrescTable                            0x08006a08   Data          16  system_stm32f4xx.o(.constdata)
    APBPrescTable                            0x08006a18   Data           8  system_stm32f4xx.o(.constdata)
    __mathlib_zero                           0x08006ab0   Data           8  qnan.o(.constdata)
    Region$$Table$$Base                      0x08006aec   Number         0  anon$$obj.o(Region$$Table)
    Region$$Table$$Limit                     0x08006b0c   Number         0  anon$$obj.o(Region$$Table)
    debug_task_t                             0x20000000   Data           4  freertos.o(.data)
    defaultTaskHandle                        0x20000004   Data           4  freertos.o(.data)
    uwTickFreq                               0x2000000c   Data           1  stm32f4xx_hal.o(.data)
    uwTickPrio                               0x20000010   Data           4  stm32f4xx_hal.o(.data)
    uwTick                                   0x20000014   Data           4  stm32f4xx_hal.o(.data)
    SystemCoreClock                          0x20000018   Data           4  system_stm32f4xx.o(.data)
    pxCurrentTCB                             0x2000001c   Data           4  tasks.o(.data)
    message1                                 0x20000094   Data           4  bsp_can.o(.data)
    CAN1_Rx_data                             0x20000098   Data           8  bsp_can.o(.data)
    CAN1_Tx_data                             0x200000a0   Data           8  bsp_can.o(.data)
    CAN2_Rx_data                             0x200000a8   Data           8  bsp_can.o(.data)
    CAN2_Tx_data                             0x200000b0   Data           8  bsp_can.o(.data)
    palstance_buffer                         0x200000b8   Data           8  bsp_t_imu.o(.data)
    angle_buffer                             0x200000c0   Data           8  bsp_t_imu.o(.data)
    tfmin_distance                           0x200000c8   Data           4  bsp_tfminiplus.o(.data)
    wt53r_distance                           0x200000cc   Data           4  bsp_wt53r.o(.data)
    limitStatus                              0x200000d0   Data           4  bsp_limit.o(.data)
    chassisCurrentState                      0x200000d4   Data           1  chassis_task.o(.data)
    chassisNextAction                        0x200000d5   Data           1  chassis_task.o(.data)
    currentAngle                             0x200000d8   Data           4  chassis_task.o(.data)
    targetAngle                              0x200000dc   Data           4  chassis_task.o(.data)
    chassisState                             0x200000e0   Data           4  chassis_task.o(.data)
    lookUpTable                              0x200000e4   Data          16  chassis_task.o(.data)
    afEventHandler                           0x200000f4   Data          16  chassis_task.o(.data)
    lock_flag                                0x20000104   Data           1  modeswitch_task.o(.data)
    ctrl_mode                                0x20000105   Data           1  modeswitch_task.o(.data)
    hcan1                                    0x200007b0   Data          40  can.o(.bss)
    hcan2                                    0x200007d8   Data          40  can.o(.bss)
    htim14                                   0x20000800   Data          64  tim.o(.bss)
    huart4                                   0x20000840   Data          64  usart.o(.bss)
    huart5                                   0x20000880   Data          64  usart.o(.bss)
    huart1                                   0x200008c0   Data          64  usart.o(.bss)
    huart2                                   0x20000900   Data          64  usart.o(.bss)
    huart3                                   0x20000940   Data          64  usart.o(.bss)
    huart6                                   0x20000980   Data          64  usart.o(.bss)
    hdma_uart4_rx                            0x200009c0   Data          96  usart.o(.bss)
    hdma_uart4_tx                            0x20000a20   Data          96  usart.o(.bss)
    hdma_uart5_rx                            0x20000a80   Data          96  usart.o(.bss)
    hdma_uart5_tx                            0x20000ae0   Data          96  usart.o(.bss)
    hdma_usart1_rx                           0x20000b40   Data          96  usart.o(.bss)
    hdma_usart1_tx                           0x20000ba0   Data          96  usart.o(.bss)
    hdma_usart2_rx                           0x20000c00   Data          96  usart.o(.bss)
    hdma_usart2_tx                           0x20000c60   Data          96  usart.o(.bss)
    hdma_usart3_rx                           0x20000cc0   Data          96  usart.o(.bss)
    hdma_usart3_tx                           0x20000d20   Data          96  usart.o(.bss)
    hdma_usart6_rx                           0x20000d80   Data          96  usart.o(.bss)
    hdma_usart6_tx                           0x20000de0   Data          96  usart.o(.bss)
    htim10                                   0x20000e40   Data          64  stm32f4xx_hal_timebase_tim.o(.bss)
    xQueueRegistry                           0x20000e80   Data          64  queue.o(.bss)
    rc                                       0x20004c98   Data          22  remote_msg.o(.bss)
    dma_dbus_rec_buf                         0x20004cae   Data          18  bsp_uart.o(.bss)
    TFminiPlusBuffArray_Front                0x20004cc0   Data          50  bsp_uart.o(.bss)
    TFminiPlusBuffArray_Back                 0x20004cf2   Data          50  bsp_uart.o(.bss)
    WT53RArrayLeft                           0x20004d24   Data          50  bsp_uart.o(.bss)
    WT53RArrayRight                          0x20004d56   Data          50  bsp_uart.o(.bss)
    moto_msg                                 0x20004d88   Data         192  bsp_can.o(.bss)
    Tx1Message                               0x20004e48   Data          24  bsp_can.o(.bss)
    Rx1Message                               0x20004e60   Data          28  bsp_can.o(.bss)
    Tx2Message                               0x20004e7c   Data          24  bsp_can.o(.bss)
    Rx2Message                               0x20004e94   Data          28  bsp_can.o(.bss)
    imu_data                                 0x20004eb0   Data          20  bsp_t_imu.o(.bss)
    chassis                                  0x20004ec4   Data          72  chassis_task.o(.bss)
    chassisSenorData                         0x20004f0c   Data          20  chassis_task.o(.bss)
    pid_chassis_2006_spd                     0x20004f20   Data         432  pid.o(.bss)
    __libspace_start                         0x200050d0   Data          96  libspace.o(.bss)
    __temporary_stack_top$libspace           0x20005130   Data           0  libspace.o(.bss)



==============================================================================

Memory Map of the image

  Image Entry point : 0x08000189

  Load Region LR_IROM1 (Base: 0x08000000, Size: 0x00006c14, Max: 0x00080000, ABSOLUTE)

    Execution Region ER_IROM1 (Base: 0x08000000, Size: 0x00006b0c, Max: 0x00080000, ABSOLUTE)

    Base Addr    Size         Type   Attr      Idx    E Section Name        Object

    0x08000000   0x00000188   Data   RO            3    RESET               startup_stm32f407xx.o
    0x08000188   0x00000008   Code   RO         5498  * !!!main             c_w.l(__main.o)
    0x08000190   0x00000034   Code   RO         5800    !!!scatter          c_w.l(__scatter.o)
    0x080001c4   0x0000001a   Code   RO         5802    !!handler_copy      c_w.l(__scatter_copy.o)
    0x080001de   0x00000002   PAD
    0x080001e0   0x0000001c   Code   RO         5804    !!handler_zi        c_w.l(__scatter_zi.o)
    0x080001fc   0x00000002   Code   RO         5667    .ARM.Collect$$libinit$$00000000  c_w.l(libinit.o)
    0x080001fe   0x00000004   Code   RO         5680    .ARM.Collect$$libinit$$00000001  c_w.l(libinit2.o)
    0x08000202   0x00000000   Code   RO         5683    .ARM.Collect$$libinit$$00000004  c_w.l(libinit2.o)
    0x08000202   0x00000000   Code   RO         5686    .ARM.Collect$$libinit$$0000000A  c_w.l(libinit2.o)
    0x08000202   0x00000000   Code   RO         5688    .ARM.Collect$$libinit$$0000000C  c_w.l(libinit2.o)
    0x08000202   0x00000000   Code   RO         5690    .ARM.Collect$$libinit$$0000000E  c_w.l(libinit2.o)
    0x08000202   0x00000000   Code   RO         5693    .ARM.Collect$$libinit$$00000011  c_w.l(libinit2.o)
    0x08000202   0x00000000   Code   RO         5695    .ARM.Collect$$libinit$$00000013  c_w.l(libinit2.o)
    0x08000202   0x00000000   Code   RO         5697    .ARM.Collect$$libinit$$00000015  c_w.l(libinit2.o)
    0x08000202   0x00000000   Code   RO         5699    .ARM.Collect$$libinit$$00000017  c_w.l(libinit2.o)
    0x08000202   0x00000000   Code   RO         5701    .ARM.Collect$$libinit$$00000019  c_w.l(libinit2.o)
    0x08000202   0x00000000   Code   RO         5703    .ARM.Collect$$libinit$$0000001B  c_w.l(libinit2.o)
    0x08000202   0x00000000   Code   RO         5705    .ARM.Collect$$libinit$$0000001D  c_w.l(libinit2.o)
    0x08000202   0x00000000   Code   RO         5707    .ARM.Collect$$libinit$$0000001F  c_w.l(libinit2.o)
    0x08000202   0x00000000   Code   RO         5709    .ARM.Collect$$libinit$$00000021  c_w.l(libinit2.o)
    0x08000202   0x00000000   Code   RO         5711    .ARM.Collect$$libinit$$00000023  c_w.l(libinit2.o)
    0x08000202   0x00000000   Code   RO         5713    .ARM.Collect$$libinit$$00000025  c_w.l(libinit2.o)
    0x08000202   0x00000000   Code   RO         5717    .ARM.Collect$$libinit$$0000002C  c_w.l(libinit2.o)
    0x08000202   0x00000000   Code   RO         5719    .ARM.Collect$$libinit$$0000002E  c_w.l(libinit2.o)
    0x08000202   0x00000000   Code   RO         5721    .ARM.Collect$$libinit$$00000030  c_w.l(libinit2.o)
    0x08000202   0x00000000   Code   RO         5723    .ARM.Collect$$libinit$$00000032  c_w.l(libinit2.o)
    0x08000202   0x00000002   Code   RO         5724    .ARM.Collect$$libinit$$00000033  c_w.l(libinit2.o)
    0x08000204   0x00000002   Code   RO         5757    .ARM.Collect$$libshutdown$$00000000  c_w.l(libshutdown.o)
    0x08000206   0x00000000   Code   RO         5783    .ARM.Collect$$libshutdown$$00000002  c_w.l(libshutdown2.o)
    0x08000206   0x00000000   Code   RO         5785    .ARM.Collect$$libshutdown$$00000004  c_w.l(libshutdown2.o)
    0x08000206   0x00000000   Code   RO         5788    .ARM.Collect$$libshutdown$$00000007  c_w.l(libshutdown2.o)
    0x08000206   0x00000000   Code   RO         5791    .ARM.Collect$$libshutdown$$0000000A  c_w.l(libshutdown2.o)
    0x08000206   0x00000000   Code   RO         5793    .ARM.Collect$$libshutdown$$0000000C  c_w.l(libshutdown2.o)
    0x08000206   0x00000000   Code   RO         5796    .ARM.Collect$$libshutdown$$0000000F  c_w.l(libshutdown2.o)
    0x08000206   0x00000002   Code   RO         5797    .ARM.Collect$$libshutdown$$00000010  c_w.l(libshutdown2.o)
    0x08000208   0x00000000   Code   RO         5546    .ARM.Collect$$rtentry$$00000000  c_w.l(__rtentry.o)
    0x08000208   0x00000000   Code   RO         5624    .ARM.Collect$$rtentry$$00000002  c_w.l(__rtentry2.o)
    0x08000208   0x00000006   Code   RO         5636    .ARM.Collect$$rtentry$$00000004  c_w.l(__rtentry4.o)
    0x0800020e   0x00000000   Code   RO         5626    .ARM.Collect$$rtentry$$00000009  c_w.l(__rtentry2.o)
    0x0800020e   0x00000004   Code   RO         5627    .ARM.Collect$$rtentry$$0000000A  c_w.l(__rtentry2.o)
    0x08000212   0x00000000   Code   RO         5629    .ARM.Collect$$rtentry$$0000000C  c_w.l(__rtentry2.o)
    0x08000212   0x00000008   Code   RO         5630    .ARM.Collect$$rtentry$$0000000D  c_w.l(__rtentry2.o)
    0x0800021a   0x00000002   Code   RO         5672    .ARM.Collect$$rtexit$$00000000  c_w.l(rtexit.o)
    0x0800021c   0x00000000   Code   RO         5730    .ARM.Collect$$rtexit$$00000002  c_w.l(rtexit2.o)
    0x0800021c   0x00000004   Code   RO         5731    .ARM.Collect$$rtexit$$00000003  c_w.l(rtexit2.o)
    0x08000220   0x00000006   Code   RO         5732    .ARM.Collect$$rtexit$$00000004  c_w.l(rtexit2.o)
    0x08000226   0x00000002   PAD
    0x08000228   0x000000be   Code   RO         4741    .emb_text           port.o
    0x080002e6   0x00000002   PAD
    0x080002e8   0x00000040   Code   RO            4    .text               startup_stm32f407xx.o
    0x08000328   0x000000ee   Code   RO         5484    .text               c_w.l(lludivv7m.o)
    0x08000416   0x0000008a   Code   RO         5486    .text               c_w.l(rt_memcpy_v6.o)
    0x080004a0   0x00000064   Code   RO         5488    .text               c_w.l(rt_memcpy_w.o)
    0x08000504   0x00000044   Code   RO         5492    .text               c_w.l(rt_memclr.o)
    0x08000548   0x0000004e   Code   RO         5494    .text               c_w.l(rt_memclr_w.o)
    0x08000596   0x00000006   Code   RO         5496    .text               c_w.l(heapauxi.o)
    0x0800059c   0x00000016   Code   RO         5551    .text               c_w.l(_rserrno.o)
    0x080005b2   0x00000002   PAD
    0x080005b4   0x00000008   Code   RO         5643    .text               c_w.l(rt_errno_addr_intlibspace.o)
    0x080005bc   0x00000008   Code   RO         5651    .text               c_w.l(libspace.o)
    0x080005c4   0x0000004a   Code   RO         5654    .text               c_w.l(sys_stackheap_outer.o)
    0x0800060e   0x00000012   Code   RO         5656    .text               c_w.l(exit.o)
    0x08000620   0x0000000c   Code   RO         5727    .text               c_w.l(sys_exit.o)
    0x0800062c   0x00000002   Code   RO         5746    .text               c_w.l(use_no_semi.o)
    0x0800062e   0x00000000   Code   RO         5748    .text               c_w.l(indicate_semi.o)
    0x0800062e   0x00000002   Code   RO          507    i.BusFault_Handler  stm32f4xx_it.o
    0x08000630   0x0000000c   Code   RO          508    i.CAN1_RX0_IRQHandler  stm32f4xx_it.o
    0x0800063c   0x0000000c   Code   RO          509    i.CAN1_TX_IRQHandler  stm32f4xx_it.o
    0x08000648   0x0000000c   Code   RO          510    i.CAN2_RX0_IRQHandler  stm32f4xx_it.o
    0x08000654   0x0000000c   Code   RO          511    i.CAN2_RX1_IRQHandler  stm32f4xx_it.o
    0x08000660   0x0000000c   Code   RO          512    i.CAN2_TX_IRQHandler  stm32f4xx_it.o
    0x0800066c   0x0000000c   Code   RO          513    i.DMA1_Stream0_IRQHandler  stm32f4xx_it.o
    0x08000678   0x0000000c   Code   RO          514    i.DMA1_Stream1_IRQHandler  stm32f4xx_it.o
    0x08000684   0x0000000c   Code   RO          515    i.DMA1_Stream2_IRQHandler  stm32f4xx_it.o
    0x08000690   0x0000000c   Code   RO          516    i.DMA1_Stream3_IRQHandler  stm32f4xx_it.o
    0x0800069c   0x0000000c   Code   RO          517    i.DMA1_Stream4_IRQHandler  stm32f4xx_it.o
    0x080006a8   0x0000000c   Code   RO          518    i.DMA1_Stream5_IRQHandler  stm32f4xx_it.o
    0x080006b4   0x0000000c   Code   RO          519    i.DMA1_Stream6_IRQHandler  stm32f4xx_it.o
    0x080006c0   0x0000000c   Code   RO          520    i.DMA1_Stream7_IRQHandler  stm32f4xx_it.o
    0x080006cc   0x0000000c   Code   RO          521    i.DMA2_Stream1_IRQHandler  stm32f4xx_it.o
    0x080006d8   0x0000000c   Code   RO          522    i.DMA2_Stream2_IRQHandler  stm32f4xx_it.o
    0x080006e4   0x0000000c   Code   RO          523    i.DMA2_Stream6_IRQHandler  stm32f4xx_it.o
    0x080006f0   0x0000000c   Code   RO          524    i.DMA2_Stream7_IRQHandler  stm32f4xx_it.o
    0x080006fc   0x00000028   Code   RO         1465    i.DMA_CalcBaseAndBitshift  stm32f4xx_hal_dma.o
    0x08000724   0x00000054   Code   RO         1466    i.DMA_CheckFifoParam  stm32f4xx_hal_dma.o
    0x08000778   0x00000028   Code   RO         1467    i.DMA_SetConfig     stm32f4xx_hal_dma.o
    0x080007a0   0x00000002   Code   RO          525    i.DebugMon_Handler  stm32f4xx_it.o
    0x080007a2   0x00000002   Code   RO           13    i.Error_Handler     main.o
    0x080007a4   0x00000024   Code   RO          773    i.HAL_CAN_ActivateNotification  stm32f4xx_hal_can.o
    0x080007c8   0x0000010c   Code   RO          775    i.HAL_CAN_ConfigFilter  stm32f4xx_hal_can.o
    0x080008d4   0x00000002   Code   RO          778    i.HAL_CAN_ErrorCallback  stm32f4xx_hal_can.o
    0x080008d6   0x000000e8   Code   RO          781    i.HAL_CAN_GetRxMessage  stm32f4xx_hal_can.o
    0x080009be   0x000001fc   Code   RO          785    i.HAL_CAN_IRQHandler  stm32f4xx_hal_can.o
    0x08000bba   0x0000011a   Code   RO          786    i.HAL_CAN_Init      stm32f4xx_hal_can.o
    0x08000cd4   0x0000012c   Code   RO          321    i.HAL_CAN_MspInit   can.o
    0x08000e00   0x00000002   Code   RO          793    i.HAL_CAN_RxFifo0FullCallback  stm32f4xx_hal_can.o
    0x08000e02   0x00000002   PAD
    0x08000e04   0x000000c0   Code   RO         4909    i.HAL_CAN_RxFifo0MsgPendingCallback  bsp_can.o
    0x08000ec4   0x00000002   Code   RO          795    i.HAL_CAN_RxFifo1FullCallback  stm32f4xx_hal_can.o
    0x08000ec6   0x00000002   Code   RO          796    i.HAL_CAN_RxFifo1MsgPendingCallback  stm32f4xx_hal_can.o
    0x08000ec8   0x00000002   Code   RO          797    i.HAL_CAN_SleepCallback  stm32f4xx_hal_can.o
    0x08000eca   0x00000002   PAD
    0x08000ecc   0x00000058   Code   RO          798    i.HAL_CAN_Start     stm32f4xx_hal_can.o
    0x08000f24   0x00000002   Code   RO          800    i.HAL_CAN_TxMailbox0AbortCallback  stm32f4xx_hal_can.o
    0x08000f26   0x00000002   Code   RO          801    i.HAL_CAN_TxMailbox0CompleteCallback  stm32f4xx_hal_can.o
    0x08000f28   0x00000002   Code   RO          802    i.HAL_CAN_TxMailbox1AbortCallback  stm32f4xx_hal_can.o
    0x08000f2a   0x00000002   Code   RO          803    i.HAL_CAN_TxMailbox1CompleteCallback  stm32f4xx_hal_can.o
    0x08000f2c   0x00000002   Code   RO          804    i.HAL_CAN_TxMailbox2AbortCallback  stm32f4xx_hal_can.o
    0x08000f2e   0x00000002   Code   RO          805    i.HAL_CAN_TxMailbox2CompleteCallback  stm32f4xx_hal_can.o
    0x08000f30   0x00000002   Code   RO          807    i.HAL_CAN_WakeUpFromRxMsgCallback  stm32f4xx_hal_can.o
    0x08000f32   0x0000008e   Code   RO         1468    i.HAL_DMA_Abort     stm32f4xx_hal_dma.o
    0x08000fc0   0x00000024   Code   RO         1469    i.HAL_DMA_Abort_IT  stm32f4xx_hal_dma.o
    0x08000fe4   0x000001a0   Code   RO         1473    i.HAL_DMA_IRQHandler  stm32f4xx_hal_dma.o
    0x08001184   0x000000d4   Code   RO         1474    i.HAL_DMA_Init      stm32f4xx_hal_dma.o
    0x08001258   0x00000078   Code   RO         1478    i.HAL_DMA_Start_IT  stm32f4xx_hal_dma.o
    0x080012d0   0x00000024   Code   RO         1887    i.HAL_Delay         stm32f4xx_hal.o
    0x080012f4   0x000001b0   Code   RO         1361    i.HAL_GPIO_Init     stm32f4xx_hal_gpio.o
    0x080014a4   0x0000000a   Code   RO         1363    i.HAL_GPIO_ReadPin  stm32f4xx_hal_gpio.o
    0x080014ae   0x00000002   PAD
    0x080014b0   0x0000000c   Code   RO         1893    i.HAL_GetTick       stm32f4xx_hal.o
    0x080014bc   0x00000010   Code   RO         1899    i.HAL_IncTick       stm32f4xx_hal.o
    0x080014cc   0x00000034   Code   RO         1900    i.HAL_Init          stm32f4xx_hal.o
    0x08001500   0x00000074   Code   RO          733    i.HAL_InitTick      stm32f4xx_hal_timebase_tim.o
    0x08001574   0x00000038   Code   RO          709    i.HAL_MspInit       stm32f4xx_hal_msp.o
    0x080015ac   0x0000001a   Code   RO         1750    i.HAL_NVIC_EnableIRQ  stm32f4xx_hal_cortex.o
    0x080015c6   0x00000002   PAD
    0x080015c8   0x00000040   Code   RO         1756    i.HAL_NVIC_SetPriority  stm32f4xx_hal_cortex.o
    0x08001608   0x00000024   Code   RO         1757    i.HAL_NVIC_SetPriorityGrouping  stm32f4xx_hal_cortex.o
    0x0800162c   0x00000130   Code   RO         1007    i.HAL_RCC_ClockConfig  stm32f4xx_hal_rcc.o
    0x0800175c   0x00000040   Code   RO         1011    i.HAL_RCC_GetClockConfig  stm32f4xx_hal_rcc.o
    0x0800179c   0x00000020   Code   RO         1014    i.HAL_RCC_GetPCLK1Freq  stm32f4xx_hal_rcc.o
    0x080017bc   0x00000020   Code   RO         1015    i.HAL_RCC_GetPCLK2Freq  stm32f4xx_hal_rcc.o
    0x080017dc   0x0000004c   Code   RO         1016    i.HAL_RCC_GetSysClockFreq  stm32f4xx_hal_rcc.o
    0x08001828   0x0000031c   Code   RO         1019    i.HAL_RCC_OscConfig  stm32f4xx_hal_rcc.o
    0x08001b44   0x00000002   Code   RO         2812    i.HAL_TIMEx_BreakCallback  stm32f4xx_hal_tim_ex.o
    0x08001b46   0x00000002   Code   RO         2813    i.HAL_TIMEx_CommutCallback  stm32f4xx_hal_tim_ex.o
    0x08001b48   0x00000036   Code   RO         2137    i.HAL_TIM_Base_Init  stm32f4xx_hal_tim.o
    0x08001b7e   0x00000002   PAD
    0x08001b80   0x00000028   Code   RO          394    i.HAL_TIM_Base_MspInit  tim.o
    0x08001ba8   0x00000022   Code   RO         2142    i.HAL_TIM_Base_Start_IT  stm32f4xx_hal_tim.o
    0x08001bca   0x00000002   Code   RO         2166    i.HAL_TIM_IC_CaptureCallback  stm32f4xx_hal_tim.o
    0x08001bcc   0x00000166   Code   RO         2180    i.HAL_TIM_IRQHandler  stm32f4xx_hal_tim.o
    0x08001d32   0x00000002   Code   RO         2183    i.HAL_TIM_OC_DelayElapsedCallback  stm32f4xx_hal_tim.o
    0x08001d34   0x00000002   Code   RO         2210    i.HAL_TIM_PWM_PulseFinishedCallback  stm32f4xx_hal_tim.o
    0x08001d36   0x00000002   PAD
    0x08001d38   0x00000014   Code   RO           14    i.HAL_TIM_PeriodElapsedCallback  main.o
    0x08001d4c   0x00000002   Code   RO         2223    i.HAL_TIM_TriggerCallback  stm32f4xx_hal_tim.o
    0x08001d4e   0x00000058   Code   RO         3082    i.HAL_UART_DMAStop  stm32f4xx_hal_uart.o
    0x08001da6   0x00000002   Code   RO         3084    i.HAL_UART_ErrorCallback  stm32f4xx_hal_uart.o
    0x08001da8   0x00000110   Code   RO         3087    i.HAL_UART_IRQHandler  stm32f4xx_hal_uart.o
    0x08001eb8   0x00000062   Code   RO         3088    i.HAL_UART_Init     stm32f4xx_hal_uart.o
    0x08001f1a   0x00000002   PAD
    0x08001f1c   0x000004e4   Code   RO          436    i.HAL_UART_MspInit  usart.o
    0x08002400   0x00000098   Code   RO         3092    i.HAL_UART_Receive_DMA  stm32f4xx_hal_uart.o
    0x08002498   0x00000002   Code   RO         3094    i.HAL_UART_RxCpltCallback  stm32f4xx_hal_uart.o
    0x0800249a   0x00000002   Code   RO         3095    i.HAL_UART_RxHalfCpltCallback  stm32f4xx_hal_uart.o
    0x0800249c   0x00000002   Code   RO         3099    i.HAL_UART_TxCpltCallback  stm32f4xx_hal_uart.o
    0x0800249e   0x00000002   Code   RO          526    i.HardFault_Handler  stm32f4xx_it.o
    0x080024a0   0x00000044   Code   RO          322    i.MX_CAN1_Init      can.o
    0x080024e4   0x00000044   Code   RO          323    i.MX_CAN2_Init      can.o
    0x08002528   0x000000ec   Code   RO          369    i.MX_DMA_Init       dma.o
    0x08002614   0x00000070   Code   RO          251    i.MX_FREERTOS_Init  freertos.o
    0x08002684   0x0000007c   Code   RO          227    i.MX_GPIO_Init      gpio.o
    0x08002700   0x00000038   Code   RO          395    i.MX_TIM14_Init     tim.o
    0x08002738   0x00000038   Code   RO          437    i.MX_UART4_Init     usart.o
    0x08002770   0x00000038   Code   RO          438    i.MX_UART5_Init     usart.o
    0x080027a8   0x00000044   Code   RO          439    i.MX_USART1_UART_Init  usart.o
    0x080027ec   0x00000038   Code   RO          440    i.MX_USART2_UART_Init  usart.o
    0x08002824   0x00000038   Code   RO          441    i.MX_USART3_UART_Init  usart.o
    0x0800285c   0x00000038   Code   RO          442    i.MX_USART6_UART_Init  usart.o
    0x08002894   0x00000002   Code   RO          527    i.MemManage_Handler  stm32f4xx_it.o
    0x08002896   0x00000002   Code   RO          528    i.NMI_Handler       stm32f4xx_it.o
    0x08002898   0x00000018   Code   RO         5363    i.PID_struct_init   pid.o
    0x080028b0   0x00000014   Code   RO          252    i.StartDefaultTask  freertos.o
    0x080028c4   0x0000002c   Code   RO         4742    i.SysTick_Handler   port.o
    0x080028f0   0x00000084   Code   RO           15    i.SystemClock_Config  main.o
    0x08002974   0x00000054   Code   RO         3390    i.SystemInit        system_stm32f4xx.o
    0x080029c8   0x0000000c   Code   RO          529    i.TIM1_UP_TIM10_IRQHandler  stm32f4xx_it.o
    0x080029d4   0x000000c8   Code   RO         2225    i.TIM_Base_SetConfig  stm32f4xx_hal_tim.o
    0x08002a9c   0x00000048   Code   RO         4974    i.T_imu_calcu       bsp_t_imu.o
    0x08002ae4   0x00000018   Code   RO          530    i.UART4_IRQHandler  stm32f4xx_it.o
    0x08002afc   0x00000018   Code   RO          531    i.UART5_IRQHandler  stm32f4xx_it.o
    0x08002b14   0x00000010   Code   RO         3101    i.UART_DMAAbortOnError  stm32f4xx_hal_uart.o
    0x08002b24   0x0000004a   Code   RO         3102    i.UART_DMAError     stm32f4xx_hal_uart.o
    0x08002b6e   0x0000003c   Code   RO         3103    i.UART_DMAReceiveCplt  stm32f4xx_hal_uart.o
    0x08002baa   0x0000000a   Code   RO         3105    i.UART_DMARxHalfCplt  stm32f4xx_hal_uart.o
    0x08002bb4   0x0000001c   Code   RO         3111    i.UART_EndRxTransfer  stm32f4xx_hal_uart.o
    0x08002bd0   0x00000012   Code   RO         3112    i.UART_EndTxTransfer  stm32f4xx_hal_uart.o
    0x08002be2   0x00000096   Code   RO         3113    i.UART_Receive_IT   stm32f4xx_hal_uart.o
    0x08002c78   0x000002ac   Code   RO         3114    i.UART_SetConfig    stm32f4xx_hal_uart.o
    0x08002f24   0x00000062   Code   RO         3115    i.UART_Transmit_IT  stm32f4xx_hal_uart.o
    0x08002f86   0x00000002   PAD
    0x08002f88   0x00000018   Code   RO          532    i.USART1_IRQHandler  stm32f4xx_it.o
    0x08002fa0   0x00000018   Code   RO          533    i.USART2_IRQHandler  stm32f4xx_it.o
    0x08002fb8   0x00000018   Code   RO          534    i.USART3_IRQHandler  stm32f4xx_it.o
    0x08002fd0   0x00000018   Code   RO          535    i.USART6_IRQHandler  stm32f4xx_it.o
    0x08002fe8   0x000000e8   Code   RO         4855    i.USER_UART_IDLECallback  bsp_uart.o
    0x080030d0   0x00000026   Code   RO         4856    i.USER_UART_IRQHandler  bsp_uart.o
    0x080030f6   0x00000002   PAD
    0x080030f8   0x00000094   Code   RO         4857    i.USER_UART_Init    bsp_uart.o
    0x0800318c   0x00000002   Code   RO          536    i.UsageFault_Handler  stm32f4xx_it.o
    0x0800318e   0x00000030   Code   RO         5590    i.__ARM_fpclassify  m_wm.l(fpclassify.o)
    0x080031be   0x00000020   Code   RO         1763    i.__NVIC_SetPriority  stm32f4xx_hal_cortex.o
    0x080031de   0x00000002   PAD
    0x080031e0   0x00000c50   Code   RO         5518    i.__hardfp_pow      m_wm.l(pow.o)
    0x08003e30   0x000000f8   Code   RO         5608    i.__kernel_poly     m_wm.l(poly.o)
    0x08003f28   0x00000030   Code   RO         5570    i.__mathlib_dbl_divzero  m_wm.l(dunder.o)
    0x08003f58   0x00000014   Code   RO         5572    i.__mathlib_dbl_infnan2  m_wm.l(dunder.o)
    0x08003f6c   0x00000004   PAD
    0x08003f70   0x00000020   Code   RO         5573    i.__mathlib_dbl_invalid  m_wm.l(dunder.o)
    0x08003f90   0x00000020   Code   RO         5574    i.__mathlib_dbl_overflow  m_wm.l(dunder.o)
    0x08003fb0   0x00000020   Code   RO         5576    i.__mathlib_dbl_underflow  m_wm.l(dunder.o)
    0x08003fd0   0x00000078   Code   RO         4912    i.can_device_init   bsp_can.o
    0x08004048   0x0000001c   Code   RO         5227    i.chassisStateInit  chassis_task.o
    0x08004064   0x00000054   Code   RO         5228    i.chassis_param_init  chassis_task.o
    0x080040b8   0x0000005c   Code   RO         5229    i.chassis_task      chassis_task.o
    0x08004114   0x00000012   Code   RO         5192    i.debug_task        debug_task.o
    0x08004126   0x0000003a   Code   RO         4913    i.encoder_data_handler  bsp_can.o
    0x08004160   0x0000003c   Code   RO         5230    i.event_goStraight  chassis_task.o
    0x0800419c   0x00000034   Code   RO         5231    i.event_idle        chassis_task.o
    0x080041d0   0x00000040   Code   RO         5232    i.event_rotate      chassis_task.o
    0x08004210   0x00000048   Code   RO         5233    i.event_stop        chassis_task.o
    0x08004258   0x00000018   Code   RO         5586    i.fabs              m_wm.l(fabs.o)
    0x08004270   0x0000003c   Code   RO         5080    i.getLimitStatus    bsp_limit.o
    0x080042ac   0x000000b0   Code   RO         5045    i.getWT53Rdis       bsp_wt53r.o
    0x0800435c   0x00000024   Code   RO         5317    i.get_sw_mode       modeswitch_task.o
    0x08004380   0x0000000c   Code   RO         4323    i.inHandlerMode     cmsis_os.o
    0x0800438c   0x0000004e   Code   RO           16    i.main              main.o
    0x080043da   0x0000000c   Code   RO         4325    i.makeFreeRtosPriority  cmsis_os.o
    0x080043e6   0x00000002   PAD
    0x080043e8   0x0000002c   Code   RO         5318    i.modeSwitch_task   modeswitch_task.o
    0x08004414   0x0000000e   Code   RO         4327    i.osDelay           cmsis_os.o
    0x08004422   0x0000000e   Code   RO         4328    i.osDelayUntil      cmsis_os.o
    0x08004430   0x0000000a   Code   RO         4330    i.osKernelStart     cmsis_os.o
    0x0800443a   0x00000018   Code   RO         4331    i.osKernelSysTick   cmsis_os.o
    0x08004452   0x00000054   Code   RO         4364    i.osThreadCreate    cmsis_os.o
    0x080044a6   0x0000000e   Code   RO         5365    i.pid_param_init    pid.o
    0x080044b4   0x00000006   Code   RO         5366    i.pid_reset         pid.o
    0x080044ba   0x00000002   PAD
    0x080044bc   0x00000070   Code   RO         3889    i.prvAddCurrentTaskToDelayedList  tasks.o
    0x0800452c   0x000000d0   Code   RO         3890    i.prvAddNewTaskToReadyList  tasks.o
    0x080045fc   0x00000058   Code   RO         4194    i.prvCheckForValidListAndQueue  timers.o
    0x08004654   0x00000026   Code   RO         3568    i.prvCopyDataFromQueue  queue.o
    0x0800467a   0x0000006c   Code   RO         3569    i.prvCopyDataToQueue  queue.o
    0x080046e6   0x00000034   Code   RO         3891    i.prvDeleteTCB      tasks.o
    0x0800471a   0x00000002   PAD
    0x0800471c   0x0000004c   Code   RO         4692    i.prvHeapInit       heap_4.o
    0x08004768   0x00000060   Code   RO         3892    i.prvIdleTask       tasks.o
    0x080047c8   0x00000016   Code   RO         3571    i.prvInitialiseNewQueue  queue.o
    0x080047de   0x0000008e   Code   RO         3893    i.prvInitialiseNewTask  tasks.o
    0x0800486c   0x0000004c   Code   RO         4693    i.prvInsertBlockIntoFreeList  heap_4.o
    0x080048b8   0x00000038   Code   RO         4196    i.prvInsertTimerInActiveList  timers.o
    0x080048f0   0x0000001c   Code   RO         3572    i.prvIsQueueEmpty   queue.o
    0x0800490c   0x000000bc   Code   RO         4197    i.prvProcessReceivedCommands  timers.o
    0x080049c8   0x000000b4   Code   RO         4198    i.prvProcessTimerOrBlockTask  timers.o
    0x08004a7c   0x00000020   Code   RO         3894    i.prvResetNextTaskUnblockTime  tasks.o
    0x08004a9c   0x00000028   Code   RO         4199    i.prvSampleTimeNow  timers.o
    0x08004ac4   0x0000006c   Code   RO         4200    i.prvSwitchTimerLists  timers.o
    0x08004b30   0x00000028   Code   RO         4743    i.prvTaskExitError  port.o
    0x08004b58   0x00000024   Code   RO         4201    i.prvTimerTask      timers.o
    0x08004b7c   0x0000006a   Code   RO         3573    i.prvUnlockQueue    queue.o
    0x08004be6   0x00000002   PAD
    0x08004be8   0x000000d8   Code   RO         4694    i.pvPortMalloc      heap_4.o
    0x08004cc0   0x0000002c   Code   RO         4744    i.pxPortInitialiseStack  port.o
    0x08004cec   0x000000be   Code   RO         4821    i.rc_callback_handler  remote_msg.o
    0x08004daa   0x00000002   PAD
    0x08004dac   0x00000034   Code   RO         5319    i.remote_unlock     modeswitch_task.o
    0x08004de0   0x0000006e   Code   RO         5613    i.sqrt              m_wm.l(sqrt.o)
    0x08004e4e   0x00000026   Code   RO         3528    i.uxListRemove      list.o
    0x08004e74   0x00000014   Code   RO          253    i.vApplicationGetIdleTaskMemory  freertos.o
    0x08004e88   0x00000018   Code   RO          254    i.vApplicationGetTimerTaskMemory  freertos.o
    0x08004ea0   0x00000016   Code   RO         3529    i.vListInitialise   list.o
    0x08004eb6   0x00000006   Code   RO         3530    i.vListInitialiseItem  list.o
    0x08004ebc   0x00000030   Code   RO         3531    i.vListInsert       list.o
    0x08004eec   0x00000018   Code   RO         3532    i.vListInsertEnd    list.o
    0x08004f04   0x00000040   Code   RO         4746    i.vPortEnterCritical  port.o
    0x08004f44   0x00000028   Code   RO         4747    i.vPortExitCritical  port.o
    0x08004f6c   0x0000005c   Code   RO         4695    i.vPortFree         heap_4.o
    0x08004fc8   0x00000024   Code   RO         4748    i.vPortSetupTimerInterrupt  port.o
    0x08004fec   0x00000054   Code   RO         4749    i.vPortValidateInterruptPriority  port.o
    0x08005040   0x00000028   Code   RO         3577    i.vQueueAddToRegistry  queue.o
    0x08005068   0x00000044   Code   RO         3580    i.vQueueWaitForMessageRestricted  queue.o
    0x080050ac   0x0000004c   Code   RO         3902    i.vTaskDelay        tasks.o
    0x080050f8   0x0000008c   Code   RO         3903    i.vTaskDelayUntil   tasks.o
    0x08005184   0x00000010   Code   RO         3906    i.vTaskInternalSetTimeOutState  tasks.o
    0x08005194   0x0000000c   Code   RO         3907    i.vTaskMissedYield  tasks.o
    0x080051a0   0x00000030   Code   RO         3909    i.vTaskPlaceOnEventList  tasks.o
    0x080051d0   0x00000038   Code   RO         3910    i.vTaskPlaceOnEventListRestricted  tasks.o
    0x08005208   0x00000088   Code   RO         3917    i.vTaskStartScheduler  tasks.o
    0x08005290   0x00000010   Code   RO         3919    i.vTaskSuspendAll   tasks.o
    0x080052a0   0x0000005c   Code   RO         3920    i.vTaskSwitchContext  tasks.o
    0x080052fc   0x00000030   Code   RO         5009    i.vTfBackGetData    bsp_tfminiplus.o
    0x0800532c   0x00000028   Code   RO         5010    i.vTfFrontGetData   bsp_tfminiplus.o
    0x08005354   0x000000f4   Code   RO         4750    i.xPortStartScheduler  port.o
    0x08005448   0x00000066   Code   RO         3584    i.xQueueGenericCreateStatic  queue.o
    0x080054ae   0x00000002   PAD
    0x080054b0   0x00000088   Code   RO         3585    i.xQueueGenericReset  queue.o
    0x08005538   0x00000160   Code   RO         3586    i.xQueueGenericSend  queue.o
    0x08005698   0x000000bc   Code   RO         3587    i.xQueueGenericSendFromISR  queue.o
    0x08005754   0x00000138   Code   RO         3593    i.xQueueReceive     queue.o
    0x0800588c   0x00000074   Code   RO         3921    i.xTaskCheckForTimeOut  tasks.o
    0x08005900   0x0000005a   Code   RO         3922    i.xTaskCreate       tasks.o
    0x0800595a   0x00000056   Code   RO         3923    i.xTaskCreateStatic  tasks.o
    0x080059b0   0x0000001c   Code   RO         3927    i.xTaskGetSchedulerState  tasks.o
    0x080059cc   0x0000000c   Code   RO         3928    i.xTaskGetTickCount  tasks.o
    0x080059d8   0x00000010   Code   RO         3929    i.xTaskGetTickCountFromISR  tasks.o
    0x080059e8   0x000000c8   Code   RO         3930    i.xTaskIncrementTick  tasks.o
    0x08005ab0   0x00000098   Code   RO         3933    i.xTaskPriorityDisinherit  tasks.o
    0x08005b48   0x00000074   Code   RO         3935    i.xTaskRemoveFromEventList  tasks.o
    0x08005bbc   0x000000c4   Code   RO         3936    i.xTaskResumeAll    tasks.o
    0x08005c80   0x00000060   Code   RO         4206    i.xTimerCreateTimerTask  timers.o
    0x08005ce0   0x00000060   Code   RO         4207    i.xTimerGenericCommand  timers.o
    0x08005d40   0x00000018   Code   RO         5553    x$fpl$basic         fz_wm.l(basic.o)
    0x08005d58   0x00000150   Code   RO         5500    x$fpl$dadd          fz_wm.l(daddsub_clz.o)
    0x08005ea8   0x00000010   Code   RO         5645    x$fpl$dcheck1       fz_wm.l(dcheck1.o)
    0x08005eb8   0x00000018   Code   RO         5668    x$fpl$dcmpinf       fz_wm.l(dcmpi.o)
    0x08005ed0   0x000002b0   Code   RO         5556    x$fpl$ddiv          fz_wm.l(ddiv.o)
    0x08006180   0x0000005a   Code   RO         5506    x$fpl$dfixu         fz_wm.l(dfixu.o)
    0x080061da   0x0000002e   Code   RO         5511    x$fpl$dflt          fz_wm.l(dflt_clz.o)
    0x08006208   0x00000026   Code   RO         5510    x$fpl$dfltu         fz_wm.l(dflt_clz.o)
    0x0800622e   0x00000002   PAD
    0x08006230   0x00000078   Code   RO         5647    x$fpl$dleqf         fz_wm.l(dleqf.o)
    0x080062a8   0x00000154   Code   RO         5516    x$fpl$dmul          fz_wm.l(dmul.o)
    0x080063fc   0x0000009c   Code   RO         5559    x$fpl$dnaninf       fz_wm.l(dnaninf.o)
    0x08006498   0x0000000c   Code   RO         5561    x$fpl$dretinf       fz_wm.l(dretinf.o)
    0x080064a4   0x0000006c   Code   RO         5563    x$fpl$drleqf        fz_wm.l(drleqf.o)
    0x08006510   0x00000016   Code   RO         5501    x$fpl$drsb          fz_wm.l(daddsub_clz.o)
    0x08006526   0x00000002   PAD
    0x08006528   0x00000198   Code   RO         5649    x$fpl$dsqrt         fz_wm.l(dsqrt_umaal.o)
    0x080066c0   0x000001d4   Code   RO         5502    x$fpl$dsub          fz_wm.l(daddsub_clz.o)
    0x08006894   0x0000000a   Code   RO         5742    x$fpl$fpinit        fz_wm.l(fpinit.o)
    0x0800689e   0x00000064   Code   RO         5670    x$fpl$retnan        fz_wm.l(retnan.o)
    0x08006902   0x0000005c   Code   RO         5567    x$fpl$scalbn        fz_wm.l(scalbn.o)
    0x0800695e   0x00000030   Code   RO         5725    x$fpl$trapveneer    fz_wm.l(trapv.o)
    0x0800698e   0x00000000   Code   RO         5569    x$fpl$usenofp       fz_wm.l(usenofp.o)
    0x0800698e   0x00000002   PAD
    0x08006990   0x00000070   Data   RO          256    .constdata          freertos.o
    0x08006a00   0x00000008   Data   RO         1480    .constdata          stm32f4xx_hal_dma.o
    0x08006a08   0x00000010   Data   RO         3391    .constdata          system_stm32f4xx.o
    0x08006a18   0x00000008   Data   RO         3392    .constdata          system_stm32f4xx.o
    0x08006a20   0x00000004   Data   RO         5046    .constdata          bsp_wt53r.o
    0x08006a24   0x00000004   PAD
    0x08006a28   0x00000088   Data   RO         5521    .constdata          m_wm.l(pow.o)
    0x08006ab0   0x00000008   Data   RO         5610    .constdata          m_wm.l(qnan.o)
    0x08006ab8   0x00000034   Data   RO          257    .conststring        freertos.o
    0x08006aec   0x00000020   Data   RO         5798    Region$$Table       anon$$obj.o


    Execution Region RW_IRAM2 (Base: 0x10000000, Size: 0x00000000, Max: 0x00010000, ABSOLUTE)

    **** No section assigned to this execution region ****


    Execution Region RW_IRAM1 (Base: 0x20000000, Size: 0x00006730, Max: 0x00020000, ABSOLUTE)

    Base Addr    Size         Type   Attr      Idx    E Section Name        Object

    0x20000000   0x00000008   Data   RW          258    .data               freertos.o
    0x20000008   0x00000004   Data   RW          325    .data               can.o
    0x2000000c   0x0000000c   Data   RW         1907    .data               stm32f4xx_hal.o
    0x20000018   0x00000004   Data   RW         3393    .data               system_stm32f4xx.o
    0x2000001c   0x0000003c   Data   RW         3939    .data               tasks.o
    0x20000058   0x00000014   Data   RW         4213    .data               timers.o
    0x2000006c   0x00000018   Data   RW         4700    .data               heap_4.o
    0x20000084   0x0000000c   Data   RW         4751    .data               port.o
    0x20000090   0x00000028   Data   RW         4916    .data               bsp_can.o
    0x200000b8   0x00000010   Data   RW         4976    .data               bsp_t_imu.o
    0x200000c8   0x00000004   Data   RW         5011    .data               bsp_tfminiplus.o
    0x200000cc   0x00000004   Data   RW         5047    .data               bsp_wt53r.o
    0x200000d0   0x00000004   Data   RW         5081    .data               bsp_limit.o
    0x200000d4   0x00000030   Data   RW         5237    .data               chassis_task.o
    0x20000104   0x00000002   Data   RW         5320    .data               modeswitch_task.o
    0x20000106   0x00000002   PAD
    0x20000108   0x000006a8   Zero   RW          255    .bss                freertos.o
    0x200007b0   0x00000050   Zero   RW          324    .bss                can.o
    0x20000800   0x00000040   Zero   RW          396    .bss                tim.o
    0x20000840   0x00000600   Zero   RW          443    .bss                usart.o
    0x20000e40   0x00000040   Zero   RW          736    .bss                stm32f4xx_hal_timebase_tim.o
    0x20000e80   0x00000040   Zero   RW         3596    .bss                queue.o
    0x20000ec0   0x000000f0   Zero   RW         3938    .bss                tasks.o
    0x20000fb0   0x000000e8   Zero   RW         4212    .bss                timers.o
    0x20001098   0x00003c00   Zero   RW         4699    .bss                heap_4.o
    0x20004c98   0x00000016   Zero   RW         4822    .bss                remote_msg.o
    0x20004cae   0x000000da   Zero   RW         4858    .bss                bsp_uart.o
    0x20004d88   0x00000128   Zero   RW         4915    .bss                bsp_can.o
    0x20004eb0   0x00000014   Zero   RW         4975    .bss                bsp_t_imu.o
    0x20004ec4   0x0000005c   Zero   RW         5235    .bss                chassis_task.o
    0x20004f20   0x000001b0   Zero   RW         5368    .bss                pid.o
    0x200050d0   0x00000060   Zero   RW         5652    .bss                c_w.l(libspace.o)
    0x20005130   0x00001000   Zero   RW            2    HEAP                startup_stm32f407xx.o
    0x20006130   0x00000600   Zero   RW            1    STACK               startup_stm32f407xx.o


==============================================================================

Image component sizes


      Code (inc. data)   RO Data    RW Data    ZI Data      Debug   Object Name

       370         32          0         40        296       3593   bsp_can.o
        60         10          0          4          0       1055   bsp_limit.o
        72         10          0         16         20       1883   bsp_t_imu.o
        88         12          0          4          0       1736   bsp_tfminiplus.o
       418         56          0          0        218       2774   bsp_uart.o
       176         18          4          4          0       1527   bsp_wt53r.o
       436         40          0          4         80       2438   can.o
       452         64          0         48         92       5537   chassis_task.o
       170          0          0          0          0      29358   cmsis_os.o
        18          0          0          0          0        525   debug_task.o
       236          4          0          0          0        874   dma.o
         0          0          0          0          0      18132   event_groups.o
       176         24        164          8       1704       3521   freertos.o
       124          8          0          0          0        947   gpio.o
       460         24          0         24      15360       4771   heap_4.o
       138          0          0          0          0       3546   list.o
       232         14          0          0          0     734156   main.o
       132         24          0          2          0       2750   modeswitch_task.o
        44          8          0          0        432       3510   pid.o
       786         82          0         12          0      11913   port.o
      1500         20          0          0         64      14656   queue.o
       190          0          0          0         22       2295   remote_msg.o
        64         26        392          0       5632        840   startup_stm32f407xx.o
       116         18          0         12          0       3866   stm32f4xx_hal.o
      1438          6          0          0          0      13092   stm32f4xx_hal_can.o
       158         14          0          0          0      33158   stm32f4xx_hal_cortex.o
      1090         16          8          0          0       7334   stm32f4xx_hal_dma.o
       442         44          0          0          0       2419   stm32f4xx_hal_gpio.o
        56          4          0          0          0        834   stm32f4xx_hal_msp.o
      1304         88          0          0          0       5741   stm32f4xx_hal_rcc.o
       654         44          0          0          0       6693   stm32f4xx_hal_tim.o
         4          0          0          0          0       1597   stm32f4xx_hal_tim_ex.o
       116         16          0          0         64       1388   stm32f4xx_hal_timebase_tim.o
      1756         28          0          0          0      11955   stm32f4xx_hal_uart.o
       372        144          0          0          0      14130   stm32f4xx_it.o
         0          0          0          0          0        416   stream_buffer.o
        84         18         24          4          0       1147   system_stm32f4xx.o
      2246        170          0         60        240      25509   tasks.o
        96         18          0          0         64       1516   tim.o
       888         78          0         20        232      26511   timers.o
      1600        140          0          0       1536       6267   usart.o

    ----------------------------------------------------------------------
     18796       1322        628        264      26056    1015910   Object Totals
         0          0         32          0          0          0   (incl. Generated)
        34          0          4          2          0          0   (incl. Padding)

    ----------------------------------------------------------------------

      Code (inc. data)   RO Data    RW Data    ZI Data      Debug   Library Member Name

         8          0          0          0          0         68   __main.o
         0          0          0          0          0          0   __rtentry.o
        12          0          0          0          0          0   __rtentry2.o
         6          0          0          0          0          0   __rtentry4.o
        52          8          0          0          0          0   __scatter.o
        26          0          0          0          0          0   __scatter_copy.o
        28          0          0          0          0          0   __scatter_zi.o
        22          0          0          0          0        100   _rserrno.o
        18          0          0          0          0         80   exit.o
         6          0          0          0          0        152   heapauxi.o
         0          0          0          0          0          0   indicate_semi.o
         2          0          0          0          0          0   libinit.o
         6          0          0          0          0          0   libinit2.o
         2          0          0          0          0          0   libshutdown.o
         2          0          0          0          0          0   libshutdown2.o
         8          4          0          0         96         68   libspace.o
       238          0          0          0          0        100   lludivv7m.o
         8          4          0          0          0         68   rt_errno_addr_intlibspace.o
        68          0          0          0          0         68   rt_memclr.o
        78          0          0          0          0         80   rt_memclr_w.o
       138          0          0          0          0         68   rt_memcpy_v6.o
       100          0          0          0          0         80   rt_memcpy_w.o
         2          0          0          0          0          0   rtexit.o
        10          0          0          0          0          0   rtexit2.o
        12          4          0          0          0         68   sys_exit.o
        74          0          0          0          0         80   sys_stackheap_outer.o
         2          0          0          0          0         68   use_no_semi.o
        24          0          0          0          0        164   basic.o
       826         16          0          0          0        492   daddsub_clz.o
        16          4          0          0          0        116   dcheck1.o
        24          0          0          0          0        116   dcmpi.o
       688        140          0          0          0        256   ddiv.o
        90          4          0          0          0        140   dfixu.o
        84          0          0          0          0        232   dflt_clz.o
       120          4          0          0          0        140   dleqf.o
       340         12          0          0          0        152   dmul.o
       156          4          0          0          0        140   dnaninf.o
        12          0          0          0          0        116   dretinf.o
       108          0          0          0          0        128   drleqf.o
       408         56          0          0          0        168   dsqrt_umaal.o
        10          0          0          0          0        116   fpinit.o
       100          0          0          0          0        116   retnan.o
        92          0          0          0          0        116   scalbn.o
        48          0          0          0          0        116   trapv.o
         0          0          0          0          0          0   usenofp.o
       164         44          0          0          0        620   dunder.o
        24          0          0          0          0        124   fabs.o
        48          0          0          0          0        124   fpclassify.o
       248          0          0          0          0        152   poly.o
      3152        296        136          0          0        352   pow.o
         0          0          8          0          0          0   qnan.o
       110          0          0          0          0        148   sqrt.o

    ----------------------------------------------------------------------
      7836        600        144          0         96       5492   Library Totals
        16          0          0          0          0          0   (incl. Padding)

    ----------------------------------------------------------------------

      Code (inc. data)   RO Data    RW Data    ZI Data      Debug   Library Name

       928         20          0          0         96       1148   c_w.l
      3146        240          0          0          0       2824   fz_wm.l
      3746        340        144          0          0       1520   m_wm.l

    ----------------------------------------------------------------------
      7836        600        144          0         96       5492   Library Totals

    ----------------------------------------------------------------------

==============================================================================


      Code (inc. data)   RO Data    RW Data    ZI Data      Debug   

     26632       1922        772        264      26152     996782   Grand Totals
     26632       1922        772        264      26152     996782   ELF Image Totals
     26632       1922        772        264          0          0   ROM Totals

==============================================================================

    Total RO  Size (Code + RO Data)                27404 (  26.76kB)
    Total RW  Size (RW Data + ZI Data)             26416 (  25.80kB)
    Total ROM Size (Code + RO Data + RW Data)      27668 (  27.02kB)

==============================================================================

