<html>
<body>
<pre>
<h1>µVision Build Log</h1>
<h2>Tool Versions:</h2>
IDE-Version: ¦ÌVision V5.18.0.0
Copyright (C) 2016 ARM Ltd and ARM Germany GmbH. All rights reserved.
License Information: 2312 jfg, 21312, LIC=47GU5-G7I0B-9U74U-SZJQJ-10VQS-CENYD
 
Tool Versions:
Toolchain:       MDK-ARM Standard  Version: 5.18
Toolchain Path:  D:\RootSoftWare\Keil_v5\ARM\ARMCC\Bin
C Compiler:      Armcc.exe V5.06 update 1 (build 61)
Assembler:       Armasm.exe V5.06 update 1 (build 61)
Linker/Locator:  ArmLink.exe V5.06 update 1 (build 61)
Library Manager: ArmAr.exe V5.06 update 1 (build 61)
Hex Converter:   FromElf.exe V5.06 update 1 (build 61)
CPU DLL:         SARMCM3.DLL V5.18
Dialog DLL:      DCM.DLL V1.13.6.0
Target DLL:      CMSIS_AGDI.dll V1.25.7.0
Dialog DLL:      TCM.DLL V1.14.8.0
 
<h2>Project:</h2>
D:\Desktop\DFH\DFH2\DFH\DfhJFG\MDK-ARM\DFH_main.uvprojx
Project File Date:  09/19/2022

<h2>Output:</h2>
*** Using Compiler 'V5.06 update 1 (build 61)', folder: 'D:\RootSoftWare\Keil_v5\ARM\ARMCC\Bin'
Build target 'DFH_main'
compiling modeSwitch_task.c...
compiling main.c...
compiling freertos.c...
compiling chassis_task.c...
..\UserApp\chassis_task.c(103): warning:  #111-D: statement is unreachable
  			break;
..\UserApp\chassis_task.c(107): warning:  #111-D: statement is unreachable
  			break;
..\UserApp\chassis_task.c(111): warning:  #111-D: statement is unreachable
  			break;
..\UserApp\chassis_task.c(115): warning:  #111-D: statement is unreachable
  			break;
..\UserApp\chassis_task.c(118): warning:  #940-D: missing return statement at end of non-void function "event_idle"
  }
..\UserApp\chassis_task.c(133): warning:  #111-D: statement is unreachable
  			break;
..\UserApp\chassis_task.c(137): warning:  #111-D: statement is unreachable
  			break;
..\UserApp\chassis_task.c(141): warning:  #111-D: statement is unreachable
  			break;
..\UserApp\chassis_task.c(145): warning:  #111-D: statement is unreachable
  			break;
..\UserApp\chassis_task.c(148): warning:  #940-D: missing return statement at end of non-void function "event_stop"
  }
..\UserApp\chassis_task.c(163): warning:  #111-D: statement is unreachable
  			break;
..\UserApp\chassis_task.c(167): warning:  #111-D: statement is unreachable
  			break;
..\UserApp\chassis_task.c(171): warning:  #111-D: statement is unreachable
  			break;
..\UserApp\chassis_task.c(175): warning:  #111-D: statement is unreachable
  			break;
..\UserApp\chassis_task.c(178): warning:  #940-D: missing return statement at end of non-void function "event_goStraight"
  }
..\UserApp\chassis_task.c(193): warning:  #111-D: statement is unreachable
  			break;
..\UserApp\chassis_task.c(197): warning:  #111-D: statement is unreachable
  			break;
..\UserApp\chassis_task.c(201): warning:  #111-D: statement is unreachable
  			break;
..\UserApp\chassis_task.c(205): warning:  #111-D: statement is unreachable
  			break;
..\UserApp\chassis_task.c(208): warning:  #940-D: missing return statement at end of non-void function "event_rotate"
  }
..\UserApp\chassis_task.c: 20 warnings, 0 errors
linking...
Program Size: Code=26356 RO-data=768 RW-data=260 ZI-data=25652  
FromELF: creating hex file...
"DFH_main\DFH_main.axf" - 0 Error(s), 20 Warning(s).

<h2>Software Packages used:</h2>

Package Vendor: ARM
                http://www.keil.com/pack/ARM.CMSIS.4.5.0.pack
                ARM::CMSIS:CORE:4.3.0
                CMSIS (Cortex Microcontroller Software Interface Standard)
   * Component: CORE Version: 4.3.0

<h2>Collection of Component include folders:</h2>
  D:\Desktop\DFH\DFH2\DFH\DfhJFG\MDK-ARM\RTE
  D:\RootSoftWare\Keil_v5\ARM\PACK\ARM\CMSIS\4.5.0\CMSIS\Include
  D:\RootSoftWare\Keil_v5\ARM\PACK\Keil\STM32F4xx_DFP\2.2.0\Drivers\CMSIS\Device\ST\STM32F4xx\Include

<h2>Collection of Component Files used:</h2>

   * Component: ARM::CMSIS:CORE:4.3.0
Build Time Elapsed:  00:00:03
</pre>
</body>
</html>
