Component: ARM Compiler 5.06 update 1 (build 61) Tool: armlink [4d35a8]

==============================================================================

Section Cross References

    startup_stm32f407xx.o(STACK) refers (Special) to heapauxi.o(.text) for __use_two_region_memory
    startup_stm32f407xx.o(HEAP) refers (Special) to heapauxi.o(.text) for __use_two_region_memory
    startup_stm32f407xx.o(RESET) refers (Special) to heapauxi.o(.text) for __use_two_region_memory
    startup_stm32f407xx.o(RESET) refers to startup_stm32f407xx.o(STACK) for __initial_sp
    startup_stm32f407xx.o(RESET) refers to startup_stm32f407xx.o(.text) for Reset_Handler
    startup_stm32f407xx.o(RESET) refers to stm32f4xx_it.o(i.NMI_Handler) for NMI_Handler
    startup_stm32f407xx.o(RESET) refers to stm32f4xx_it.o(i.HardFault_Handler) for HardFault_Handler
    startup_stm32f407xx.o(RESET) refers to stm32f4xx_it.o(i.MemManage_Handler) for MemManage_Handler
    startup_stm32f407xx.o(RESET) refers to stm32f4xx_it.o(i.BusFault_Handler) for BusFault_Handler
    startup_stm32f407xx.o(RESET) refers to stm32f4xx_it.o(i.UsageFault_Handler) for UsageFault_Handler
    startup_stm32f407xx.o(RESET) refers to port.o(.emb_text) for SVC_Handler
    startup_stm32f407xx.o(RESET) refers to stm32f4xx_it.o(i.DebugMon_Handler) for DebugMon_Handler
    startup_stm32f407xx.o(RESET) refers to port.o(i.SysTick_Handler) for SysTick_Handler
    startup_stm32f407xx.o(RESET) refers to stm32f4xx_it.o(i.DMA1_Stream0_IRQHandler) for DMA1_Stream0_IRQHandler
    startup_stm32f407xx.o(RESET) refers to stm32f4xx_it.o(i.DMA1_Stream1_IRQHandler) for DMA1_Stream1_IRQHandler
    startup_stm32f407xx.o(RESET) refers to stm32f4xx_it.o(i.DMA1_Stream2_IRQHandler) for DMA1_Stream2_IRQHandler
    startup_stm32f407xx.o(RESET) refers to stm32f4xx_it.o(i.DMA1_Stream3_IRQHandler) for DMA1_Stream3_IRQHandler
    startup_stm32f407xx.o(RESET) refers to stm32f4xx_it.o(i.DMA1_Stream4_IRQHandler) for DMA1_Stream4_IRQHandler
    startup_stm32f407xx.o(RESET) refers to stm32f4xx_it.o(i.DMA1_Stream5_IRQHandler) for DMA1_Stream5_IRQHandler
    startup_stm32f407xx.o(RESET) refers to stm32f4xx_it.o(i.DMA1_Stream6_IRQHandler) for DMA1_Stream6_IRQHandler
    startup_stm32f407xx.o(RESET) refers to stm32f4xx_it.o(i.CAN1_TX_IRQHandler) for CAN1_TX_IRQHandler
    startup_stm32f407xx.o(RESET) refers to stm32f4xx_it.o(i.CAN1_RX0_IRQHandler) for CAN1_RX0_IRQHandler
    startup_stm32f407xx.o(RESET) refers to stm32f4xx_it.o(i.TIM1_UP_TIM10_IRQHandler) for TIM1_UP_TIM10_IRQHandler
    startup_stm32f407xx.o(RESET) refers to stm32f4xx_it.o(i.USART1_IRQHandler) for USART1_IRQHandler
    startup_stm32f407xx.o(RESET) refers to stm32f4xx_it.o(i.USART2_IRQHandler) for USART2_IRQHandler
    startup_stm32f407xx.o(RESET) refers to stm32f4xx_it.o(i.USART3_IRQHandler) for USART3_IRQHandler
    startup_stm32f407xx.o(RESET) refers to stm32f4xx_it.o(i.DMA1_Stream7_IRQHandler) for DMA1_Stream7_IRQHandler
    startup_stm32f407xx.o(RESET) refers to stm32f4xx_it.o(i.UART4_IRQHandler) for UART4_IRQHandler
    startup_stm32f407xx.o(RESET) refers to stm32f4xx_it.o(i.UART5_IRQHandler) for UART5_IRQHandler
    startup_stm32f407xx.o(RESET) refers to stm32f4xx_it.o(i.DMA2_Stream1_IRQHandler) for DMA2_Stream1_IRQHandler
    startup_stm32f407xx.o(RESET) refers to stm32f4xx_it.o(i.DMA2_Stream2_IRQHandler) for DMA2_Stream2_IRQHandler
    startup_stm32f407xx.o(RESET) refers to stm32f4xx_it.o(i.CAN2_TX_IRQHandler) for CAN2_TX_IRQHandler
    startup_stm32f407xx.o(RESET) refers to stm32f4xx_it.o(i.CAN2_RX0_IRQHandler) for CAN2_RX0_IRQHandler
    startup_stm32f407xx.o(RESET) refers to stm32f4xx_it.o(i.CAN2_RX1_IRQHandler) for CAN2_RX1_IRQHandler
    startup_stm32f407xx.o(RESET) refers to stm32f4xx_it.o(i.DMA2_Stream6_IRQHandler) for DMA2_Stream6_IRQHandler
    startup_stm32f407xx.o(RESET) refers to stm32f4xx_it.o(i.DMA2_Stream7_IRQHandler) for DMA2_Stream7_IRQHandler
    startup_stm32f407xx.o(RESET) refers to stm32f4xx_it.o(i.USART6_IRQHandler) for USART6_IRQHandler
    startup_stm32f407xx.o(.text) refers (Special) to heapauxi.o(.text) for __use_two_region_memory
    startup_stm32f407xx.o(.text) refers to system_stm32f4xx.o(i.SystemInit) for SystemInit
    startup_stm32f407xx.o(.text) refers to __main.o(!!!main) for __main
    startup_stm32f407xx.o(.text) refers to startup_stm32f407xx.o(HEAP) for Heap_Mem
    startup_stm32f407xx.o(.text) refers to startup_stm32f407xx.o(STACK) for Stack_Mem
    main.o(i.HAL_TIM_PeriodElapsedCallback) refers to stm32f4xx_hal.o(i.HAL_IncTick) for HAL_IncTick
    main.o(i.SystemClock_Config) refers to rt_memclr_w.o(.text) for __aeabi_memclr4
    main.o(i.SystemClock_Config) refers to stm32f4xx_hal_rcc.o(i.HAL_RCC_OscConfig) for HAL_RCC_OscConfig
    main.o(i.SystemClock_Config) refers to stm32f4xx_hal_rcc.o(i.HAL_RCC_ClockConfig) for HAL_RCC_ClockConfig
    main.o(i.main) refers to stm32f4xx_hal.o(i.HAL_Init) for HAL_Init
    main.o(i.main) refers to main.o(i.SystemClock_Config) for SystemClock_Config
[...]
    xFreeBytesRemaining                      0x2000006c   Data           4  heap_4.o(.data)
    xMinimumEverFreeBytesRemaining           0x20000070   Data           4  heap_4.o(.data)
    xBlockAllocatedBit                       0x20000074   Data           4  heap_4.o(.data)
    xStart                                   0x20000078   Data           8  heap_4.o(.data)
    .data                                    0x20000080   Section       12  port.o(.data)
    ucMaxSysCallPriority                     0x20000080   Data           1  port.o(.data)
    uxCriticalNesting                        0x20000084   Data           4  port.o(.data)
    ulMaxPRIGROUPValue                       0x20000088   Data           4  port.o(.data)
    .data                                    0x2000008c   Section       40  bsp_can.o(.data)
    j                                        0x2000008c   Data           1  bsp_can.o(.data)
    .data                                    0x200000b4   Section       16  bsp_t_imu.o(.data)
    .data                                    0x200000c4   Section        4  bsp_tfminiplus.o(.data)
    .data                                    0x200000c8   Section        4  bsp_wt53r.o(.data)
    .data                                    0x200000cc   Section        4  bsp_limit.o(.data)
    .bss                                     0x200000d0   Section     1704  freertos.o(.bss)
    xIdleTaskTCBBuffer                       0x200000d0   Data          84  freertos.o(.bss)
    xIdleStack                               0x20000124   Data         512  freertos.o(.bss)
    xTimerTaskTCBBuffer                      0x20000324   Data          84  freertos.o(.bss)
    xTimerStack                              0x20000378   Data        1024  freertos.o(.bss)
    .bss                                     0x20000778   Section       80  can.o(.bss)
    .bss                                     0x200007c8   Section       64  tim.o(.bss)
    .bss                                     0x20000808   Section     1536  usart.o(.bss)
    .bss                                     0x20000e08   Section       64  stm32f4xx_hal_timebase_tim.o(.bss)
    .bss                                     0x20000e48   Section       64  queue.o(.bss)
    .bss                                     0x20000e88   Section      240  tasks.o(.bss)
    pxReadyTasksLists                        0x20000e88   Data         140  tasks.o(.bss)
    xDelayedTaskList1                        0x20000f14   Data          20  tasks.o(.bss)
    xDelayedTaskList2                        0x20000f28   Data          20  tasks.o(.bss)
    xPendingReadyList                        0x20000f3c   Data          20  tasks.o(.bss)
    xTasksWaitingTermination                 0x20000f50   Data          20  tasks.o(.bss)
    xSuspendedTaskList                       0x20000f64   Data          20  tasks.o(.bss)
    .bss                                     0x20000f78   Section      232  timers.o(.bss)
    xActiveTimerList1                        0x20000f78   Data          20  timers.o(.bss)
    xActiveTimerList2                        0x20000f8c   Data          20  timers.o(.bss)
    xStaticTimerQueue                        0x20000fa0   Data          72  timers.o(.bss)
    ucStaticTimerQueueStorage                0x20000fe8   Data         120  timers.o(.bss)
    .bss                                     0x20001060   Section    15360  heap_4.o(.bss)
    ucHeap                                   0x20001060   Data       15360  heap_4.o(.bss)
    .bss                                     0x20004c60   Section       22  remote_msg.o(.bss)
    .bss                                     0x20004c76   Section      218  bsp_uart.o(.bss)
    .bss                                     0x20004d50   Section      248  bsp_can.o(.bss)
    .bss                                     0x20004e48   Section       20  bsp_t_imu.o(.bss)
    .bss                                     0x20004e5c   Section       96  libspace.o(.bss)
    HEAP                                     0x20004ec0   Section     4096  startup_stm32f407xx.o(HEAP)
    Heap_Mem                                 0x20004ec0   Data        4096  startup_stm32f407xx.o(HEAP)
    STACK                                    0x20005ec0   Section     1536  startup_stm32f407xx.o(STACK)
    Stack_Mem                                0x20005ec0   Data        1536  startup_stm32f407xx.o(STACK)
    __initial_sp                             0x200064c0   Data           0  startup_stm32f407xx.o(STACK)

    Global Symbols

    Symbol Name                              Value     Ov Type        Size  Object(Section)

    BuildAttributes$$THM_ISAv4$E$P$D$K$B$S$7EM$VFPi3$EXTD16$VFPS$VFMA$PE$A:L22UL41UL21$X:L11$S22US41US21$IEEE1$IW$USESV6$~STKCKD$USESV7$~SHL$OTIME$ROPI$IEEEX$EBA8$UX$STANDARDLIB$REQ8$PRES8$EABIv2 0x00000000   Number         0  anon$$obj.o ABSOLUTE
    __ARM_use_no_argv                        0x00000000   Number         0  main.o ABSOLUTE
    __ARM_exceptions_init                     - Undefined Weak Reference
    __alloca_initialize                       - Undefined Weak Reference
    __arm_preinit_                            - Undefined Weak Reference
    __cpp_initialize__aeabi_                  - Undefined Weak Reference
    __cxa_finalize                            - Undefined Weak Reference
    __rt_locale                               - Undefined Weak Reference
    __sigvec_lookup                           - Undefined Weak Reference
    _atexit_init                              - Undefined Weak Reference
    _call_atexit_fns                          - Undefined Weak Reference
    _clock_init                               - Undefined Weak Reference
    _fp_trap_init                             - Undefined Weak Reference
    _fp_trap_shutdown                         - Undefined Weak Reference
    _get_lc_collate                           - Undefined Weak Reference
    _get_lc_ctype                             - Undefined Weak Reference
    _get_lc_monetary                          - Undefined Weak Reference
    _get_lc_numeric                           - Undefined Weak Reference
    _get_lc_time                              - Undefined Weak Reference
    _getenv_init                              - Undefined Weak Reference
    _handle_redirection                       - Undefined Weak Reference
    _init_alloc                               - Undefined Weak Reference
    _init_user_alloc                          - Undefined Weak Reference
    _initio                                   - Undefined Weak Reference
    _rand_init                                - Undefined Weak Reference
    _signal_finish                            - Undefined Weak Reference
    _signal_init                              - Undefined Weak Reference
    _terminate_alloc                          - Undefined Weak Reference
    _terminate_user_alloc                     - Undefined Weak Reference
    _terminateio                              - Undefined Weak Reference
    __Vectors_Size                           0x00000188   Number         0  startup_stm32f407xx.o ABSOLUTE
    __Vectors                                0x08000000   Data           4  startup_stm32f407xx.o(RESET)
    __Vectors_End                            0x08000188   Data           0  startup_stm32f407xx.o(RESET)
    __main                                   0x08000189   Thumb Code     8  __main.o(!!!main)
    __scatterload                            0x08000191   Thumb Code     0  __scatter.o(!!!scatter)
    __scatterload_rt2                        0x08000191   Thumb Code    44  __scatter.o(!!!scatter)
    __scatterload_rt2_thumb_only             0x08000191   Thumb Code     0  __scatter.o(!!!scatter)
    __scatterload_null                       0x0800019f   Thumb Code     0  __scatter.o(!!!scatter)
    __scatterload_copy                       0x080001c5   Thumb Code    26  __scatter_copy.o(!!handler_copy)
    __scatterload_zeroinit                   0x080001e1   Thumb Code    28  __scatter_zi.o(!!handler_zi)
    __rt_lib_init                            0x080001fd   Thumb Code     0  libinit.o(.ARM.Collect$$libinit$$00000000)
    __rt_lib_init_fp_1                       0x080001ff   Thumb Code     0  libinit2.o(.ARM.Collect$$libinit$$00000001)
    __rt_lib_init_alloca_1                   0x08000203   Thumb Code     0  libinit2.o(.ARM.Collect$$libinit$$0000002E)
    __rt_lib_init_argv_1                     0x08000203   Thumb Code     0  libinit2.o(.ARM.Collect$$libinit$$0000002C)
    __rt_lib_init_atexit_1                   0x08000203   Thumb Code     0  libinit2.o(.ARM.Collect$$libinit$$0000001B)
    __rt_lib_init_clock_1                    0x08000203   Thumb Code     0  libinit2.o(.ARM.Collect$$libinit$$00000021)
    __rt_lib_init_cpp_1                      0x08000203   Thumb Code     0  libinit2.o(.ARM.Collect$$libinit$$00000032)
    __rt_lib_init_exceptions_1               0x08000203   Thumb Code     0  libinit2.o(.ARM.Collect$$libinit$$00000030)
    __rt_lib_init_fp_trap_1                  0x08000203   Thumb Code     0  libinit2.o(.ARM.Collect$$libinit$$0000001F)
    __rt_lib_init_getenv_1                   0x08000203   Thumb Code     0  libinit2.o(.ARM.Collect$$libinit$$00000023)
    __rt_lib_init_heap_1                     0x08000203   Thumb Code     0  libinit2.o(.ARM.Collect$$libinit$$0000000A)
    __rt_lib_init_lc_collate_1               0x08000203   Thumb Code     0  libinit2.o(.ARM.Collect$$libinit$$00000011)
    __rt_lib_init_lc_ctype_1                 0x08000203   Thumb Code     0  libinit2.o(.ARM.Collect$$libinit$$00000013)
    __rt_lib_init_lc_monetary_1              0x08000203   Thumb Code     0  libinit2.o(.ARM.Collect$$libinit$$00000015)
    __rt_lib_init_lc_numeric_1               0x08000203   Thumb Code     0  libinit2.o(.ARM.Collect$$libinit$$00000017)
    __rt_lib_init_lc_time_1                  0x08000203   Thumb Code     0  libinit2.o(.ARM.Collect$$libinit$$00000019)
    __rt_lib_init_preinit_1                  0x08000203   Thumb Code     0  libinit2.o(.ARM.Collect$$libinit$$00000004)
    __rt_lib_init_rand_1                     0x08000203   Thumb Code     0  libinit2.o(.ARM.Collect$$libinit$$0000000E)
    __rt_lib_init_return                     0x08000203   Thumb Code     0  libinit2.o(.ARM.Collect$$libinit$$00000033)
    __rt_lib_init_signal_1                   0x08000203   Thumb Code     0  libinit2.o(.ARM.Collect$$libinit$$0000001D)
    __rt_lib_init_stdio_1                    0x08000203   Thumb Code     0  libinit2.o(.ARM.Collect$$libinit$$00000025)
    __rt_lib_init_user_alloc_1               0x08000203   Thumb Code     0  libinit2.o(.ARM.Collect$$libinit$$0000000C)
    __rt_lib_shutdown                        0x08000205   Thumb Code     0  libshutdown.o(.ARM.Collect$$libshutdown$$00000000)
    __rt_lib_shutdown_cpp_1                  0x08000207   Thumb Code     0  libshutdown2.o(.ARM.Collect$$libshutdown$$00000002)
    __rt_lib_shutdown_fp_trap_1              0x08000207   Thumb Code     0  libshutdown2.o(.ARM.Collect$$libshutdown$$00000007)
    __rt_lib_shutdown_heap_1                 0x08000207   Thumb Code     0  libshutdown2.o(.ARM.Collect$$libshutdown$$0000000F)
    __rt_lib_shutdown_return                 0x08000207   Thumb Code     0  libshutdown2.o(.ARM.Collect$$libshutdown$$00000010)
    __rt_lib_shutdown_signal_1               0x08000207   Thumb Code     0  libshutdown2.o(.ARM.Collect$$libshutdown$$0000000A)
    __rt_lib_shutdown_stdio_1                0x08000207   Thumb Code     0  libshutdown2.o(.ARM.Collect$$libshutdown$$00000004)
    __rt_lib_shutdown_user_alloc_1           0x08000207   Thumb Code     0  libshutdown2.o(.ARM.Collect$$libshutdown$$0000000C)
    __rt_entry                               0x08000209   Thumb Code     0  __rtentry.o(.ARM.Collect$$rtentry$$00000000)
    __rt_entry_presh_1                       0x08000209   Thumb Code     0  __rtentry2.o(.ARM.Collect$$rtentry$$00000002)
    __rt_entry_sh                            0x08000209   Thumb Code     0  __rtentry4.o(.ARM.Collect$$rtentry$$00000004)
    __rt_entry_li                            0x0800020f   Thumb Code     0  __rtentry2.o(.ARM.Collect$$rtentry$$0000000A)
    __rt_entry_postsh_1                      0x0800020f   Thumb Code     0  __rtentry2.o(.ARM.Collect$$rtentry$$00000009)
    __rt_entry_main                          0x08000213   Thumb Code     0  __rtentry2.o(.ARM.Collect$$rtentry$$0000000D)
    __rt_entry_postli_1                      0x08000213   Thumb Code     0  __rtentry2.o(.ARM.Collect$$rtentry$$0000000C)
    __rt_exit                                0x0800021b   Thumb Code     0  rtexit.o(.ARM.Collect$$rtexit$$00000000)
    __rt_exit_ls                             0x0800021d   Thumb Code     0  rtexit2.o(.ARM.Collect$$rtexit$$00000003)
    __rt_exit_prels_1                        0x0800021d   Thumb Code     0  rtexit2.o(.ARM.Collect$$rtexit$$00000002)
    __rt_exit_exit                           0x08000221   Thumb Code     0  rtexit2.o(.ARM.Collect$$rtexit$$00000004)
    SVC_Handler                              0x08000229   Thumb Code    28  port.o(.emb_text)
    __asm___6_port_c_39a90d8d__prvStartFirstTask 0x08000249   Thumb Code    36  port.o(.emb_text)
    __asm___6_port_c_39a90d8d__prvEnableVFP  0x08000271   Thumb Code    16  port.o(.emb_text)
    PendSV_Handler                           0x08000285   Thumb Code    88  port.o(.emb_text)
    vPortGetIPSR                             0x080002e1   Thumb Code     6  port.o(.emb_text)
    Reset_Handler                            0x080002e9   Thumb Code     8  startup_stm32f407xx.o(.text)
    ADC_IRQHandler                           0x08000303   Thumb Code     0  startup_stm32f407xx.o(.text)
    CAN1_RX1_IRQHandler                      0x08000303   Thumb Code     0  startup_stm32f407xx.o(.text)
    CAN1_SCE_IRQHandler                      0x08000303   Thumb Code     0  startup_stm32f407xx.o(.text)
    CAN2_SCE_IRQHandler                      0x08000303   Thumb Code     0  startup_stm32f407xx.o(.text)
    DCMI_IRQHandler                          0x08000303   Thumb Code     0  startup_stm32f407xx.o(.text)
    DMA2_Stream0_IRQHandler                  0x08000303   Thumb Code     0  startup_stm32f407xx.o(.text)
    DMA2_Stream3_IRQHandler                  0x08000303   Thumb Code     0  startup_stm32f407xx.o(.text)
    DMA2_Stream4_IRQHandler                  0x08000303   Thumb Code     0  startup_stm32f407xx.o(.text)
    DMA2_Stream5_IRQHandler                  0x08000303   Thumb Code     0  startup_stm32f407xx.o(.text)
    ETH_IRQHandler                           0x08000303   Thumb Code     0  startup_stm32f407xx.o(.text)
    ETH_WKUP_IRQHandler                      0x08000303   Thumb Code     0  startup_stm32f407xx.o(.text)
    EXTI0_IRQHandler                         0x08000303   Thumb Code     0  startup_stm32f407xx.o(.text)
    EXTI15_10_IRQHandler                     0x08000303   Thumb Code     0  startup_stm32f407xx.o(.text)
    EXTI1_IRQHandler                         0x08000303   Thumb Code     0  startup_stm32f407xx.o(.text)
    EXTI2_IRQHandler                         0x08000303   Thumb Code     0  startup_stm32f407xx.o(.text)
    EXTI3_IRQHandler                         0x08000303   Thumb Code     0  startup_stm32f407xx.o(.text)
    EXTI4_IRQHandler                         0x08000303   Thumb Code     0  startup_stm32f407xx.o(.text)
    EXTI9_5_IRQHandler                       0x08000303   Thumb Code     0  startup_stm32f407xx.o(.text)
    FLASH_IRQHandler                         0x08000303   Thumb Code     0  startup_stm32f407xx.o(.text)
    FMC_IRQHandler                           0x08000303   Thumb Code     0  startup_stm32f407xx.o(.text)
    FPU_IRQHandler                           0x08000303   Thumb Code     0  startup_stm32f407xx.o(.text)
    HASH_RNG_IRQHandler                      0x08000303   Thumb Code     0  startup_stm32f407xx.o(.text)
    I2C1_ER_IRQHandler                       0x08000303   Thumb Code     0  startup_stm32f407xx.o(.text)
    I2C1_EV_IRQHandler                       0x08000303   Thumb Code     0  startup_stm32f407xx.o(.text)
    I2C2_ER_IRQHandler                       0x08000303   Thumb Code     0  startup_stm32f407xx.o(.text)
    I2C2_EV_IRQHandler                       0x08000303   Thumb Code     0  startup_stm32f407xx.o(.text)
    I2C3_ER_IRQHandler                       0x08000303   Thumb Code     0  startup_stm32f407xx.o(.text)
    I2C3_EV_IRQHandler                       0x08000303   Thumb Code     0  startup_stm32f407xx.o(.text)
    OTG_FS_IRQHandler                        0x08000303   Thumb Code     0  startup_stm32f407xx.o(.text)
    OTG_FS_WKUP_IRQHandler                   0x08000303   Thumb Code     0  startup_stm32f407xx.o(.text)
    OTG_HS_EP1_IN_IRQHandler                 0x08000303   Thumb Code     0  startup_stm32f407xx.o(.text)
    OTG_HS_EP1_OUT_IRQHandler                0x08000303   Thumb Code     0  startup_stm32f407xx.o(.text)
    OTG_HS_IRQHandler                        0x08000303   Thumb Code     0  startup_stm32f407xx.o(.text)
    OTG_HS_WKUP_IRQHandler                   0x08000303   Thumb Code     0  startup_stm32f407xx.o(.text)
    PVD_IRQHandler                           0x08000303   Thumb Code     0  startup_stm32f407xx.o(.text)
    RCC_IRQHandler                           0x08000303   Thumb Code     0  startup_stm32f407xx.o(.text)
    RTC_Alarm_IRQHandler                     0x08000303   Thumb Code     0  startup_stm32f407xx.o(.text)
    RTC_WKUP_IRQHandler                      0x08000303   Thumb Code     0  startup_stm32f407xx.o(.text)
    SDIO_IRQHandler                          0x08000303   Thumb Code     0  startup_stm32f407xx.o(.text)
    SPI1_IRQHandler                          0x08000303   Thumb Code     0  startup_stm32f407xx.o(.text)
    SPI2_IRQHandler                          0x08000303   Thumb Code     0  startup_stm32f407xx.o(.text)
    SPI3_IRQHandler                          0x08000303   Thumb Code     0  startup_stm32f407xx.o(.text)
    TAMP_STAMP_IRQHandler                    0x08000303   Thumb Code     0  startup_stm32f407xx.o(.text)
    TIM1_BRK_TIM9_IRQHandler                 0x08000303   Thumb Code     0  startup_stm32f407xx.o(.text)
    TIM1_CC_IRQHandler                       0x08000303   Thumb Code     0  startup_stm32f407xx.o(.text)
    TIM1_TRG_COM_TIM11_IRQHandler            0x08000303   Thumb Code     0  startup_stm32f407xx.o(.text)
    TIM2_IRQHandler                          0x08000303   Thumb Code     0  startup_stm32f407xx.o(.text)
    TIM3_IRQHandler                          0x08000303   Thumb Code     0  startup_stm32f407xx.o(.text)
    TIM4_IRQHandler                          0x08000303   Thumb Code     0  startup_stm32f407xx.o(.text)
    TIM5_IRQHandler                          0x08000303   Thumb Code     0  startup_stm32f407xx.o(.text)
    TIM6_DAC_IRQHandler                      0x08000303   Thumb Code     0  startup_stm32f407xx.o(.text)
    TIM7_IRQHandler                          0x08000303   Thumb Code     0  startup_stm32f407xx.o(.text)
    TIM8_BRK_TIM12_IRQHandler                0x08000303   Thumb Code     0  startup_stm32f407xx.o(.text)
    TIM8_CC_IRQHandler                       0x08000303   Thumb Code     0  startup_stm32f407xx.o(.text)
    TIM8_TRG_COM_TIM14_IRQHandler            0x08000303   Thumb Code     0  startup_stm32f407xx.o(.text)
    TIM8_UP_TIM13_IRQHandler                 0x08000303   Thumb Code     0  startup_stm32f407xx.o(.text)
    WWDG_IRQHandler                          0x08000303   Thumb Code     0  startup_stm32f407xx.o(.text)
    __user_initial_stackheap                 0x08000305   Thumb Code     0  startup_stm32f407xx.o(.text)
    __aeabi_uldivmod                         0x08000329   Thumb Code     0  lludivv7m.o(.text)
    _ll_udiv                                 0x08000329   Thumb Code   238  lludivv7m.o(.text)
    __aeabi_memcpy                           0x08000417   Thumb Code     0  rt_memcpy_v6.o(.text)
    __rt_memcpy                              0x08000417   Thumb Code   138  rt_memcpy_v6.o(.text)
    _memcpy_lastbytes                        0x0800047d   Thumb Code     0  rt_memcpy_v6.o(.text)
    __aeabi_memcpy4                          0x080004a1   Thumb Code     0  rt_memcpy_w.o(.text)
    __aeabi_memcpy8                          0x080004a1   Thumb Code     0  rt_memcpy_w.o(.text)
    __rt_memcpy_w                            0x080004a1   Thumb Code   100  rt_memcpy_w.o(.text)
    _memcpy_lastbytes_aligned                0x080004e9   Thumb Code     0  rt_memcpy_w.o(.text)
    __aeabi_memclr                           0x08000505   Thumb Code     0  rt_memclr.o(.text)
    __rt_memclr                              0x08000505   Thumb Code    68  rt_memclr.o(.text)
    _memset                                  0x08000509   Thumb Code     0  rt_memclr.o(.text)
    __aeabi_memclr4                          0x08000549   Thumb Code     0  rt_memclr_w.o(.text)
    __aeabi_memclr8                          0x08000549   Thumb Code     0  rt_memclr_w.o(.text)
    __rt_memclr_w                            0x08000549   Thumb Code    78  rt_memclr_w.o(.text)
    _memset_w                                0x0800054d   Thumb Code     0  rt_memclr_w.o(.text)
    __use_two_region_memory                  0x08000597   Thumb Code     2  heapauxi.o(.text)
    __rt_heap_escrow$2region                 0x08000599   Thumb Code     2  heapauxi.o(.text)
    __rt_heap_expand$2region                 0x0800059b   Thumb Code     2  heapauxi.o(.text)
    __read_errno                             0x0800059d   Thumb Code    10  _rserrno.o(.text)
    __set_errno                              0x080005a7   Thumb Code    12  _rserrno.o(.text)
    __aeabi_errno_addr                       0x080005b5   Thumb Code     8  rt_errno_addr_intlibspace.o(.text)
    __errno$intlibspace                      0x080005b5   Thumb Code     0  rt_errno_addr_intlibspace.o(.text)
    __rt_errno_addr$intlibspace              0x080005b5   Thumb Code     0  rt_errno_addr_intlibspace.o(.text)
    __user_libspace                          0x080005bd   Thumb Code     8  libspace.o(.text)
    __user_perproc_libspace                  0x080005bd   Thumb Code     0  libspace.o(.text)
    __user_perthread_libspace                0x080005bd   Thumb Code     0  libspace.o(.text)
    __user_setup_stackheap                   0x080005c5   Thumb Code    74  sys_stackheap_outer.o(.text)
    exit                                     0x0800060f   Thumb Code    18  exit.o(.text)
    _sys_exit                                0x08000621   Thumb Code     8  sys_exit.o(.text)
    __I$use$semihosting                      0x0800062d   Thumb Code     0  use_no_semi.o(.text)
    __use_no_semihosting_swi                 0x0800062d   Thumb Code     2  use_no_semi.o(.text)
    BusFault_Handler                         0x0800062f   Thumb Code     2  stm32f4xx_it.o(i.BusFault_Handler)
    __semihosting_library_function           0x0800062f   Thumb Code     0  indicate_semi.o(.text)
    CAN1_RX0_IRQHandler                      0x08000631   Thumb Code     6  stm32f4xx_it.o(i.CAN1_RX0_IRQHandler)
    CAN1_TX_IRQHandler                       0x0800063d   Thumb Code     6  stm32f4xx_it.o(i.CAN1_TX_IRQHandler)
    CAN2_RX0_IRQHandler                      0x08000649   Thumb Code     6  stm32f4xx_it.o(i.CAN2_RX0_IRQHandler)
    CAN2_RX1_IRQHandler                      0x08000655   Thumb Code     6  stm32f4xx_it.o(i.CAN2_RX1_IRQHandler)
    CAN2_TX_IRQHandler                       0x08000661   Thumb Code     6  stm32f4xx_it.o(i.CAN2_TX_IRQHandler)
    DMA1_Stream0_IRQHandler                  0x0800066d   Thumb Code     6  stm32f4xx_it.o(i.DMA1_Stream0_IRQHandler)
    DMA1_Stream1_IRQHandler                  0x08000679   Thumb Code     6  stm32f4xx_it.o(i.DMA1_Stream1_IRQHandler)
    DMA1_Stream2_IRQHandler                  0x08000685   Thumb Code     6  stm32f4xx_it.o(i.DMA1_Stream2_IRQHandler)
    DMA1_Stream3_IRQHandler                  0x08000691   Thumb Code     6  stm32f4xx_it.o(i.DMA1_Stream3_IRQHandler)
    DMA1_Stream4_IRQHandler                  0x0800069d   Thumb Code     6  stm32f4xx_it.o(i.DMA1_Stream4_IRQHandler)
    DMA1_Stream5_IRQHandler                  0x080006a9   Thumb Code     6  stm32f4xx_it.o(i.DMA1_Stream5_IRQHandler)
    DMA1_Stream6_IRQHandler                  0x080006b5   Thumb Code     6  stm32f4xx_it.o(i.DMA1_Stream6_IRQHandler)
    DMA1_Stream7_IRQHandler                  0x080006c1   Thumb Code     6  stm32f4xx_it.o(i.DMA1_Stream7_IRQHandler)
    DMA2_Stream1_IRQHandler                  0x080006cd   Thumb Code     6  stm32f4xx_it.o(i.DMA2_Stream1_IRQHandler)
    DMA2_Stream2_IRQHandler                  0x080006d9   Thumb Code     6  stm32f4xx_it.o(i.DMA2_Stream2_IRQHandler)
    DMA2_Stream6_IRQHandler                  0x080006e5   Thumb Code     6  stm32f4xx_it.o(i.DMA2_Stream6_IRQHandler)
    DMA2_Stream7_IRQHandler                  0x080006f1   Thumb Code     6  stm32f4xx_it.o(i.DMA2_Stream7_IRQHandler)
    DebugMon_Handler                         0x080007a1   Thumb Code     2  stm32f4xx_it.o(i.DebugMon_Handler)
    Error_Handler                            0x080007a3   Thumb Code     2  main.o(i.Error_Handler)
    HAL_CAN_ActivateNotification             0x080007a5   Thumb Code    36  stm32f4xx_hal_can.o(i.HAL_CAN_ActivateNotification)
    HAL_CAN_ConfigFilter                     0x080007c9   Thumb Code   262  stm32f4xx_hal_can.o(i.HAL_CAN_ConfigFilter)
    HAL_CAN_ErrorCallback                    0x080008d5   Thumb Code     2  stm32f4xx_hal_can.o(i.HAL_CAN_ErrorCallback)
    HAL_CAN_GetRxMessage                     0x080008d7   Thumb Code   232  stm32f4xx_hal_can.o(i.HAL_CAN_GetRxMessage)
    HAL_CAN_IRQHandler                       0x080009bf   Thumb Code   508  stm32f4xx_hal_can.o(i.HAL_CAN_IRQHandler)
    HAL_CAN_Init                             0x08000bbb   Thumb Code   282  stm32f4xx_hal_can.o(i.HAL_CAN_Init)
    HAL_CAN_MspInit                          0x08000cd5   Thumb Code   276  can.o(i.HAL_CAN_MspInit)
    HAL_CAN_RxFifo0FullCallback              0x08000e01   Thumb Code     2  stm32f4xx_hal_can.o(i.HAL_CAN_RxFifo0FullCallback)
    HAL_CAN_RxFifo0MsgPendingCallback        0x08000e05   Thumb Code   204  bsp_can.o(i.HAL_CAN_RxFifo0MsgPendingCallback)
    HAL_CAN_RxFifo1FullCallback              0x08000ee5   Thumb Code     2  stm32f4xx_hal_can.o(i.HAL_CAN_RxFifo1FullCallback)
    HAL_CAN_RxFifo1MsgPendingCallback        0x08000ee7   Thumb Code     2  stm32f4xx_hal_can.o(i.HAL_CAN_RxFifo1MsgPendingCallback)
    HAL_CAN_SleepCallback                    0x08000ee9   Thumb Code     2  stm32f4xx_hal_can.o(i.HAL_CAN_SleepCallback)
    HAL_CAN_Start                            0x08000eed   Thumb Code    88  stm32f4xx_hal_can.o(i.HAL_CAN_Start)
    HAL_CAN_TxMailbox0AbortCallback          0x08000f45   Thumb Code     2  stm32f4xx_hal_can.o(i.HAL_CAN_TxMailbox0AbortCallback)
    HAL_CAN_TxMailbox0CompleteCallback       0x08000f47   Thumb Code     2  stm32f4xx_hal_can.o(i.HAL_CAN_TxMailbox0CompleteCallback)
    HAL_CAN_TxMailbox1AbortCallback          0x08000f49   Thumb Code     2  stm32f4xx_hal_can.o(i.HAL_CAN_TxMailbox1AbortCallback)
    HAL_CAN_TxMailbox1CompleteCallback       0x08000f4b   Thumb Code     2  stm32f4xx_hal_can.o(i.HAL_CAN_TxMailbox1CompleteCallback)
    HAL_CAN_TxMailbox2AbortCallback          0x08000f4d   Thumb Code     2  stm32f4xx_hal_can.o(i.HAL_CAN_TxMailbox2AbortCallback)
    HAL_CAN_TxMailbox2CompleteCallback       0x08000f4f   Thumb Code     2  stm32f4xx_hal_can.o(i.HAL_CAN_TxMailbox2CompleteCallback)
    HAL_CAN_WakeUpFromRxMsgCallback          0x08000f51   Thumb Code     2  stm32f4xx_hal_can.o(i.HAL_CAN_WakeUpFromRxMsgCallback)
    HAL_DMA_Abort                            0x08000f53   Thumb Code   142  stm32f4xx_hal_dma.o(i.HAL_DMA_Abort)
    HAL_DMA_Abort_IT                         0x08000fe1   Thumb Code    36  stm32f4xx_hal_dma.o(i.HAL_DMA_Abort_IT)
    HAL_DMA_IRQHandler                       0x08001005   Thumb Code   412  stm32f4xx_hal_dma.o(i.HAL_DMA_IRQHandler)
    HAL_DMA_Init                             0x080011a5   Thumb Code   206  stm32f4xx_hal_dma.o(i.HAL_DMA_Init)
    HAL_DMA_Start_IT                         0x08001279   Thumb Code   120  stm32f4xx_hal_dma.o(i.HAL_DMA_Start_IT)
    HAL_Delay                                0x080012f1   Thumb Code    32  stm32f4xx_hal.o(i.HAL_Delay)
    HAL_GPIO_Init                            0x08001315   Thumb Code   388  stm32f4xx_hal_gpio.o(i.HAL_GPIO_Init)
    HAL_GPIO_ReadPin                         0x080014c5   Thumb Code    10  stm32f4xx_hal_gpio.o(i.HAL_GPIO_ReadPin)
    HAL_GetTick                              0x080014d1   Thumb Code     6  stm32f4xx_hal.o(i.HAL_GetTick)
    HAL_IncTick                              0x080014dd   Thumb Code    12  stm32f4xx_hal.o(i.HAL_IncTick)
    HAL_Init                                 0x080014ed   Thumb Code    48  stm32f4xx_hal.o(i.HAL_Init)
    HAL_InitTick                             0x08001521   Thumb Code   100  stm32f4xx_hal_timebase_tim.o(i.HAL_InitTick)
    HAL_MspInit                              0x08001595   Thumb Code    52  stm32f4xx_hal_msp.o(i.HAL_MspInit)
    HAL_NVIC_EnableIRQ                       0x080015cd   Thumb Code    26  stm32f4xx_hal_cortex.o(i.HAL_NVIC_EnableIRQ)
    HAL_NVIC_SetPriority                     0x080015e9   Thumb Code    60  stm32f4xx_hal_cortex.o(i.HAL_NVIC_SetPriority)
    HAL_NVIC_SetPriorityGrouping             0x08001629   Thumb Code    26  stm32f4xx_hal_cortex.o(i.HAL_NVIC_SetPriorityGrouping)
    HAL_RCC_ClockConfig                      0x0800164d   Thumb Code   286  stm32f4xx_hal_rcc.o(i.HAL_RCC_ClockConfig)
    HAL_RCC_GetClockConfig                   0x0800177d   Thumb Code    54  stm32f4xx_hal_rcc.o(i.HAL_RCC_GetClockConfig)
    HAL_RCC_GetPCLK1Freq                     0x080017bd   Thumb Code    20  stm32f4xx_hal_rcc.o(i.HAL_RCC_GetPCLK1Freq)
    HAL_RCC_GetPCLK2Freq                     0x080017dd   Thumb Code    20  stm32f4xx_hal_rcc.o(i.HAL_RCC_GetPCLK2Freq)
    HAL_RCC_GetSysClockFreq                  0x080017fd   Thumb Code    66  stm32f4xx_hal_rcc.o(i.HAL_RCC_GetSysClockFreq)
    HAL_RCC_OscConfig                        0x08001849   Thumb Code   770  stm32f4xx_hal_rcc.o(i.HAL_RCC_OscConfig)
    HAL_TIMEx_BreakCallback                  0x08001b65   Thumb Code     2  stm32f4xx_hal_tim_ex.o(i.HAL_TIMEx_BreakCallback)
    HAL_TIMEx_CommutCallback                 0x08001b67   Thumb Code     2  stm32f4xx_hal_tim_ex.o(i.HAL_TIMEx_CommutCallback)
    HAL_TIM_Base_Init                        0x08001b69   Thumb Code    54  stm32f4xx_hal_tim.o(i.HAL_TIM_Base_Init)
    HAL_TIM_Base_MspInit                     0x08001ba1   Thumb Code    30  tim.o(i.HAL_TIM_Base_MspInit)
    HAL_TIM_Base_Start_IT                    0x08001bc9   Thumb Code    34  stm32f4xx_hal_tim.o(i.HAL_TIM_Base_Start_IT)
    HAL_TIM_IC_CaptureCallback               0x08001beb   Thumb Code     2  stm32f4xx_hal_tim.o(i.HAL_TIM_IC_CaptureCallback)
    HAL_TIM_IRQHandler                       0x08001bed   Thumb Code   358  stm32f4xx_hal_tim.o(i.HAL_TIM_IRQHandler)
    HAL_TIM_OC_DelayElapsedCallback          0x08001d53   Thumb Code     2  stm32f4xx_hal_tim.o(i.HAL_TIM_OC_DelayElapsedCallback)
    HAL_TIM_PWM_PulseFinishedCallback        0x08001d55   Thumb Code     2  stm32f4xx_hal_tim.o(i.HAL_TIM_PWM_PulseFinishedCallback)
    HAL_TIM_PeriodElapsedCallback            0x08001d59   Thumb Code    14  main.o(i.HAL_TIM_PeriodElapsedCallback)
    HAL_TIM_TriggerCallback                  0x08001d6d   Thumb Code     2  stm32f4xx_hal_tim.o(i.HAL_TIM_TriggerCallback)
    HAL_UART_DMAStop                         0x08001d6f   Thumb Code    88  stm32f4xx_hal_uart.o(i.HAL_UART_DMAStop)
    HAL_UART_ErrorCallback                   0x08001dc7   Thumb Code     2  stm32f4xx_hal_uart.o(i.HAL_UART_ErrorCallback)
    HAL_UART_IRQHandler                      0x08001dc9   Thumb Code   266  stm32f4xx_hal_uart.o(i.HAL_UART_IRQHandler)
    HAL_UART_Init                            0x08001ed9   Thumb Code    98  stm32f4xx_hal_uart.o(i.HAL_UART_Init)
    HAL_UART_MspInit                         0x08001f3d   Thumb Code  1230  usart.o(i.HAL_UART_MspInit)
    HAL_UART_Receive_DMA                     0x08002421   Thumb Code   138  stm32f4xx_hal_uart.o(i.HAL_UART_Receive_DMA)
    HAL_UART_RxCpltCallback                  0x080024b9   Thumb Code     2  stm32f4xx_hal_uart.o(i.HAL_UART_RxCpltCallback)
    HAL_UART_RxHalfCpltCallback              0x080024bb   Thumb Code     2  stm32f4xx_hal_uart.o(i.HAL_UART_RxHalfCpltCallback)
    HAL_UART_TxCpltCallback                  0x080024bd   Thumb Code     2  stm32f4xx_hal_uart.o(i.HAL_UART_TxCpltCallback)
    HardFault_Handler                        0x080024bf   Thumb Code     2  stm32f4xx_it.o(i.HardFault_Handler)
    MX_CAN1_Init                             0x080024c1   Thumb Code    60  can.o(i.MX_CAN1_Init)
    MX_CAN2_Init                             0x08002505   Thumb Code    60  can.o(i.MX_CAN2_Init)
    MX_DMA_Init                              0x08002549   Thumb Code   232  dma.o(i.MX_DMA_Init)
    MX_FREERTOS_Init                         0x08002635   Thumb Code    30  freertos.o(i.MX_FREERTOS_Init)
    MX_GPIO_Init                             0x0800265d   Thumb Code   116  gpio.o(i.MX_GPIO_Init)
    MX_TIM14_Init                            0x080026d9   Thumb Code    48  tim.o(i.MX_TIM14_Init)
    MX_UART4_Init                            0x08002711   Thumb Code    48  usart.o(i.MX_UART4_Init)
    MX_UART5_Init                            0x08002749   Thumb Code    48  usart.o(i.MX_UART5_Init)
    MX_USART1_UART_Init                      0x08002781   Thumb Code    54  usart.o(i.MX_USART1_UART_Init)
    MX_USART2_UART_Init                      0x080027c5   Thumb Code    48  usart.o(i.MX_USART2_UART_Init)
    MX_USART3_UART_Init                      0x080027fd   Thumb Code    48  usart.o(i.MX_USART3_UART_Init)
    MX_USART6_UART_Init                      0x08002835   Thumb Code    48  usart.o(i.MX_USART6_UART_Init)
    MemManage_Handler                        0x0800286d   Thumb Code     2  stm32f4xx_it.o(i.MemManage_Handler)
    NMI_Handler                              0x0800286f   Thumb Code     2  stm32f4xx_it.o(i.NMI_Handler)
    StartDefaultTask                         0x08002871   Thumb Code    14  freertos.o(i.StartDefaultTask)
    SysTick_Handler                          0x08002885   Thumb Code    38  port.o(i.SysTick_Handler)
    SystemClock_Config                       0x080028b1   Thumb Code   124  main.o(i.SystemClock_Config)
    SystemInit                               0x08002935   Thumb Code    66  system_stm32f4xx.o(i.SystemInit)
    TIM1_UP_TIM10_IRQHandler                 0x08002989   Thumb Code     6  stm32f4xx_it.o(i.TIM1_UP_TIM10_IRQHandler)
    TIM_Base_SetConfig                       0x08002995   Thumb Code   156  stm32f4xx_hal_tim.o(i.TIM_Base_SetConfig)
    T_imu_calcu                              0x08002a5d   Thumb Code    62  bsp_t_imu.o(i.T_imu_calcu)
    UART4_IRQHandler                         0x08002aa5   Thumb Code    18  stm32f4xx_it.o(i.UART4_IRQHandler)
    UART5_IRQHandler                         0x08002abd   Thumb Code    18  stm32f4xx_it.o(i.UART5_IRQHandler)
    USART1_IRQHandler                        0x08002f49   Thumb Code    18  stm32f4xx_it.o(i.USART1_IRQHandler)
    USART2_IRQHandler                        0x08002f61   Thumb Code    18  stm32f4xx_it.o(i.USART2_IRQHandler)
    USART3_IRQHandler                        0x08002f79   Thumb Code    18  stm32f4xx_it.o(i.USART3_IRQHandler)
    USART6_IRQHandler                        0x08002f91   Thumb Code    18  stm32f4xx_it.o(i.USART6_IRQHandler)
    USER_UART_IDLECallback                   0x08002fa9   Thumb Code   200  bsp_uart.o(i.USER_UART_IDLECallback)
    USER_UART_IRQHandler                     0x08003091   Thumb Code    38  bsp_uart.o(i.USER_UART_IRQHandler)
    USER_UART_Init                           0x080030b9   Thumb Code   124  bsp_uart.o(i.USER_UART_Init)
    UsageFault_Handler                       0x0800314d   Thumb Code     2  stm32f4xx_it.o(i.UsageFault_Handler)
    __ARM_fpclassify                         0x0800314f   Thumb Code    48  fpclassify.o(i.__ARM_fpclassify)
    __hardfp_pow                             0x080031a1   Thumb Code  3072  pow.o(i.__hardfp_pow)
    __kernel_poly                            0x08003df1   Thumb Code   248  poly.o(i.__kernel_poly)
    __mathlib_dbl_divzero                    0x08003ee9   Thumb Code    28  dunder.o(i.__mathlib_dbl_divzero)
    __mathlib_dbl_infnan2                    0x08003f19   Thumb Code    20  dunder.o(i.__mathlib_dbl_infnan2)
    __mathlib_dbl_invalid                    0x08003f31   Thumb Code    24  dunder.o(i.__mathlib_dbl_invalid)
    __mathlib_dbl_overflow                   0x08003f51   Thumb Code    24  dunder.o(i.__mathlib_dbl_overflow)
    __mathlib_dbl_underflow                  0x08003f71   Thumb Code    24  dunder.o(i.__mathlib_dbl_underflow)
    can_device_init                          0x08003f91   Thumb Code   110  bsp_can.o(i.can_device_init)
    encoder_data_handler                     0x08004009   Thumb Code    58  bsp_can.o(i.encoder_data_handler)
    fabs                                     0x08004043   Thumb Code    24  fabs.o(i.fabs)
    getLimitStatus                           0x0800405d   Thumb Code    50  bsp_limit.o(i.getLimitStatus)
    getWT53Rdis                              0x08004099   Thumb Code   158  bsp_wt53r.o(i.getWT53Rdis)
    get_moto_offset                          0x08004149   Thumb Code    12  bsp_can.o(i.get_moto_offset)
    main                                     0x08004159   Thumb Code    70  main.o(i.main)
    osDelay                                  0x080041ab   Thumb Code    14  cmsis_os.o(i.osDelay)
    osKernelStart                            0x080041b9   Thumb Code    10  cmsis_os.o(i.osKernelStart)
    osThreadCreate                           0x080041c3   Thumb Code    84  cmsis_os.o(i.osThreadCreate)
    pvPortMalloc                             0x08004945   Thumb Code   210  heap_4.o(i.pvPortMalloc)
    pxPortInitialiseStack                    0x08004a1d   Thumb Code    40  port.o(i.pxPortInitialiseStack)
    rc_callback_handler                      0x08004a49   Thumb Code   190  remote_msg.o(i.rc_callback_handler)
    sqrt                                     0x08004b07   Thumb Code   110  sqrt.o(i.sqrt)
    uxListRemove                             0x08004b75   Thumb Code    38  list.o(i.uxListRemove)
    vApplicationGetIdleTaskMemory            0x08004b9d   Thumb Code    16  freertos.o(i.vApplicationGetIdleTaskMemory)
    vApplicationGetTimerTaskMemory           0x08004bb1   Thumb Code    18  freertos.o(i.vApplicationGetTimerTaskMemory)
    vListInitialise                          0x08004bc9   Thumb Code    22  list.o(i.vListInitialise)
    vListInitialiseItem                      0x08004bdf   Thumb Code     6  list.o(i.vListInitialiseItem)
    vListInsert                              0x08004be5   Thumb Code    48  list.o(i.vListInsert)
    vListInsertEnd                           0x08004c15   Thumb Code    24  list.o(i.vListInsertEnd)
    vPortEnterCritical                       0x08004c2d   Thumb Code    54  port.o(i.vPortEnterCritical)
    vPortExitCritical                        0x08004c6d   Thumb Code    34  port.o(i.vPortExitCritical)
    vPortFree                                0x08004c95   Thumb Code    88  heap_4.o(i.vPortFree)
    vPortSetupTimerInterrupt                 0x08004cf1   Thumb Code    32  port.o(i.vPortSetupTimerInterrupt)
    vPortValidateInterruptPriority           0x08004d15   Thumb Code    74  port.o(i.vPortValidateInterruptPriority)
    vQueueAddToRegistry                      0x08004d69   Thumb Code    34  queue.o(i.vQueueAddToRegistry)
    vQueueWaitForMessageRestricted           0x08004d91   Thumb Code    68  queue.o(i.vQueueWaitForMessageRestricted)
    vTaskDelay                               0x08004dd5   Thumb Code    66  tasks.o(i.vTaskDelay)
    vTaskInternalSetTimeOutState             0x08004e21   Thumb Code    12  tasks.o(i.vTaskInternalSetTimeOutState)
    vTaskMissedYield                         0x08004e31   Thumb Code     8  tasks.o(i.vTaskMissedYield)
    vTaskPlaceOnEventList                    0x08004e3d   Thumb Code    44  tasks.o(i.vTaskPlaceOnEventList)
    vTaskPlaceOnEventListRestricted          0x08004e6d   Thumb Code    52  tasks.o(i.vTaskPlaceOnEventListRestricted)
    vTaskStartScheduler                      0x08004ea5   Thumb Code   118  tasks.o(i.vTaskStartScheduler)
    vTaskSuspendAll                          0x08004f2d   Thumb Code    10  tasks.o(i.vTaskSuspendAll)
    vTaskSwitchContext                       0x08004f3d   Thumb Code    82  tasks.o(i.vTaskSwitchContext)
    vTfBackGetData                           0x08004f99   Thumb Code    42  bsp_tfminiplus.o(i.vTfBackGetData)
    vTfFrontGetData                          0x08004fc9   Thumb Code    34  bsp_tfminiplus.o(i.vTfFrontGetData)
    xPortStartScheduler                      0x08004ff1   Thumb Code   222  port.o(i.xPortStartScheduler)
    xQueueGenericCreateStatic                0x080050e5   Thumb Code   102  queue.o(i.xQueueGenericCreateStatic)
    xQueueGenericReset                       0x0800514d   Thumb Code   132  queue.o(i.xQueueGenericReset)
    xQueueGenericSend                        0x080051d5   Thumb Code   346  queue.o(i.xQueueGenericSend)
    xQueueGenericSendFromISR                 0x08005335   Thumb Code   188  queue.o(i.xQueueGenericSendFromISR)
    xQueueReceive                            0x080053f1   Thumb Code   308  queue.o(i.xQueueReceive)
    xTaskCheckForTimeOut                     0x08005529   Thumb Code   112  tasks.o(i.xTaskCheckForTimeOut)
    xTaskCreate                              0x0800559d   Thumb Code    90  tasks.o(i.xTaskCreate)
    xTaskCreateStatic                        0x080055f7   Thumb Code    86  tasks.o(i.xTaskCreateStatic)
    xTaskGetSchedulerState                   0x0800564d   Thumb Code    22  tasks.o(i.xTaskGetSchedulerState)
    xTaskGetTickCount                        0x08005669   Thumb Code     6  tasks.o(i.xTaskGetTickCount)
    xTaskIncrementTick                       0x08005675   Thumb Code   192  tasks.o(i.xTaskIncrementTick)
    xTaskPriorityDisinherit                  0x0800573d   Thumb Code   144  tasks.o(i.xTaskPriorityDisinherit)
    xTaskRemoveFromEventList                 0x080057d5   Thumb Code   108  tasks.o(i.xTaskRemoveFromEventList)
    xTaskResumeAll                           0x08005849   Thumb Code   182  tasks.o(i.xTaskResumeAll)
    xTimerCreateTimerTask                    0x0800590d   Thumb Code    78  timers.o(i.xTimerCreateTimerTask)
    xTimerGenericCommand                     0x0800596d   Thumb Code    92  timers.o(i.xTimerGenericCommand)
    __aeabi_dneg                             0x080059cd   Thumb Code     0  basic.o(x$fpl$basic)
    _dneg                                    0x080059cd   Thumb Code     6  basic.o(x$fpl$basic)
    __aeabi_fneg                             0x080059d3   Thumb Code     0  basic.o(x$fpl$basic)
    _fneg                                    0x080059d3   Thumb Code     6  basic.o(x$fpl$basic)
    _dabs                                    0x080059d9   Thumb Code     6  basic.o(x$fpl$basic)
    _fabs                                    0x080059df   Thumb Code     6  basic.o(x$fpl$basic)
    __aeabi_dadd                             0x080059e5   Thumb Code     0  daddsub_clz.o(x$fpl$dadd)
    _dadd                                    0x080059e5   Thumb Code   332  daddsub_clz.o(x$fpl$dadd)
    __fpl_dcheck_NaN1                        0x08005b35   Thumb Code    10  dcheck1.o(x$fpl$dcheck1)
    __fpl_dcmp_Inf                           0x08005b45   Thumb Code    24  dcmpi.o(x$fpl$dcmpinf)
    __aeabi_ddiv                             0x08005b5d   Thumb Code     0  ddiv.o(x$fpl$ddiv)
    _ddiv                                    0x08005b5d   Thumb Code   552  ddiv.o(x$fpl$ddiv)
    __aeabi_d2uiz                            0x08005e0d   Thumb Code     0  dfixu.o(x$fpl$dfixu)
    _dfixu                                   0x08005e0d   Thumb Code    90  dfixu.o(x$fpl$dfixu)
    __aeabi_i2d                              0x08005e67   Thumb Code     0  dflt_clz.o(x$fpl$dflt)
    _dflt                                    0x08005e67   Thumb Code    46  dflt_clz.o(x$fpl$dflt)
    __aeabi_ui2d                             0x08005e95   Thumb Code     0  dflt_clz.o(x$fpl$dfltu)
    _dfltu                                   0x08005e95   Thumb Code    38  dflt_clz.o(x$fpl$dfltu)
    __aeabi_cdcmple                          0x08005ebd   Thumb Code     0  dleqf.o(x$fpl$dleqf)
    _dcmple                                  0x08005ebd   Thumb Code   120  dleqf.o(x$fpl$dleqf)
    __fpl_dcmple_InfNaN                      0x08005f1f   Thumb Code     0  dleqf.o(x$fpl$dleqf)
    __aeabi_dmul                             0x08005f35   Thumb Code     0  dmul.o(x$fpl$dmul)
    _dmul                                    0x08005f35   Thumb Code   332  dmul.o(x$fpl$dmul)
    __fpl_dnaninf                            0x08006089   Thumb Code   156  dnaninf.o(x$fpl$dnaninf)
    __fpl_dretinf                            0x08006125   Thumb Code    12  dretinf.o(x$fpl$dretinf)
    __aeabi_cdrcmple                         0x08006131   Thumb Code     0  drleqf.o(x$fpl$drleqf)
    _drcmple                                 0x08006131   Thumb Code   108  drleqf.o(x$fpl$drleqf)
    __aeabi_drsub                            0x0800619d   Thumb Code     0  daddsub_clz.o(x$fpl$drsb)
    _drsb                                    0x0800619d   Thumb Code    22  daddsub_clz.o(x$fpl$drsb)
    _dsqrt                                   0x080061b5   Thumb Code   404  dsqrt_umaal.o(x$fpl$dsqrt)
    __aeabi_dsub                             0x0800634d   Thumb Code     0  daddsub_clz.o(x$fpl$dsub)
    _dsub                                    0x0800634d   Thumb Code   464  daddsub_clz.o(x$fpl$dsub)
    _fp_init                                 0x08006521   Thumb Code    10  fpinit.o(x$fpl$fpinit)
    __fplib_config_fpu_vfp                   0x08006529   Thumb Code     0  fpinit.o(x$fpl$fpinit)
    __fplib_config_pureend_doubles           0x08006529   Thumb Code     0  fpinit.o(x$fpl$fpinit)
    __fpl_return_NaN                         0x0800652b   Thumb Code   100  retnan.o(x$fpl$retnan)
    __ARM_scalbn                             0x0800658f   Thumb Code    92  scalbn.o(x$fpl$scalbn)
    __fpl_cmpreturn                          0x080065eb   Thumb Code    48  trapv.o(x$fpl$trapveneer)
    __I$use$fp                               0x0800661a   Number         0  usenofp.o(x$fpl$usenofp)
    AHBPrescTable                            0x08006640   Data          16  system_stm32f4xx.o(.constdata)
    APBPrescTable                            0x08006650   Data           8  system_stm32f4xx.o(.constdata)
    __mathlib_zero                           0x080066e8   Data           8  qnan.o(.constdata)
    Region$$Table$$Base                      0x080066fc   Number         0  anon$$obj.o(Region$$Table)
    Region$$Table$$Limit                     0x0800671c   Number         0  anon$$obj.o(Region$$Table)
    defaultTaskHandle                        0x20000000   Data           4  freertos.o(.data)
    uwTickFreq                               0x20000008   Data           1  stm32f4xx_hal.o(.data)
    uwTickPrio                               0x2000000c   Data           4  stm32f4xx_hal.o(.data)
    uwTick                                   0x20000010   Data           4  stm32f4xx_hal.o(.data)
    SystemCoreClock                          0x20000014   Data           4  system_stm32f4xx.o(.data)
    pxCurrentTCB                             0x20000018   Data           4  tasks.o(.data)
    message1                                 0x20000090   Data           4  bsp_can.o(.data)
    CAN1_Rx_data                             0x20000094   Data           8  bsp_can.o(.data)
    CAN1_Tx_data                             0x2000009c   Data           8  bsp_can.o(.data)
    CAN2_Rx_data                             0x200000a4   Data           8  bsp_can.o(.data)
    CAN2_Tx_data                             0x200000ac   Data           8  bsp_can.o(.data)
    palstance_buffer                         0x200000b4   Data           8  bsp_t_imu.o(.data)
    angle_buffer                             0x200000bc   Data           8  bsp_t_imu.o(.data)
    tfmin_distance                           0x200000c4   Data           4  bsp_tfminiplus.o(.data)
    wt53r_distance                           0x200000c8   Data           4  bsp_wt53r.o(.data)
    limitStatus                              0x200000cc   Data           4  bsp_limit.o(.data)
    hcan1                                    0x20000778   Data          40  can.o(.bss)
    hcan2                                    0x200007a0   Data          40  can.o(.bss)
    htim14                                   0x200007c8   Data          64  tim.o(.bss)
    huart4                                   0x20000808   Data          64  usart.o(.bss)
    huart5                                   0x20000848   Data          64  usart.o(.bss)
    huart1                                   0x20000888   Data          64  usart.o(.bss)
    huart2                                   0x200008c8   Data          64  usart.o(.bss)
    huart3                                   0x20000908   Data          64  usart.o(.bss)
    huart6                                   0x20000948   Data          64  usart.o(.bss)
    hdma_uart4_rx                            0x20000988   Data          96  usart.o(.bss)
    hdma_uart4_tx                            0x200009e8   Data          96  usart.o(.bss)
    hdma_uart5_rx                            0x20000a48   Data          96  usart.o(.bss)
    hdma_uart5_tx                            0x20000aa8   Data          96  usart.o(.bss)
    hdma_usart1_rx                           0x20000b08   Data          96  usart.o(.bss)
    hdma_usart1_tx                           0x20000b68   Data          96  usart.o(.bss)
    hdma_usart2_rx                           0x20000bc8   Data          96  usart.o(.bss)
    hdma_usart2_tx                           0x20000c28   Data          96  usart.o(.bss)
    hdma_usart3_rx                           0x20000c88   Data          96  usart.o(.bss)
    hdma_usart3_tx                           0x20000ce8   Data          96  usart.o(.bss)
    hdma_usart6_rx                           0x20000d48   Data          96  usart.o(.bss)
    hdma_usart6_tx                           0x20000da8   Data          96  usart.o(.bss)
    htim10                                   0x20000e08   Data          64  stm32f4xx_hal_timebase_tim.o(.bss)
    xQueueRegistry                           0x20000e48   Data          64  queue.o(.bss)
    rc                                       0x20004c60   Data          22  remote_msg.o(.bss)
    dma_dbus_rec_buf                         0x20004c76   Data          18  bsp_uart.o(.bss)
    TFminiPlusBuffArray_Front                0x20004c88   Data          50  bsp_uart.o(.bss)
    TFminiPlusBuffArray_Back                 0x20004cba   Data          50  bsp_uart.o(.bss)
    WT53RArrayLeft                           0x20004cec   Data          50  bsp_uart.o(.bss)
    WT53RArrayRight                          0x20004d1e   Data          50  bsp_uart.o(.bss)
    moto_msg                                 0x20004d50   Data         144  bsp_can.o(.bss)
    Tx1Message                               0x20004de0   Data          24  bsp_can.o(.bss)
    Rx1Message                               0x20004df8   Data          28  bsp_can.o(.bss)
    Tx2Message                               0x20004e14   Data          24  bsp_can.o(.bss)
    Rx2Message                               0x20004e2c   Data          28  bsp_can.o(.bss)
    imu_data                                 0x20004e48   Data          20  bsp_t_imu.o(.bss)
    __libspace_start                         0x20004e5c   Data          96  libspace.o(.bss)
    __temporary_stack_top$libspace           0x20004ebc   Data           0  libspace.o(.bss)



==============================================================================

Memory Map of the image

  Image Entry point : 0x08000189

  Load Region LR_IROM1 (Base: 0x08000000, Size: 0x000067ec, Max: 0x00080000, ABSOLUTE)

    Execution Region ER_IROM1 (Base: 0x08000000, Size: 0x0000671c, Max: 0x00080000, ABSOLUTE)

    Base Addr    Size         Type   Attr      Idx    E Section Name        Object

    0x08000000   0x00000188   Data   RO            3    RESET               startup_stm32f407xx.o
    0x08000188   0x00000008   Code   RO         5151  * !!!main             c_w.l(__main.o)
    0x08000190   0x00000034   Code   RO         5421    !!!scatter          c_w.l(__scatter.o)
    0x080001c4   0x0000001a   Code   RO         5423    !!handler_copy      c_w.l(__scatter_copy.o)
    0x080001de   0x00000002   PAD
    0x080001e0   0x0000001c   Code   RO         5425    !!handler_zi        c_w.l(__scatter_zi.o)
    0x080001fc   0x00000002   Code   RO         5288    .ARM.Collect$$libinit$$00000000  c_w.l(libinit.o)
    0x080001fe   0x00000004   Code   RO         5301    .ARM.Collect$$libinit$$00000001  c_w.l(libinit2.o)
    0x08000202   0x00000000   Code   RO         5304    .ARM.Collect$$libinit$$00000004  c_w.l(libinit2.o)
    0x08000202   0x00000000   Code   RO         5307    .ARM.Collect$$libinit$$0000000A  c_w.l(libinit2.o)
    0x08000202   0x00000000   Code   RO         5309    .ARM.Collect$$libinit$$0000000C  c_w.l(libinit2.o)
    0x08000202   0x00000000   Code   RO         5311    .ARM.Collect$$libinit$$0000000E  c_w.l(libinit2.o)
    0x08000202   0x00000000   Code   RO         5314    .ARM.Collect$$libinit$$00000011  c_w.l(libinit2.o)
    0x08000202   0x00000000   Code   RO         5316    .ARM.Collect$$libinit$$00000013  c_w.l(libinit2.o)
    0x08000202   0x00000000   Code   RO         5318    .ARM.Collect$$libinit$$00000015  c_w.l(libinit2.o)
    0x08000202   0x00000000   Code   RO         5320    .ARM.Collect$$libinit$$00000017  c_w.l(libinit2.o)
    0x08000202   0x00000000   Code   RO         5322    .ARM.Collect$$libinit$$00000019  c_w.l(libinit2.o)
    0x08000202   0x00000000   Code   RO         5324    .ARM.Collect$$libinit$$0000001B  c_w.l(libinit2.o)
    0x08000202   0x00000000   Code   RO         5326    .ARM.Collect$$libinit$$0000001D  c_w.l(libinit2.o)
    0x08000202   0x00000000   Code   RO         5328    .ARM.Collect$$libinit$$0000001F  c_w.l(libinit2.o)
    0x08000202   0x00000000   Code   RO         5330    .ARM.Collect$$libinit$$00000021  c_w.l(libinit2.o)
    0x08000202   0x00000000   Code   RO         5332    .ARM.Collect$$libinit$$00000023  c_w.l(libinit2.o)
    0x08000202   0x00000000   Code   RO         5334    .ARM.Collect$$libinit$$00000025  c_w.l(libinit2.o)
    0x08000202   0x00000000   Code   RO         5338    .ARM.Collect$$libinit$$0000002C  c_w.l(libinit2.o)
    0x08000202   0x00000000   Code   RO         5340    .ARM.Collect$$libinit$$0000002E  c_w.l(libinit2.o)
    0x08000202   0x00000000   Code   RO         5342    .ARM.Collect$$libinit$$00000030  c_w.l(libinit2.o)
    0x08000202   0x00000000   Code   RO         5344    .ARM.Collect$$libinit$$00000032  c_w.l(libinit2.o)
    0x08000202   0x00000002   Code   RO         5345    .ARM.Collect$$libinit$$00000033  c_w.l(libinit2.o)
    0x08000204   0x00000002   Code   RO         5378    .ARM.Collect$$libshutdown$$00000000  c_w.l(libshutdown.o)
    0x08000206   0x00000000   Code   RO         5404    .ARM.Collect$$libshutdown$$00000002  c_w.l(libshutdown2.o)
    0x08000206   0x00000000   Code   RO         5406    .ARM.Collect$$libshutdown$$00000004  c_w.l(libshutdown2.o)
    0x08000206   0x00000000   Code   RO         5409    .ARM.Collect$$libshutdown$$00000007  c_w.l(libshutdown2.o)
    0x08000206   0x00000000   Code   RO         5412    .ARM.Collect$$libshutdown$$0000000A  c_w.l(libshutdown2.o)
    0x08000206   0x00000000   Code   RO         5414    .ARM.Collect$$libshutdown$$0000000C  c_w.l(libshutdown2.o)
    0x08000206   0x00000000   Code   RO         5417    .ARM.Collect$$libshutdown$$0000000F  c_w.l(libshutdown2.o)
    0x08000206   0x00000002   Code   RO         5418    .ARM.Collect$$libshutdown$$00000010  c_w.l(libshutdown2.o)
    0x08000208   0x00000000   Code   RO         5185    .ARM.Collect$$rtentry$$00000000  c_w.l(__rtentry.o)
    0x08000208   0x00000000   Code   RO         5245    .ARM.Collect$$rtentry$$00000002  c_w.l(__rtentry2.o)
    0x08000208   0x00000006   Code   RO         5257    .ARM.Collect$$rtentry$$00000004  c_w.l(__rtentry4.o)
    0x0800020e   0x00000000   Code   RO         5247    .ARM.Collect$$rtentry$$00000009  c_w.l(__rtentry2.o)
    0x0800020e   0x00000004   Code   RO         5248    .ARM.Collect$$rtentry$$0000000A  c_w.l(__rtentry2.o)
    0x08000212   0x00000000   Code   RO         5250    .ARM.Collect$$rtentry$$0000000C  c_w.l(__rtentry2.o)
    0x08000212   0x00000008   Code   RO         5251    .ARM.Collect$$rtentry$$0000000D  c_w.l(__rtentry2.o)
    0x0800021a   0x00000002   Code   RO         5293    .ARM.Collect$$rtexit$$00000000  c_w.l(rtexit.o)
    0x0800021c   0x00000000   Code   RO         5351    .ARM.Collect$$rtexit$$00000002  c_w.l(rtexit2.o)
    0x0800021c   0x00000004   Code   RO         5352    .ARM.Collect$$rtexit$$00000003  c_w.l(rtexit2.o)
    0x08000220   0x00000006   Code   RO         5353    .ARM.Collect$$rtexit$$00000004  c_w.l(rtexit2.o)
    0x08000226   0x00000002   PAD
    0x08000228   0x000000be   Code   RO         4726    .emb_text           port.o
    0x080002e6   0x00000002   PAD
    0x080002e8   0x00000040   Code   RO            4    .text               startup_stm32f407xx.o
    0x08000328   0x000000ee   Code   RO         5137    .text               c_w.l(lludivv7m.o)
    0x08000416   0x0000008a   Code   RO         5139    .text               c_w.l(rt_memcpy_v6.o)
    0x080004a0   0x00000064   Code   RO         5141    .text               c_w.l(rt_memcpy_w.o)
    0x08000504   0x00000044   Code   RO         5145    .text               c_w.l(rt_memclr.o)
    0x08000548   0x0000004e   Code   RO         5147    .text               c_w.l(rt_memclr_w.o)
    0x08000596   0x00000006   Code   RO         5149    .text               c_w.l(heapauxi.o)
    0x0800059c   0x00000016   Code   RO         5190    .text               c_w.l(_rserrno.o)
    0x080005b2   0x00000002   PAD
    0x080005b4   0x00000008   Code   RO         5264    .text               c_w.l(rt_errno_addr_intlibspace.o)
    0x080005bc   0x00000008   Code   RO         5272    .text               c_w.l(libspace.o)
    0x080005c4   0x0000004a   Code   RO         5275    .text               c_w.l(sys_stackheap_outer.o)
    0x0800060e   0x00000012   Code   RO         5277    .text               c_w.l(exit.o)
    0x08000620   0x0000000c   Code   RO         5348    .text               c_w.l(sys_exit.o)
    0x0800062c   0x00000002   Code   RO         5367    .text               c_w.l(use_no_semi.o)
    0x0800062e   0x00000000   Code   RO         5369    .text               c_w.l(indicate_semi.o)
    0x0800062e   0x00000002   Code   RO          492    i.BusFault_Handler  stm32f4xx_it.o
    0x08000630   0x0000000c   Code   RO          493    i.CAN1_RX0_IRQHandler  stm32f4xx_it.o
    0x0800063c   0x0000000c   Code   RO          494    i.CAN1_TX_IRQHandler  stm32f4xx_it.o
    0x08000648   0x0000000c   Code   RO          495    i.CAN2_RX0_IRQHandler  stm32f4xx_it.o
    0x08000654   0x0000000c   Code   RO          496    i.CAN2_RX1_IRQHandler  stm32f4xx_it.o
    0x08000660   0x0000000c   Code   RO          497    i.CAN2_TX_IRQHandler  stm32f4xx_it.o
    0x0800066c   0x0000000c   Code   RO          498    i.DMA1_Stream0_IRQHandler  stm32f4xx_it.o
    0x08000678   0x0000000c   Code   RO          499    i.DMA1_Stream1_IRQHandler  stm32f4xx_it.o
    0x08000684   0x0000000c   Code   RO          500    i.DMA1_Stream2_IRQHandler  stm32f4xx_it.o
    0x08000690   0x0000000c   Code   RO          501    i.DMA1_Stream3_IRQHandler  stm32f4xx_it.o
    0x0800069c   0x0000000c   Code   RO          502    i.DMA1_Stream4_IRQHandler  stm32f4xx_it.o
    0x080006a8   0x0000000c   Code   RO          503    i.DMA1_Stream5_IRQHandler  stm32f4xx_it.o
    0x080006b4   0x0000000c   Code   RO          504    i.DMA1_Stream6_IRQHandler  stm32f4xx_it.o
    0x080006c0   0x0000000c   Code   RO          505    i.DMA1_Stream7_IRQHandler  stm32f4xx_it.o
    0x080006cc   0x0000000c   Code   RO          506    i.DMA2_Stream1_IRQHandler  stm32f4xx_it.o
    0x080006d8   0x0000000c   Code   RO          507    i.DMA2_Stream2_IRQHandler  stm32f4xx_it.o
    0x080006e4   0x0000000c   Code   RO          508    i.DMA2_Stream6_IRQHandler  stm32f4xx_it.o
    0x080006f0   0x0000000c   Code   RO          509    i.DMA2_Stream7_IRQHandler  stm32f4xx_it.o
    0x080006fc   0x00000028   Code   RO         1450    i.DMA_CalcBaseAndBitshift  stm32f4xx_hal_dma.o
    0x08000724   0x00000054   Code   RO         1451    i.DMA_CheckFifoParam  stm32f4xx_hal_dma.o
    0x08000778   0x00000028   Code   RO         1452    i.DMA_SetConfig     stm32f4xx_hal_dma.o
    0x080007a0   0x00000002   Code   RO          510    i.DebugMon_Handler  stm32f4xx_it.o
    0x080007a2   0x00000002   Code   RO           13    i.Error_Handler     main.o
    0x080007a4   0x00000024   Code   RO          758    i.HAL_CAN_ActivateNotification  stm32f4xx_hal_can.o
    0x080007c8   0x0000010c   Code   RO          760    i.HAL_CAN_ConfigFilter  stm32f4xx_hal_can.o
    0x080008d4   0x00000002   Code   RO          763    i.HAL_CAN_ErrorCallback  stm32f4xx_hal_can.o
    0x080008d6   0x000000e8   Code   RO          766    i.HAL_CAN_GetRxMessage  stm32f4xx_hal_can.o
    0x080009be   0x000001fc   Code   RO          770    i.HAL_CAN_IRQHandler  stm32f4xx_hal_can.o
    0x08000bba   0x0000011a   Code   RO          771    i.HAL_CAN_Init      stm32f4xx_hal_can.o
    0x08000cd4   0x0000012c   Code   RO          306    i.HAL_CAN_MspInit   can.o
    0x08000e00   0x00000002   Code   RO          778    i.HAL_CAN_RxFifo0FullCallback  stm32f4xx_hal_can.o
    0x08000e02   0x00000002   PAD
    0x08000e04   0x000000e0   Code   RO         4896    i.HAL_CAN_RxFifo0MsgPendingCallback  bsp_can.o
    0x08000ee4   0x00000002   Code   RO          780    i.HAL_CAN_RxFifo1FullCallback  stm32f4xx_hal_can.o
    0x08000ee6   0x00000002   Code   RO          781    i.HAL_CAN_RxFifo1MsgPendingCallback  stm32f4xx_hal_can.o
    0x08000ee8   0x00000002   Code   RO          782    i.HAL_CAN_SleepCallback  stm32f4xx_hal_can.o
    0x08000eea   0x00000002   PAD
    0x08000eec   0x00000058   Code   RO          783    i.HAL_CAN_Start     stm32f4xx_hal_can.o
    0x08000f44   0x00000002   Code   RO          785    i.HAL_CAN_TxMailbox0AbortCallback  stm32f4xx_hal_can.o
    0x08000f46   0x00000002   Code   RO          786    i.HAL_CAN_TxMailbox0CompleteCallback  stm32f4xx_hal_can.o
    0x08000f48   0x00000002   Code   RO          787    i.HAL_CAN_TxMailbox1AbortCallback  stm32f4xx_hal_can.o
    0x08000f4a   0x00000002   Code   RO          788    i.HAL_CAN_TxMailbox1CompleteCallback  stm32f4xx_hal_can.o
    0x08000f4c   0x00000002   Code   RO          789    i.HAL_CAN_TxMailbox2AbortCallback  stm32f4xx_hal_can.o
    0x08000f4e   0x00000002   Code   RO          790    i.HAL_CAN_TxMailbox2CompleteCallback  stm32f4xx_hal_can.o
    0x08000f50   0x00000002   Code   RO          792    i.HAL_CAN_WakeUpFromRxMsgCallback  stm32f4xx_hal_can.o
    0x08000f52   0x0000008e   Code   RO         1453    i.HAL_DMA_Abort     stm32f4xx_hal_dma.o
    0x08000fe0   0x00000024   Code   RO         1454    i.HAL_DMA_Abort_IT  stm32f4xx_hal_dma.o
    0x08001004   0x000001a0   Code   RO         1458    i.HAL_DMA_IRQHandler  stm32f4xx_hal_dma.o
    0x080011a4   0x000000d4   Code   RO         1459    i.HAL_DMA_Init      stm32f4xx_hal_dma.o
    0x08001278   0x00000078   Code   RO         1463    i.HAL_DMA_Start_IT  stm32f4xx_hal_dma.o
    0x080012f0   0x00000024   Code   RO         1872    i.HAL_Delay         stm32f4xx_hal.o
    0x08001314   0x000001b0   Code   RO         1346    i.HAL_GPIO_Init     stm32f4xx_hal_gpio.o
    0x080014c4   0x0000000a   Code   RO         1348    i.HAL_GPIO_ReadPin  stm32f4xx_hal_gpio.o
    0x080014ce   0x00000002   PAD
    0x080014d0   0x0000000c   Code   RO         1878    i.HAL_GetTick       stm32f4xx_hal.o
    0x080014dc   0x00000010   Code   RO         1884    i.HAL_IncTick       stm32f4xx_hal.o
    0x080014ec   0x00000034   Code   RO         1885    i.HAL_Init          stm32f4xx_hal.o
    0x08001520   0x00000074   Code   RO          718    i.HAL_InitTick      stm32f4xx_hal_timebase_tim.o
    0x08001594   0x00000038   Code   RO          694    i.HAL_MspInit       stm32f4xx_hal_msp.o
    0x080015cc   0x0000001a   Code   RO         1735    i.HAL_NVIC_EnableIRQ  stm32f4xx_hal_cortex.o
    0x080015e6   0x00000002   PAD
    0x080015e8   0x00000040   Code   RO         1741    i.HAL_NVIC_SetPriority  stm32f4xx_hal_cortex.o
    0x08001628   0x00000024   Code   RO         1742    i.HAL_NVIC_SetPriorityGrouping  stm32f4xx_hal_cortex.o
    0x0800164c   0x00000130   Code   RO          992    i.HAL_RCC_ClockConfig  stm32f4xx_hal_rcc.o
    0x0800177c   0x00000040   Code   RO          996    i.HAL_RCC_GetClockConfig  stm32f4xx_hal_rcc.o
    0x080017bc   0x00000020   Code   RO          999    i.HAL_RCC_GetPCLK1Freq  stm32f4xx_hal_rcc.o
    0x080017dc   0x00000020   Code   RO         1000    i.HAL_RCC_GetPCLK2Freq  stm32f4xx_hal_rcc.o
    0x080017fc   0x0000004c   Code   RO         1001    i.HAL_RCC_GetSysClockFreq  stm32f4xx_hal_rcc.o
    0x08001848   0x0000031c   Code   RO         1004    i.HAL_RCC_OscConfig  stm32f4xx_hal_rcc.o
    0x08001b64   0x00000002   Code   RO         2797    i.HAL_TIMEx_BreakCallback  stm32f4xx_hal_tim_ex.o
    0x08001b66   0x00000002   Code   RO         2798    i.HAL_TIMEx_CommutCallback  stm32f4xx_hal_tim_ex.o
    0x08001b68   0x00000036   Code   RO         2122    i.HAL_TIM_Base_Init  stm32f4xx_hal_tim.o
    0x08001b9e   0x00000002   PAD
    0x08001ba0   0x00000028   Code   RO          379    i.HAL_TIM_Base_MspInit  tim.o
    0x08001bc8   0x00000022   Code   RO         2127    i.HAL_TIM_Base_Start_IT  stm32f4xx_hal_tim.o
    0x08001bea   0x00000002   Code   RO         2151    i.HAL_TIM_IC_CaptureCallback  stm32f4xx_hal_tim.o
    0x08001bec   0x00000166   Code   RO         2165    i.HAL_TIM_IRQHandler  stm32f4xx_hal_tim.o
    0x08001d52   0x00000002   Code   RO         2168    i.HAL_TIM_OC_DelayElapsedCallback  stm32f4xx_hal_tim.o
    0x08001d54   0x00000002   Code   RO         2195    i.HAL_TIM_PWM_PulseFinishedCallback  stm32f4xx_hal_tim.o
    0x08001d56   0x00000002   PAD
    0x08001d58   0x00000014   Code   RO           14    i.HAL_TIM_PeriodElapsedCallback  main.o
    0x08001d6c   0x00000002   Code   RO         2208    i.HAL_TIM_TriggerCallback  stm32f4xx_hal_tim.o
    0x08001d6e   0x00000058   Code   RO         3067    i.HAL_UART_DMAStop  stm32f4xx_hal_uart.o
    0x08001dc6   0x00000002   Code   RO         3069    i.HAL_UART_ErrorCallback  stm32f4xx_hal_uart.o
    0x08001dc8   0x00000110   Code   RO         3072    i.HAL_UART_IRQHandler  stm32f4xx_hal_uart.o
    0x08001ed8   0x00000062   Code   RO         3073    i.HAL_UART_Init     stm32f4xx_hal_uart.o
    0x08001f3a   0x00000002   PAD
    0x08001f3c   0x000004e4   Code   RO          421    i.HAL_UART_MspInit  usart.o
    0x08002420   0x00000098   Code   RO         3077    i.HAL_UART_Receive_DMA  stm32f4xx_hal_uart.o
    0x080024b8   0x00000002   Code   RO         3079    i.HAL_UART_RxCpltCallback  stm32f4xx_hal_uart.o
    0x080024ba   0x00000002   Code   RO         3080    i.HAL_UART_RxHalfCpltCallback  stm32f4xx_hal_uart.o
    0x080024bc   0x00000002   Code   RO         3084    i.HAL_UART_TxCpltCallback  stm32f4xx_hal_uart.o
    0x080024be   0x00000002   Code   RO          511    i.HardFault_Handler  stm32f4xx_it.o
    0x080024c0   0x00000044   Code   RO          307    i.MX_CAN1_Init      can.o
    0x08002504   0x00000044   Code   RO          308    i.MX_CAN2_Init      can.o
    0x08002548   0x000000ec   Code   RO          354    i.MX_DMA_Init       dma.o
    0x08002634   0x00000028   Code   RO          245    i.MX_FREERTOS_Init  freertos.o
    0x0800265c   0x0000007c   Code   RO          221    i.MX_GPIO_Init      gpio.o
    0x080026d8   0x00000038   Code   RO          380    i.MX_TIM14_Init     tim.o
    0x08002710   0x00000038   Code   RO          422    i.MX_UART4_Init     usart.o
    0x08002748   0x00000038   Code   RO          423    i.MX_UART5_Init     usart.o
    0x08002780   0x00000044   Code   RO          424    i.MX_USART1_UART_Init  usart.o
    0x080027c4   0x00000038   Code   RO          425    i.MX_USART2_UART_Init  usart.o
    0x080027fc   0x00000038   Code   RO          426    i.MX_USART3_UART_Init  usart.o
    0x08002834   0x00000038   Code   RO          427    i.MX_USART6_UART_Init  usart.o
    0x0800286c   0x00000002   Code   RO          512    i.MemManage_Handler  stm32f4xx_it.o
    0x0800286e   0x00000002   Code   RO          513    i.NMI_Handler       stm32f4xx_it.o
    0x08002870   0x00000014   Code   RO          246    i.StartDefaultTask  freertos.o
    0x08002884   0x0000002c   Code   RO         4727    i.SysTick_Handler   port.o
    0x080028b0   0x00000084   Code   RO           15    i.SystemClock_Config  main.o
    0x08002934   0x00000054   Code   RO         3375    i.SystemInit        system_stm32f4xx.o
    0x08002988   0x0000000c   Code   RO          514    i.TIM1_UP_TIM10_IRQHandler  stm32f4xx_it.o
    0x08002994   0x000000c8   Code   RO         2210    i.TIM_Base_SetConfig  stm32f4xx_hal_tim.o
    0x08002a5c   0x00000048   Code   RO         4961    i.T_imu_calcu       bsp_t_imu.o
    0x08002aa4   0x00000018   Code   RO          515    i.UART4_IRQHandler  stm32f4xx_it.o
    0x08002abc   0x00000018   Code   RO          516    i.UART5_IRQHandler  stm32f4xx_it.o
    0x08002ad4   0x00000010   Code   RO         3086    i.UART_DMAAbortOnError  stm32f4xx_hal_uart.o
    0x08002ae4   0x0000004a   Code   RO         3087    i.UART_DMAError     stm32f4xx_hal_uart.o
    0x08002b2e   0x0000003c   Code   RO         3088    i.UART_DMAReceiveCplt  stm32f4xx_hal_uart.o
    0x08002b6a   0x0000000a   Code   RO         3090    i.UART_DMARxHalfCplt  stm32f4xx_hal_uart.o
    0x08002b74   0x0000001c   Code   RO         3096    i.UART_EndRxTransfer  stm32f4xx_hal_uart.o
    0x08002b90   0x00000012   Code   RO         3097    i.UART_EndTxTransfer  stm32f4xx_hal_uart.o
    0x08002ba2   0x00000096   Code   RO         3098    i.UART_Receive_IT   stm32f4xx_hal_uart.o
    0x08002c38   0x000002ac   Code   RO         3099    i.UART_SetConfig    stm32f4xx_hal_uart.o
    0x08002ee4   0x00000062   Code   RO         3100    i.UART_Transmit_IT  stm32f4xx_hal_uart.o
    0x08002f46   0x00000002   PAD
    0x08002f48   0x00000018   Code   RO          517    i.USART1_IRQHandler  stm32f4xx_it.o
    0x08002f60   0x00000018   Code   RO          518    i.USART2_IRQHandler  stm32f4xx_it.o
    0x08002f78   0x00000018   Code   RO          519    i.USART3_IRQHandler  stm32f4xx_it.o
    0x08002f90   0x00000018   Code   RO          520    i.USART6_IRQHandler  stm32f4xx_it.o
    0x08002fa8   0x000000e8   Code   RO         4843    i.USER_UART_IDLECallback  bsp_uart.o
    0x08003090   0x00000026   Code   RO         4844    i.USER_UART_IRQHandler  bsp_uart.o
    0x080030b6   0x00000002   PAD
    0x080030b8   0x00000094   Code   RO         4845    i.USER_UART_Init    bsp_uart.o
    0x0800314c   0x00000002   Code   RO          521    i.UsageFault_Handler  stm32f4xx_it.o
    0x0800314e   0x00000030   Code   RO         5227    i.__ARM_fpclassify  m_wm.l(fpclassify.o)
    0x0800317e   0x00000020   Code   RO         1748    i.__NVIC_SetPriority  stm32f4xx_hal_cortex.o
    0x0800319e   0x00000002   PAD
    0x080031a0   0x00000c50   Code   RO         5171    i.__hardfp_pow      m_wm.l(pow.o)
    0x08003df0   0x000000f8   Code   RO         5229    i.__kernel_poly     m_wm.l(poly.o)
    0x08003ee8   0x00000030   Code   RO         5207    i.__mathlib_dbl_divzero  m_wm.l(dunder.o)
    0x08003f18   0x00000014   Code   RO         5209    i.__mathlib_dbl_infnan2  m_wm.l(dunder.o)
    0x08003f2c   0x00000004   PAD
    0x08003f30   0x00000020   Code   RO         5210    i.__mathlib_dbl_invalid  m_wm.l(dunder.o)
    0x08003f50   0x00000020   Code   RO         5211    i.__mathlib_dbl_overflow  m_wm.l(dunder.o)
    0x08003f70   0x00000020   Code   RO         5213    i.__mathlib_dbl_underflow  m_wm.l(dunder.o)
    0x08003f90   0x00000078   Code   RO         4899    i.can_device_init   bsp_can.o
    0x08004008   0x0000003a   Code   RO         4900    i.encoder_data_handler  bsp_can.o
    0x08004042   0x00000018   Code   RO         5223    i.fabs              m_wm.l(fabs.o)
    0x0800405a   0x00000002   PAD
    0x0800405c   0x0000003c   Code   RO         5068    i.getLimitStatus    bsp_limit.o
    0x08004098   0x000000b0   Code   RO         5032    i.getWT53Rdis       bsp_wt53r.o
    0x08004148   0x00000010   Code   RO         4901    i.get_moto_offset   bsp_can.o
    0x08004158   0x00000046   Code   RO           16    i.main              main.o
    0x0800419e   0x0000000c   Code   RO         4310    i.makeFreeRtosPriority  cmsis_os.o
    0x080041aa   0x0000000e   Code   RO         4312    i.osDelay           cmsis_os.o
    0x080041b8   0x0000000a   Code   RO         4315    i.osKernelStart     cmsis_os.o
    0x080041c2   0x00000054   Code   RO         4349    i.osThreadCreate    cmsis_os.o
    0x08004216   0x00000002   PAD
    0x08004218   0x00000070   Code   RO         3874    i.prvAddCurrentTaskToDelayedList  tasks.o
    0x08004288   0x000000d0   Code   RO         3875    i.prvAddNewTaskToReadyList  tasks.o
    0x08004358   0x00000058   Code   RO         4179    i.prvCheckForValidListAndQueue  timers.o
    0x080043b0   0x00000026   Code   RO         3553    i.prvCopyDataFromQueue  queue.o
    0x080043d6   0x0000006c   Code   RO         3554    i.prvCopyDataToQueue  queue.o
    0x08004442   0x00000034   Code   RO         3876    i.prvDeleteTCB      tasks.o
    0x08004476   0x00000002   PAD
    0x08004478   0x0000004c   Code   RO         4677    i.prvHeapInit       heap_4.o
    0x080044c4   0x00000060   Code   RO         3877    i.prvIdleTask       tasks.o
    0x08004524   0x00000016   Code   RO         3556    i.prvInitialiseNewQueue  queue.o
    0x0800453a   0x0000008e   Code   RO         3878    i.prvInitialiseNewTask  tasks.o
    0x080045c8   0x0000004c   Code   RO         4678    i.prvInsertBlockIntoFreeList  heap_4.o
    0x08004614   0x00000038   Code   RO         4181    i.prvInsertTimerInActiveList  timers.o
    0x0800464c   0x0000001c   Code   RO         3557    i.prvIsQueueEmpty   queue.o
    0x08004668   0x000000bc   Code   RO         4182    i.prvProcessReceivedCommands  timers.o
    0x08004724   0x000000b4   Code   RO         4183    i.prvProcessTimerOrBlockTask  timers.o
    0x080047d8   0x00000020   Code   RO         3879    i.prvResetNextTaskUnblockTime  tasks.o
    0x080047f8   0x00000028   Code   RO         4184    i.prvSampleTimeNow  timers.o
    0x08004820   0x0000006c   Code   RO         4185    i.prvSwitchTimerLists  timers.o
    0x0800488c   0x00000028   Code   RO         4728    i.prvTaskExitError  port.o
    0x080048b4   0x00000024   Code   RO         4186    i.prvTimerTask      timers.o
    0x080048d8   0x0000006a   Code   RO         3558    i.prvUnlockQueue    queue.o
    0x08004942   0x00000002   PAD
    0x08004944   0x000000d8   Code   RO         4679    i.pvPortMalloc      heap_4.o
    0x08004a1c   0x0000002c   Code   RO         4729    i.pxPortInitialiseStack  port.o
    0x08004a48   0x000000be   Code   RO         4806    i.rc_callback_handler  remote_msg.o
    0x08004b06   0x0000006e   Code   RO         5234    i.sqrt              m_wm.l(sqrt.o)
    0x08004b74   0x00000026   Code   RO         3513    i.uxListRemove      list.o
    0x08004b9a   0x00000002   PAD
    0x08004b9c   0x00000014   Code   RO          247    i.vApplicationGetIdleTaskMemory  freertos.o
    0x08004bb0   0x00000018   Code   RO          248    i.vApplicationGetTimerTaskMemory  freertos.o
    0x08004bc8   0x00000016   Code   RO         3514    i.vListInitialise   list.o
    0x08004bde   0x00000006   Code   RO         3515    i.vListInitialiseItem  list.o
    0x08004be4   0x00000030   Code   RO         3516    i.vListInsert       list.o
    0x08004c14   0x00000018   Code   RO         3517    i.vListInsertEnd    list.o
    0x08004c2c   0x00000040   Code   RO         4731    i.vPortEnterCritical  port.o
    0x08004c6c   0x00000028   Code   RO         4732    i.vPortExitCritical  port.o
    0x08004c94   0x0000005c   Code   RO         4680    i.vPortFree         heap_4.o
    0x08004cf0   0x00000024   Code   RO         4733    i.vPortSetupTimerInterrupt  port.o
    0x08004d14   0x00000054   Code   RO         4734    i.vPortValidateInterruptPriority  port.o
    0x08004d68   0x00000028   Code   RO         3562    i.vQueueAddToRegistry  queue.o
    0x08004d90   0x00000044   Code   RO         3565    i.vQueueWaitForMessageRestricted  queue.o
    0x08004dd4   0x0000004c   Code   RO         3887    i.vTaskDelay        tasks.o
    0x08004e20   0x00000010   Code   RO         3891    i.vTaskInternalSetTimeOutState  tasks.o
    0x08004e30   0x0000000c   Code   RO         3892    i.vTaskMissedYield  tasks.o
    0x08004e3c   0x00000030   Code   RO         3894    i.vTaskPlaceOnEventList  tasks.o
    0x08004e6c   0x00000038   Code   RO         3895    i.vTaskPlaceOnEventListRestricted  tasks.o
    0x08004ea4   0x00000088   Code   RO         3902    i.vTaskStartScheduler  tasks.o
    0x08004f2c   0x00000010   Code   RO         3904    i.vTaskSuspendAll   tasks.o
    0x08004f3c   0x0000005c   Code   RO         3905    i.vTaskSwitchContext  tasks.o
    0x08004f98   0x00000030   Code   RO         4996    i.vTfBackGetData    bsp_tfminiplus.o
    0x08004fc8   0x00000028   Code   RO         4997    i.vTfFrontGetData   bsp_tfminiplus.o
    0x08004ff0   0x000000f4   Code   RO         4735    i.xPortStartScheduler  port.o
    0x080050e4   0x00000066   Code   RO         3569    i.xQueueGenericCreateStatic  queue.o
    0x0800514a   0x00000002   PAD
    0x0800514c   0x00000088   Code   RO         3570    i.xQueueGenericReset  queue.o
    0x080051d4   0x00000160   Code   RO         3571    i.xQueueGenericSend  queue.o
    0x08005334   0x000000bc   Code   RO         3572    i.xQueueGenericSendFromISR  queue.o
    0x080053f0   0x00000138   Code   RO         3578    i.xQueueReceive     queue.o
    0x08005528   0x00000074   Code   RO         3906    i.xTaskCheckForTimeOut  tasks.o
    0x0800559c   0x0000005a   Code   RO         3907    i.xTaskCreate       tasks.o
    0x080055f6   0x00000056   Code   RO         3908    i.xTaskCreateStatic  tasks.o
    0x0800564c   0x0000001c   Code   RO         3912    i.xTaskGetSchedulerState  tasks.o
    0x08005668   0x0000000c   Code   RO         3913    i.xTaskGetTickCount  tasks.o
    0x08005674   0x000000c8   Code   RO         3915    i.xTaskIncrementTick  tasks.o
    0x0800573c   0x00000098   Code   RO         3918    i.xTaskPriorityDisinherit  tasks.o
    0x080057d4   0x00000074   Code   RO         3920    i.xTaskRemoveFromEventList  tasks.o
    0x08005848   0x000000c4   Code   RO         3921    i.xTaskResumeAll    tasks.o
    0x0800590c   0x00000060   Code   RO         4191    i.xTimerCreateTimerTask  timers.o
    0x0800596c   0x00000060   Code   RO         4192    i.xTimerGenericCommand  timers.o
    0x080059cc   0x00000018   Code   RO         5192    x$fpl$basic         fz_wm.l(basic.o)
    0x080059e4   0x00000150   Code   RO         5153    x$fpl$dadd          fz_wm.l(daddsub_clz.o)
    0x08005b34   0x00000010   Code   RO         5266    x$fpl$dcheck1       fz_wm.l(dcheck1.o)
    0x08005b44   0x00000018   Code   RO         5289    x$fpl$dcmpinf       fz_wm.l(dcmpi.o)
    0x08005b5c   0x000002b0   Code   RO         5195    x$fpl$ddiv          fz_wm.l(ddiv.o)
    0x08005e0c   0x0000005a   Code   RO         5159    x$fpl$dfixu         fz_wm.l(dfixu.o)
    0x08005e66   0x0000002e   Code   RO         5164    x$fpl$dflt          fz_wm.l(dflt_clz.o)
    0x08005e94   0x00000026   Code   RO         5163    x$fpl$dfltu         fz_wm.l(dflt_clz.o)
    0x08005eba   0x00000002   PAD
    0x08005ebc   0x00000078   Code   RO         5268    x$fpl$dleqf         fz_wm.l(dleqf.o)
    0x08005f34   0x00000154   Code   RO         5169    x$fpl$dmul          fz_wm.l(dmul.o)
    0x08006088   0x0000009c   Code   RO         5198    x$fpl$dnaninf       fz_wm.l(dnaninf.o)
    0x08006124   0x0000000c   Code   RO         5200    x$fpl$dretinf       fz_wm.l(dretinf.o)
    0x08006130   0x0000006c   Code   RO         5202    x$fpl$drleqf        fz_wm.l(drleqf.o)
    0x0800619c   0x00000016   Code   RO         5154    x$fpl$drsb          fz_wm.l(daddsub_clz.o)
    0x080061b2   0x00000002   PAD
    0x080061b4   0x00000198   Code   RO         5270    x$fpl$dsqrt         fz_wm.l(dsqrt_umaal.o)
    0x0800634c   0x000001d4   Code   RO         5155    x$fpl$dsub          fz_wm.l(daddsub_clz.o)
    0x08006520   0x0000000a   Code   RO         5363    x$fpl$fpinit        fz_wm.l(fpinit.o)
    0x0800652a   0x00000064   Code   RO         5291    x$fpl$retnan        fz_wm.l(retnan.o)
    0x0800658e   0x0000005c   Code   RO         5204    x$fpl$scalbn        fz_wm.l(scalbn.o)
    0x080065ea   0x00000030   Code   RO         5346    x$fpl$trapveneer    fz_wm.l(trapv.o)
    0x0800661a   0x00000000   Code   RO         5206    x$fpl$usenofp       fz_wm.l(usenofp.o)
    0x0800661a   0x00000002   PAD
    0x0800661c   0x0000001c   Data   RO          250    .constdata          freertos.o
    0x08006638   0x00000008   Data   RO         1465    .constdata          stm32f4xx_hal_dma.o
    0x08006640   0x00000010   Data   RO         3376    .constdata          system_stm32f4xx.o
    0x08006650   0x00000008   Data   RO         3377    .constdata          system_stm32f4xx.o
    0x08006658   0x00000004   Data   RO         5033    .constdata          bsp_wt53r.o
    0x0800665c   0x00000004   PAD
    0x08006660   0x00000088   Data   RO         5174    .constdata          m_wm.l(pow.o)
    0x080066e8   0x00000008   Data   RO         5231    .constdata          m_wm.l(qnan.o)
    0x080066f0   0x0000000c   Data   RO          251    .conststring        freertos.o
    0x080066fc   0x00000020   Data   RO         5419    Region$$Table       anon$$obj.o


    Execution Region RW_IRAM2 (Base: 0x10000000, Size: 0x00000000, Max: 0x00010000, ABSOLUTE)

    **** No section assigned to this execution region ****


    Execution Region RW_IRAM1 (Base: 0x20000000, Size: 0x000064c0, Max: 0x00020000, ABSOLUTE)

    Base Addr    Size         Type   Attr      Idx    E Section Name        Object

    0x20000000   0x00000004   Data   RW          252    .data               freertos.o
    0x20000004   0x00000004   Data   RW          310    .data               can.o
    0x20000008   0x0000000c   Data   RW         1892    .data               stm32f4xx_hal.o
    0x20000014   0x00000004   Data   RW         3378    .data               system_stm32f4xx.o
    0x20000018   0x0000003c   Data   RW         3924    .data               tasks.o
    0x20000054   0x00000014   Data   RW         4198    .data               timers.o
    0x20000068   0x00000018   Data   RW         4685    .data               heap_4.o
    0x20000080   0x0000000c   Data   RW         4736    .data               port.o
    0x2000008c   0x00000028   Data   RW         4903    .data               bsp_can.o
    0x200000b4   0x00000010   Data   RW         4963    .data               bsp_t_imu.o
    0x200000c4   0x00000004   Data   RW         4998    .data               bsp_tfminiplus.o
    0x200000c8   0x00000004   Data   RW         5034    .data               bsp_wt53r.o
    0x200000cc   0x00000004   Data   RW         5069    .data               bsp_limit.o
    0x200000d0   0x000006a8   Zero   RW          249    .bss                freertos.o
    0x20000778   0x00000050   Zero   RW          309    .bss                can.o
    0x200007c8   0x00000040   Zero   RW          381    .bss                tim.o
    0x20000808   0x00000600   Zero   RW          428    .bss                usart.o
    0x20000e08   0x00000040   Zero   RW          721    .bss                stm32f4xx_hal_timebase_tim.o
    0x20000e48   0x00000040   Zero   RW         3581    .bss                queue.o
    0x20000e88   0x000000f0   Zero   RW         3923    .bss                tasks.o
    0x20000f78   0x000000e8   Zero   RW         4197    .bss                timers.o
    0x20001060   0x00003c00   Zero   RW         4684    .bss                heap_4.o
    0x20004c60   0x00000016   Zero   RW         4807    .bss                remote_msg.o
    0x20004c76   0x000000da   Zero   RW         4846    .bss                bsp_uart.o
    0x20004d50   0x000000f8   Zero   RW         4902    .bss                bsp_can.o
    0x20004e48   0x00000014   Zero   RW         4962    .bss                bsp_t_imu.o
    0x20004e5c   0x00000060   Zero   RW         5273    .bss                c_w.l(libspace.o)
    0x20004ebc   0x00000004   PAD
    0x20004ec0   0x00001000   Zero   RW            2    HEAP                startup_stm32f407xx.o
    0x20005ec0   0x00000600   Zero   RW            1    STACK               startup_stm32f407xx.o


==============================================================================

Image component sizes


      Code (inc. data)   RO Data    RW Data    ZI Data      Debug   Object Name

       418         34          0         40        248       4099   bsp_can.o
        60         10          0          4          0       1019   bsp_limit.o
        72         10          0         16         20       1847   bsp_t_imu.o
        88         12          0          4          0       1696   bsp_tfminiplus.o
       418         56          0          0        218       2730   bsp_uart.o
       176         18          4          4          0       1495   bsp_wt53r.o
       436         40          0          4         80       2394   can.o
       120          0          0          0          0      22317   cmsis_os.o
       236          4          0          0          0        854   dma.o
         0          0          0          0          0      18092   event_groups.o
       104         26         40          4       1704       3071   freertos.o
       124          8          0          0          0        923   gpio.o
       460         24          0         24      15360       4711   heap_4.o
       138          0          0          0          0       3486   list.o
       224         14          0          0          0     732372   main.o
       786         82          0         12          0      11797   port.o
      1500         20          0          0         64      14508   queue.o
       190          0          0          0         22       2251   remote_msg.o
        64         26        392          0       5632        832   startup_stm32f407xx.o
       116         18          0         12          0       3810   stm32f4xx_hal.o
      1438          6          0          0          0      12896   stm32f4xx_hal_can.o
       158         14          0          0          0      33110   stm32f4xx_hal_cortex.o
      1090         16          8          0          0       7242   stm32f4xx_hal_dma.o
       442         44          0          0          0       2383   stm32f4xx_hal_gpio.o
        56          4          0          0          0        814   stm32f4xx_hal_msp.o
      1304         88          0          0          0       5665   stm32f4xx_hal_rcc.o
       654         44          0          0          0       6593   stm32f4xx_hal_tim.o
         4          0          0          0          0       1561   stm32f4xx_hal_tim_ex.o
       116         16          0          0         64       1360   stm32f4xx_hal_timebase_tim.o
      1756         28          0          0          0      11795   stm32f4xx_hal_uart.o
       372        144          0          0          0      13802   stm32f4xx_it.o
         0          0          0          0          0        416   stream_buffer.o
        84         18         24          4          0       1123   system_stm32f4xx.o
      2090        158          0         60        240      23488   tasks.o
        96         18          0          0         64       1476   tim.o
       888         78          0         20        232      26355   timers.o
      1600        140          0          0       1536       6167   usart.o

    ----------------------------------------------------------------------
     17910       1218        504        208      25484     990550   Object Totals
         0          0         32          0          0          0   (incl. Generated)
        32          0          4          0          0          0   (incl. Padding)

    ----------------------------------------------------------------------

      Code (inc. data)   RO Data    RW Data    ZI Data      Debug   Library Member Name

         8          0          0          0          0         68   __main.o
         0          0          0          0          0          0   __rtentry.o
        12          0          0          0          0          0   __rtentry2.o
         6          0          0          0          0          0   __rtentry4.o
        52          8          0          0          0          0   __scatter.o
        26          0          0          0          0          0   __scatter_copy.o
        28          0          0          0          0          0   __scatter_zi.o
        22          0          0          0          0        100   _rserrno.o
        18          0          0          0          0         80   exit.o
         6          0          0          0          0        152   heapauxi.o
         0          0          0          0          0          0   indicate_semi.o
         2          0          0          0          0          0   libinit.o
         6          0          0          0          0          0   libinit2.o
         2          0          0          0          0          0   libshutdown.o
         2          0          0          0          0          0   libshutdown2.o
         8          4          0          0         96         68   libspace.o
       238          0          0          0          0        100   lludivv7m.o
         8          4          0          0          0         68   rt_errno_addr_intlibspace.o
        68          0          0          0          0         68   rt_memclr.o
        78          0          0          0          0         80   rt_memclr_w.o
       138          0          0          0          0         68   rt_memcpy_v6.o
       100          0          0          0          0         80   rt_memcpy_w.o
         2          0          0          0          0          0   rtexit.o
        10          0          0          0          0          0   rtexit2.o
        12          4          0          0          0         68   sys_exit.o
        74          0          0          0          0         80   sys_stackheap_outer.o
         2          0          0          0          0         68   use_no_semi.o
        24          0          0          0          0        164   basic.o
       826         16          0          0          0        492   daddsub_clz.o
        16          4          0          0          0        116   dcheck1.o
        24          0          0          0          0        116   dcmpi.o
       688        140          0          0          0        256   ddiv.o
        90          4          0          0          0        140   dfixu.o
        84          0          0          0          0        232   dflt_clz.o
       120          4          0          0          0        140   dleqf.o
       340         12          0          0          0        152   dmul.o
       156          4          0          0          0        140   dnaninf.o
        12          0          0          0          0        116   dretinf.o
       108          0          0          0          0        128   drleqf.o
       408         56          0          0          0        168   dsqrt_umaal.o
        10          0          0          0          0        116   fpinit.o
       100          0          0          0          0        116   retnan.o
        92          0          0          0          0        116   scalbn.o
        48          0          0          0          0        116   trapv.o
         0          0          0          0          0          0   usenofp.o
       164         44          0          0          0        620   dunder.o
        24          0          0          0          0        124   fabs.o
        48          0          0          0          0        124   fpclassify.o
       248          0          0          0          0        152   poly.o
      3152        296        136          0          0        352   pow.o
         0          0          8          0          0          0   qnan.o
       110          0          0          0          0        148   sqrt.o

    ----------------------------------------------------------------------
      7838        600        144          0        100       5492   Library Totals
        18          0          0          0          4          0   (incl. Padding)

    ----------------------------------------------------------------------

      Code (inc. data)   RO Data    RW Data    ZI Data      Debug   Library Name

       928         20          0          0         96       1148   c_w.l
      3146        240          0          0          0       2824   fz_wm.l
      3746        340        144          0          0       1520   m_wm.l

    ----------------------------------------------------------------------
      7838        600        144          0        100       5492   Library Totals

    ----------------------------------------------------------------------

==============================================================================


      Code (inc. data)   RO Data    RW Data    ZI Data      Debug   

     25748       1818        648        208      25584     973222   Grand Totals
     25748       1818        648        208      25584     973222   ELF Image Totals
     25748       1818        648        208          0          0   ROM Totals

==============================================================================

    Total RO  Size (Code + RO Data)                26396 (  25.78kB)
    Total RW  Size (RW Data + ZI Data)             25792 (  25.19kB)
    Total ROM Size (Code + RO Data + RW Data)      26604 (  25.98kB)

==============================================================================

